12-09 06:02:22.822   832   832 I commit_sys_config_file: [package-session,23]
12-09 06:02:22.920   832  2226 I commit_sys_config_file: [settings-0-0,30]
12-09 06:02:22.942   832  2226 I commit_sys_config_file: [settings-1-0,22]
12-09 06:02:23.052   832   832 I sysui_multi_action: [757,1243,758,4,806,com.android.dynsystem,1241,android.permission.POST_NOTIFICATIONS]
12-09 06:02:23.052   832   832 I sysui_multi_action: [757,1243,758,4,806,com.android.server.telecom,1241,android.permission.READ_CALL_LOG]
12-09 06:02:23.054   832   832 I sysui_multi_action: [757,1243,758,4,806,com.mediatek.location.lppe.main,1241,android.permission.ACCESS_FINE_LOCATION]
12-09 06:02:23.054   832   832 I sysui_multi_action: [757,1243,758,4,806,com.mediatek.omacp,1241,android.permission.RECEIVE_WAP_PUSH]
12-09 06:02:23.055   832   832 I sysui_multi_action: [757,1243,758,4,806,com.mediatek.location.lppe.main,1241,android.permission.BLUETOOTH_CONNECT]
12-09 06:02:23.058   832   832 I sysui_multi_action: [757,1243,758,4,806,com.android.server.telecom,1241,android.permission.READ_EXTERNAL_STORAGE]
12-09 06:02:23.058   832   832 I sysui_multi_action: [757,1243,758,4,806,com.mediatek.location.lppe.main,1241,android.permission.ACCESS_COARSE_LOCATION]
12-09 06:02:23.059   832   832 I sysui_multi_action: [757,1243,758,4,806,com.mediatek.simprocessor,1241,android.permission.READ_PHONE_STATE]
12-09 06:02:23.060   832   832 I sysui_multi_action: [757,1243,758,4,806,com.android.server.telecom,1241,android.permission.SEND_SMS]
12-09 06:02:23.060   832   832 I sysui_multi_action: [757,1243,758,4,806,starmini.com,1241,android.permission.CALL_PHONE]
12-09 06:02:23.061   832   832 I sysui_multi_action: [757,1243,758,4,806,starmini.com,1241,android.permission.READ_MEDIA_IMAGES]
12-09 06:02:23.061   832   832 I sysui_multi_action: [757,1243,758,4,806,com.mediatek.simprocessor,1241,android.permission.WRITE_CONTACTS]
12-09 06:02:23.062   832   832 I sysui_multi_action: [757,1243,758,4,806,starmini.com,1241,android.permission.CAMERA]
12-09 06:02:23.062   832   832 I sysui_multi_action: [757,1243,758,4,806,com.android.server.telecom,1241,android.permission.WRITE_CALL_LOG]
12-09 06:02:23.063   832   832 I sysui_multi_action: [757,1243,758,4,806,starmini.com,1241,android.permission.READ_MEDIA_AUDIO]
12-09 06:02:23.064   832   832 I sysui_multi_action: [757,1243,758,4,806,starmini.com,1241,android.permission.READ_MEDIA_VIDEO]
12-09 06:02:23.064   832   832 I sysui_multi_action: [757,1243,758,4,806,android,1241,android.permission.GET_ACCOUNTS]
12-09 06:02:23.065   832   832 I sysui_multi_action: [757,1243,758,4,806,starmini.com,1241,android.permission.WRITE_EXTERNAL_STORAGE]
12-09 06:02:23.066   832   832 I sysui_multi_action: [757,1243,758,4,806,starmini.com,1241,android.permission.RECORD_AUDIO]
12-09 06:02:23.067   832   832 I sysui_multi_action: [757,1243,758,4,806,com.mediatek.simprocessor,1241,android.permission.READ_CONTACTS]
12-09 06:02:23.067   832   832 I sysui_multi_action: [757,1243,758,4,806,com.android.location.fused,1241,android.permission.ACCESS_BACKGROUND_LOCATION]
12-09 06:02:23.068   832   832 I sysui_multi_action: [757,1243,758,4,806,com.mediatek.location.lppe.main,1241,android.permission.BLUETOOTH_SCAN]
12-09 06:02:23.069   832   832 I sysui_multi_action: [757,1243,758,4,806,com.android.mms.service,1241,android.permission.READ_SMS]
12-09 06:02:23.069   832   832 I sysui_multi_action: [757,1243,758,4,806,com.android.phone,1241,android.permission.POST_NOTIFICATIONS]
12-09 06:02:23.070   832   832 I sysui_multi_action: [757,1243,758,4,806,com.android.phone,1241,android.permission.READ_CALL_LOG]
12-09 06:02:23.071   832   832 I sysui_multi_action: [757,1243,758,4,806,com.mediatek.autodialer,1241,android.permission.ACCESS_FINE_LOCATION]
12-09 06:02:23.071   832   832 I sysui_multi_action: [757,1243,758,4,806,com.android.providers.telephony,1241,android.permission.RECEIVE_SMS]
12-09 06:02:23.072   832   832 I sysui_multi_action: [757,1243,758,4,806,com.android.phone,1241,android.permission.BLUETOOTH_CONNECT]
12-09 06:02:23.073   832   832 I sysui_multi_action: [757,1243,758,4,806,com.android.providers.telephony,1241,android.permission.READ_EXTERNAL_STORAGE]
12-09 06:02:23.074   832   832 I sysui_multi_action: [757,1243,758,4,806,com.mediatek.autodialer,1241,android.permission.ACCESS_COARSE_LOCATION]
12-09 06:02:23.075   832   832 I sysui_multi_action: [757,1243,758,4,806,com.mediatek.autodialer,1241,android.permission.READ_PHONE_STATE]
12-09 06:02:23.076   832   832 I sysui_multi_action: [757,1243,758,4,806,com.android.phone,1241,android.permission.SEND_SMS]
12-09 06:02:23.076   832   832 I sysui_multi_action: [757,1243,758,4,806,com.android.phone,1241,android.permission.CALL_PHONE]
12-09 06:02:23.077   832   832 I sysui_multi_action: [757,1243,758,4,806,com.android.phone,1241,android.permission.WRITE_CONTACTS]
12-09 06:02:23.078   832   832 I sysui_multi_action: [757,1243,758,4,806,com.android.phone,1241,android.permission.WRITE_CALL_LOG]
12-09 06:02:23.079   832   832 I sysui_multi_action: [757,1243,758,4,806,com.android.phone,1241,android.permission.USE_SIP]
12-09 06:02:23.079   832   832 I sysui_multi_action: [757,1243,758,4,806,com.android.phone,1241,android.permission.GET_ACCOUNTS]
12-09 06:02:23.080   832   832 I sysui_multi_action: [757,1243,758,4,806,com.android.providers.telephony,1241,android.permission.WRITE_EXTERNAL_STORAGE]
12-09 06:02:23.081   832   832 I sysui_multi_action: [757,1243,758,4,806,com.android.phone,1241,android.permission.RECORD_AUDIO]
12-09 06:02:23.081   832   832 I sysui_multi_action: [757,1243,758,4,806,com.android.providers.telephony,1241,android.permission.READ_CONTACTS]
12-09 06:02:23.082   832   832 I sysui_multi_action: [757,1243,758,4,806,com.android.phone,1241,android.permission.BLUETOOTH_SCAN]
12-09 06:02:23.082   832   832 I sysui_multi_action: [757,1243,758,4,806,com.android.phone,1241,com.android.voicemail.permission.ADD_VOICEMAIL]
12-09 06:02:23.083   832   832 I sysui_multi_action: [757,1243,758,4,806,com.android.bluetooth,1241,android.permission.READ_SMS]
12-09 06:02:23.084   832   832 I sysui_multi_action: [757,1243,758,4,806,com.android.bluetooth,1241,android.permission.POST_NOTIFICATIONS]
12-09 06:02:23.084   832   832 I sysui_multi_action: [757,1243,758,4,806,com.android.bluetooth,1241,android.permission.READ_CALL_LOG]
12-09 06:02:23.085   832   832 I sysui_multi_action: [757,1243,758,4,806,com.android.bluetooth,1241,android.permission.ACCESS_FINE_LOCATION]
12-09 06:02:23.086   832   832 I sysui_multi_action: [757,1243,758,4,806,com.android.bluetooth,1241,android.permission.RECEIVE_SMS]
12-09 06:02:23.086   832   832 I sysui_multi_action: [757,1243,758,4,806,com.android.bluetooth,1241,android.permission.BLUETOOTH_CONNECT]
12-09 06:02:23.087   832   832 I sysui_multi_action: [757,1243,758,4,806,com.android.bluetooth,1241,android.permission.READ_EXTERNAL_STORAGE]
12-09 06:02:23.088   832   832 I sysui_multi_action: [757,1243,758,4,806,com.android.bluetooth,1241,android.permission.ACCESS_COARSE_LOCATION]
12-09 06:02:23.088   832   832 I sysui_multi_action: [757,1243,758,4,806,com.android.bluetooth,1241,android.permission.SEND_SMS]
12-09 06:02:23.089   832   832 I sysui_multi_action: [757,1243,758,4,806,com.android.bluetooth,1241,android.permission.WRITE_CONTACTS]
12-09 06:02:23.090   832   832 I sysui_multi_action: [757,1243,758,4,806,com.android.bluetooth,1241,android.permission.WRITE_CALL_LOG]
12-09 06:02:23.091   832   832 I sysui_multi_action: [757,1243,758,4,806,com.android.bluetooth,1241,android.permission.BLUETOOTH_ADVERTISE]
12-09 06:02:23.092   832   832 I sysui_multi_action: [757,1243,758,4,806,com.android.bluetooth,1241,android.permission.GET_ACCOUNTS]
12-09 06:02:23.093   832   832 I sysui_multi_action: [757,1243,758,4,806,com.android.bluetooth,1241,android.permission.WRITE_EXTERNAL_STORAGE]
12-09 06:02:23.094   832   832 I sysui_multi_action: [757,1243,758,4,806,com.android.bluetooth,1241,android.permission.READ_CONTACTS]
12-09 06:02:23.094   832   832 I sysui_multi_action: [757,1243,758,4,806,com.android.bluetooth,1241,android.permission.BLUETOOTH_SCAN]
12-09 06:02:23.095   832   832 I sysui_multi_action: [757,1243,758,4,806,com.android.nfc,1241,android.permission.POST_NOTIFICATIONS]
12-09 06:02:23.095   832   832 I sysui_multi_action: [757,1243,758,4,806,com.android.nfc,1241,android.permission.BLUETOOTH_CONNECT]
12-09 06:02:23.096   832   832 I sysui_multi_action: [757,1243,758,4,806,com.android.nfc,1241,android.permission.READ_EXTERNAL_STORAGE]
12-09 06:02:23.097   832   832 I sysui_multi_action: [757,1243,758,4,806,com.android.nfc,1241,android.permission.WRITE_EXTERNAL_STORAGE]
12-09 06:02:23.097   832   832 I sysui_multi_action: [757,1243,758,4,806,com.android.nfc,1241,android.permission.READ_CONTACTS]
12-09 06:02:23.098   832   832 I sysui_multi_action: [757,1243,758,4,806,com.android.nfc,1241,android.permission.BLUETOOTH_SCAN]
12-09 06:02:23.098   832   832 I sysui_multi_action: [757,1243,758,4,806,com.android.networkstack.tethering,1241,android.permission.POST_NOTIFICATIONS]
12-09 06:02:23.099   832   832 I sysui_multi_action: [757,1243,758,4,806,com.android.networkstack,1241,android.permission.ACCESS_FINE_LOCATION]
12-09 06:02:23.100   832   832 I sysui_multi_action: [757,1243,758,4,806,com.android.networkstack.tethering,1241,android.permission.BLUETOOTH_CONNECT]
12-09 06:02:23.100   832   832 I sysui_multi_action: [757,1243,758,4,806,com.android.networkstack,1241,android.permission.ACCESS_COARSE_LOCATION]
12-09 06:02:23.101   832   832 I sysui_multi_action: [757,1243,758,4,806,com.android.networkstack.tethering,1241,android.permission.READ_PHONE_STATE]
12-09 06:02:23.102   832   832 I sysui_multi_action: [757,1243,758,4,806,com.android.shell,1241,android.permission.READ_SMS]
12-09 06:02:23.103   832   832 I sysui_multi_action: [757,1243,758,4,806,com.android.shell,1241,android.permission.READ_CALENDAR]
12-09 06:02:23.104   832   832 I sysui_multi_action: [757,1243,758,4,806,com.android.shell,1241,android.permission.POST_NOTIFICATIONS]
12-09 06:02:23.105   832   832 I sysui_multi_action: [757,1243,758,4,806,com.android.shell,1241,android.permission.READ_CALL_LOG]
12-09 06:02:23.105   832   832 I sysui_multi_action: [757,1243,758,4,806,com.android.shell,1241,android.permission.ACCESS_FINE_LOCATION]
12-09 06:02:23.106   832   832 I sysui_multi_action: [757,1243,758,4,806,com.android.shell,1241,android.permission.ANSWER_PHONE_CALLS]
12-09 06:02:23.106   832   832 I sysui_multi_action: [757,1243,758,4,806,com.android.shell,1241,android.permission.RECEIVE_WAP_PUSH]
12-09 06:02:23.107   832   832 I sysui_multi_action: [757,1243,758,4,806,com.android.shell,1241,android.permission.BODY_SENSORS]
12-09 06:02:23.108   832   832 I sysui_multi_action: [757,1243,758,4,806,com.android.shell,1241,android.permission.READ_PHONE_NUMBERS]
12-09 06:02:23.108   832   832 I sysui_multi_action: [757,1243,758,4,806,com.android.shell,1241,android.permission.NEARBY_WIFI_DEVICES]
12-09 06:02:23.109   832   832 I sysui_multi_action: [757,1243,758,4,806,com.android.shell,1241,android.permission.RECEIVE_MMS]
12-09 06:02:23.110   832   832 I sysui_multi_action: [757,1243,758,4,806,com.android.shell,1241,android.permission.RECEIVE_SMS]
12-09 06:02:23.111   832   832 I sysui_multi_action: [757,1243,758,4,806,com.android.shell,1241,android.permission.BLUETOOTH_CONNECT]
12-09 06:02:23.112   832   832 I sysui_multi_action: [757,1243,758,4,806,com.android.shell,1241,android.permission.READ_EXTERNAL_STORAGE]
12-09 06:02:23.112   832   832 I sysui_multi_action: [757,1243,758,4,806,com.android.shell,1241,android.permission.ACCESS_COARSE_LOCATION]
12-09 06:02:23.113   832   832 I sysui_multi_action: [757,1243,758,4,806,com.android.shell,1241,android.permission.READ_PHONE_STATE]
12-09 06:02:23.114   832   832 I sysui_multi_action: [757,1243,758,4,806,com.android.shell,1241,android.permission.SEND_SMS]
12-09 06:02:23.114   832   832 I sysui_multi_action: [757,1243,758,4,806,com.android.shell,1241,android.permission.CALL_PHONE]
12-09 06:02:23.115   832   832 I sysui_multi_action: [757,1243,758,4,806,com.android.shell,1241,android.permission.WRITE_CONTACTS]
12-09 06:02:23.116   832   832 I sysui_multi_action: [757,1243,758,4,806,com.android.shell,1241,android.permission.ACCEPT_HANDOVER]
12-09 06:02:23.116   832   832 I sysui_multi_action: [757,1243,758,4,806,com.android.shell,1241,android.permission.CAMERA]
12-09 06:02:23.117   832   832 I sysui_multi_action: [757,1243,758,4,806,com.android.shell,1241,android.permission.WRITE_CALENDAR]
12-09 06:02:23.117   832   832 I sysui_multi_action: [757,1243,758,4,806,com.android.shell,1241,android.permission.WRITE_CALL_LOG]
12-09 06:02:23.118   832   832 I sysui_multi_action: [757,1243,758,4,806,com.android.shell,1241,android.permission.USE_SIP]
12-09 06:02:23.118   832   832 I sysui_multi_action: [757,1243,758,4,806,com.android.shell,1241,android.permission.PROCESS_OUTGOING_CALLS]
12-09 06:02:23.119   832   832 I sysui_multi_action: [757,1243,758,4,806,com.android.shell,1241,android.permission.READ_CELL_BROADCASTS]
12-09 06:02:23.120   832   832 I sysui_multi_action: [757,1243,758,4,806,com.android.shell,1241,android.permission.BLUETOOTH_ADVERTISE]
12-09 06:02:23.120   832   832 I sysui_multi_action: [757,1243,758,4,806,com.android.shell,1241,android.permission.GET_ACCOUNTS]
12-09 06:02:23.121   832   832 I sysui_multi_action: [757,1243,758,4,806,com.android.shell,1241,android.permission.WRITE_EXTERNAL_STORAGE]
12-09 06:02:23.122   832   832 I sysui_multi_action: [757,1243,758,4,806,com.android.shell,1241,android.permission.UWB_RANGING]
12-09 06:02:23.123   832   832 I sysui_multi_action: [757,1243,758,4,806,com.android.shell,1241,android.permission.ACTIVITY_RECOGNITION]
12-09 06:02:23.123   832   832 I sysui_multi_action: [757,1243,758,4,806,com.android.shell,1241,android.permission.RECORD_AUDIO]
12-09 06:02:23.124   832   832 I sysui_multi_action: [757,1243,758,4,806,com.android.shell,1241,android.permission.READ_CONTACTS]
12-09 06:02:23.125   832   832 I sysui_multi_action: [757,1243,758,4,806,com.android.shell,1241,android.permission.ACCESS_BACKGROUND_LOCATION]
12-09 06:02:23.126   832   832 I sysui_multi_action: [757,1243,758,4,806,com.android.shell,1241,android.permission.BLUETOOTH_SCAN]
12-09 06:02:23.127   832   832 I sysui_multi_action: [757,1243,758,4,806,com.android.shell,1241,android.permission.ACCESS_MEDIA_LOCATION]
12-09 06:02:23.128   832   832 I sysui_multi_action: [757,1243,758,4,806,com.android.shell,1241,com.android.voicemail.permission.ADD_VOICEMAIL]
12-09 06:02:23.128   832   832 I sysui_multi_action: [757,1243,758,4,806,com.android.managedprovisioning,1241,android.permission.POST_NOTIFICATIONS]
12-09 06:02:23.129   832   832 I sysui_multi_action: [757,1243,758,4,806,com.android.providers.downloads,1241,android.permission.POST_NOTIFICATIONS]
12-09 06:02:23.130   832   832 I sysui_multi_action: [757,1243,758,4,806,com.android.providers.downloads,1241,android.permission.READ_EXTERNAL_STORAGE]
12-09 06:02:23.131   832   832 I sysui_multi_action: [757,1243,758,4,806,com.android.providers.downloads,1241,android.permission.WRITE_EXTERNAL_STORAGE]
12-09 06:02:23.132   832   832 I sysui_multi_action: [757,1243,758,4,806,com.android.calllogbackup,1241,android.permission.READ_PHONE_STATE]
12-09 06:02:23.133   832   832 I sysui_multi_action: [757,1243,758,4,806,com.android.providers.contacts,1241,android.permission.WRITE_CONTACTS]
12-09 06:02:23.133   832   832 I sysui_multi_action: [757,1243,758,4,806,com.android.providers.contacts,1241,android.permission.GET_ACCOUNTS]
12-09 06:02:23.134   832   832 I sysui_multi_action: [757,1243,758,4,806,com.android.providers.contacts,1241,android.permission.READ_CONTACTS]
12-09 06:02:23.135   832   832 I sysui_multi_action: [757,1243,758,4,806,com.android.externalstorage,1241,android.permission.READ_EXTERNAL_STORAGE]
12-09 06:02:23.135   832   832 I sysui_multi_action: [757,1243,758,4,806,com.android.externalstorage,1241,android.permission.WRITE_EXTERNAL_STORAGE]
12-09 06:02:23.136   832   832 I sysui_multi_action: [757,1243,758,4,806,com.mediatek.ygps,1241,android.permission.POST_NOTIFICATIONS]
12-09 06:02:23.137   832   832 I sysui_multi_action: [757,1243,758,4,806,com.android.providers.calendar,1241,android.permission.READ_CALENDAR]
12-09 06:02:23.137   832   832 I sysui_multi_action: [757,1243,758,4,806,com.android.providers.calendar,1241,android.permission.READ_EXTERNAL_STORAGE]
12-09 06:02:23.138   832   832 I sysui_multi_action: [757,1243,758,4,806,com.android.providers.calendar,1241,android.permission.WRITE_CALENDAR]
12-09 06:02:23.139   832   832 I sysui_multi_action: [757,1243,758,4,806,com.android.providers.calendar,1241,android.permission.GET_ACCOUNTS]
12-09 06:02:23.139   832   832 I sysui_multi_action: [757,1243,758,4,806,com.android.providers.calendar,1241,android.permission.WRITE_EXTERNAL_STORAGE]
12-09 06:02:23.140   832   832 I sysui_multi_action: [757,1243,758,4,806,com.android.bips,1241,android.permission.POST_NOTIFICATIONS]
12-09 06:02:23.141   832   832 I sysui_multi_action: [757,1243,758,4,806,com.android.sharedstoragebackup,1241,android.permission.READ_EXTERNAL_STORAGE]
12-09 06:02:23.142   832   832 I sysui_multi_action: [757,1243,758,4,806,com.android.sharedstoragebackup,1241,android.permission.WRITE_EXTERNAL_STORAGE]
12-09 06:02:23.142   832   832 I sysui_multi_action: [757,1243,758,4,806,com.android.packageinstaller,1241,android.permission.POST_NOTIFICATIONS]
12-09 06:02:23.143   832   832 I sysui_multi_action: [757,1243,758,4,806,com.android.statementservice,1241,android.permission.POST_NOTIFICATIONS]
12-09 06:02:23.143   832   832 I sysui_multi_action: [757,1243,758,4,806,com.android.documentsui,1241,android.permission.POST_NOTIFICATIONS]
12-09 06:02:23.144   832   832 I sysui_multi_action: [757,1243,758,4,806,com.mediatek.engineermode,1241,android.permission.POST_NOTIFICATIONS]
12-09 06:02:23.144   832   832 I sysui_multi_action: [757,1243,758,4,806,com.android.companiondevicemanager,1241,android.permission.ACCESS_FINE_LOCATION]
12-09 06:02:23.145   832   832 I sysui_multi_action: [757,1243,758,4,806,com.android.companiondevicemanager,1241,android.permission.BLUETOOTH_CONNECT]
12-09 06:02:23.146   832   832 I sysui_multi_action: [757,1243,758,4,806,com.android.companiondevicemanager,1241,android.permission.ACCESS_COARSE_LOCATION]
12-09 06:02:23.146   832   832 I sysui_multi_action: [757,1243,758,4,806,com.android.companiondevicemanager,1241,android.permission.BLUETOOTH_ADVERTISE]
12-09 06:02:23.146   832   832 I sysui_multi_action: [757,1243,758,4,806,com.android.companiondevicemanager,1241,android.permission.ACCESS_BACKGROUND_LOCATION]
12-09 06:02:23.147   832   832 I sysui_multi_action: [757,1243,758,4,806,com.android.companiondevicemanager,1241,android.permission.BLUETOOTH_SCAN]
12-09 06:02:23.147   832   832 I sysui_multi_action: [757,1243,758,4,806,com.android.egg,1241,android.permission.POST_NOTIFICATIONS]
12-09 06:02:23.148   832   832 I sysui_multi_action: [757,1243,758,4,806,com.debug.loggerui,1241,android.permission.POST_NOTIFICATIONS]
12-09 06:02:23.148   832   832 I sysui_multi_action: [757,1243,758,4,806,com.android.captiveportallogin,1241,android.permission.POST_NOTIFICATIONS]
12-09 06:02:23.148   832   832 I sysui_multi_action: [757,1243,758,4,806,com.android.traceur,1241,android.permission.POST_NOTIFICATIONS]
12-09 06:02:23.149   832   832 I sysui_multi_action: [757,1243,758,4,806,com.android.bluetoothmidiservice,1241,android.permission.BLUETOOTH_CONNECT]
12-09 06:02:23.150   832   832 I sysui_multi_action: [757,1243,758,4,806,com.android.bluetoothmidiservice,1241,android.permission.BLUETOOTH_ADVERTISE]
12-09 06:02:23.151   832   832 I sysui_multi_action: [757,1243,758,4,806,com.android.bluetoothmidiservice,1241,android.permission.BLUETOOTH_SCAN]
12-09 06:02:23.153   832   832 I sysui_multi_action: [757,1243,758,4,806,com.android.printspooler,1241,android.permission.POST_NOTIFICATIONS]
12-09 06:02:23.154   832   832 I sysui_multi_action: [757,1243,758,4,806,com.android.printspooler,1241,android.permission.ACCESS_FINE_LOCATION]
12-09 06:02:23.154   832   832 I sysui_multi_action: [757,1243,758,4,806,com.android.printspooler,1241,android.permission.ACCESS_COARSE_LOCATION]
12-09 06:02:23.155   832   832 I sysui_multi_action: [757,1243,758,4,806,com.android.launcher3,1241,android.permission.POST_NOTIFICATIONS]
12-09 06:02:23.155   832   832 I sysui_multi_action: [757,1243,758,4,806,com.android.emergency,1241,android.permission.READ_PHONE_STATE]
12-09 06:02:23.155   832   832 I sysui_multi_action: [757,1243,758,4,806,com.android.emergency,1241,android.permission.CALL_PHONE]
12-09 06:02:23.156   832   832 I sysui_multi_action: [757,1243,758,4,806,com.android.emergency,1241,android.permission.READ_CONTACTS]
12-09 06:02:23.156   832   832 I sysui_multi_action: [757,1243,758,4,806,com.mediatek.duraspeed,1241,android.permission.POST_NOTIFICATIONS]
12-09 06:02:23.156   832   832 I sysui_multi_action: [757,1243,758,4,806,com.android.contacts,1241,android.permission.POST_NOTIFICATIONS]
12-09 06:02:23.157   832   832 I sysui_multi_action: [757,1243,758,4,806,com.android.contacts,1241,android.permission.READ_PHONE_STATE]
12-09 06:02:23.158   832   832 I sysui_multi_action: [757,1243,758,4,806,com.android.contacts,1241,android.permission.CALL_PHONE]
12-09 06:02:23.158   832   832 I sysui_multi_action: [757,1243,758,4,806,com.android.contacts,1241,android.permission.WRITE_CONTACTS]
12-09 06:02:23.159   832   832 I sysui_multi_action: [757,1243,758,4,806,com.android.contacts,1241,android.permission.PROCESS_OUTGOING_CALLS]
12-09 06:02:23.159   832   832 I sysui_multi_action: [757,1243,758,4,806,com.android.contacts,1241,android.permission.GET_ACCOUNTS]
12-09 06:02:23.160   832   832 I sysui_multi_action: [757,1243,758,4,806,com.android.contacts,1241,android.permission.READ_CONTACTS]
12-09 06:02:23.160   832   832 I sysui_multi_action: [757,1243,758,4,806,com.android.systemui,1241,android.permission.POST_NOTIFICATIONS]
12-09 06:02:23.160   832   832 I sysui_multi_action: [757,1243,758,4,806,com.android.systemui,1241,android.permission.BLUETOOTH_CONNECT]
12-09 06:02:23.161   832   832 I sysui_multi_action: [757,1243,758,4,806,com.android.systemui,1241,android.permission.READ_EXTERNAL_STORAGE]
12-09 06:02:23.161   832   832 I sysui_multi_action: [757,1243,758,4,806,com.android.systemui,1241,android.permission.READ_PHONE_STATE]
12-09 06:02:23.162   832   832 I sysui_multi_action: [757,1243,758,4,806,com.android.systemui,1241,android.permission.CAMERA]
12-09 06:02:23.162   832   832 I sysui_multi_action: [757,1243,758,4,806,com.android.systemui,1241,android.permission.BLUETOOTH_ADVERTISE]
12-09 06:02:23.162   832   832 I sysui_multi_action: [757,1243,758,4,806,com.android.systemui,1241,android.permission.GET_ACCOUNTS]
12-09 06:02:23.163   832   832 I sysui_multi_action: [757,1243,758,4,806,com.android.systemui,1241,android.permission.RECORD_AUDIO]
12-09 06:02:23.163   832   832 I sysui_multi_action: [757,1243,758,4,806,com.android.systemui,1241,android.permission.READ_CONTACTS]
12-09 06:02:23.164   832   832 I sysui_multi_action: [757,1243,758,4,806,com.android.systemui,1241,android.permission.BLUETOOTH_SCAN]
12-09 06:02:23.164   832   832 I sysui_multi_action: [757,1243,758,4,806,com.android.storagemanager,1241,android.permission.POST_NOTIFICATIONS]
12-09 06:02:23.168   832   832 I sysui_multi_action: [757,1243,758,4,806,com.android.storagemanager,1241,android.permission.READ_EXTERNAL_STORAGE]
12-09 06:02:23.171   832   832 I sysui_multi_action: [757,1243,758,4,806,com.android.storagemanager,1241,android.permission.WRITE_EXTERNAL_STORAGE]
12-09 06:02:23.171   832   832 I sysui_multi_action: [757,1243,758,4,806,com.android.calendar,1241,android.permission.READ_CALENDAR]
12-09 06:02:23.173   832   832 I sysui_multi_action: [757,1243,758,4,806,com.android.calendar,1241,android.permission.POST_NOTIFICATIONS]
12-09 06:02:23.176   832   832 I sysui_multi_action: [757,1243,758,4,806,com.android.calendar,1241,android.permission.WRITE_CALENDAR]
12-09 06:02:23.177   832   832 I sysui_multi_action: [757,1243,758,4,806,com.android.calendar,1241,android.permission.GET_ACCOUNTS]
12-09 06:02:23.178   832   832 I sysui_multi_action: [757,1243,758,4,806,com.android.calendar,1241,android.permission.READ_CONTACTS]
12-09 06:02:23.179   832   832 I sysui_multi_action: [757,1243,758,4,806,com.mediatek.camera,1241,android.permission.READ_EXTERNAL_STORAGE]
12-09 06:02:23.179   832   832 I sysui_multi_action: [757,1243,758,4,806,com.mediatek.camera,1241,android.permission.CAMERA]
12-09 06:02:23.180   832   832 I sysui_multi_action: [757,1243,758,4,806,com.mediatek.camera,1241,android.permission.WRITE_EXTERNAL_STORAGE]
12-09 06:02:23.181   832   832 I sysui_multi_action: [757,1243,758,4,806,com.mediatek.camera,1241,android.permission.RECORD_AUDIO]
12-09 06:02:23.182   832   832 I sysui_multi_action: [757,1243,758,4,806,com.android.permissioncontroller,1241,android.permission.POST_NOTIFICATIONS]
12-09 06:02:23.182   832   832 I sysui_multi_action: [757,1243,758,4,806,com.android.providers.media.module,1241,android.permission.POST_NOTIFICATIONS]
12-09 06:02:23.183   832   832 I sysui_multi_action: [757,1243,758,4,806,com.android.providers.media.module,1241,android.permission.READ_EXTERNAL_STORAGE]
12-09 06:02:23.184   832   832 I sysui_multi_action: [757,1243,758,4,806,com.android.providers.media.module,1241,android.permission.WRITE_EXTERNAL_STORAGE]
12-09 06:02:23.185   832   832 I sysui_multi_action: [757,1243,758,4,806,android.ext.services,1241,android.permission.ACCESS_COARSE_LOCATION]
12-09 06:02:23.185   832   832 I sysui_multi_action: [757,1243,758,4,806,com.android.adservices.api,1241,android.permission.POST_NOTIFICATIONS]
12-09 06:02:23.246   832  2226 I commit_sys_config_file: [settings-2-0,41]
12-09 06:02:23.376   832   832 I boot_progress_ams_ready: 53031
12-09 06:02:23.471   832   832 I configuration_changed: 268435456
12-09 06:02:23.487   832  2226 I commit_sys_config_file: [settings-0-0,36]
12-09 06:02:23.503   832   832 I thermal_changed: [CPU,0,50.200001,0,0]
12-09 06:02:23.504   832   832 I thermal_changed: [GPU,1,50.200001,0,0]
12-09 06:02:23.504   832   832 I thermal_changed: [SKIN,3,35.000000,0,0]
12-09 06:02:23.504   832   832 I thermal_changed: [NPU,9,50.200001,0,0]
12-09 06:02:23.512   167   167 I auditd  : type=1400 audit(0.0:130): avc: denied { write } for comm="init" name="wmtWifi" dev="tmpfs" ino=1016 scontext=u:r:vendor_init:s0 tcontext=u:object_r:wmtWifi_device:s0 tclass=chr_file permissive=1
12-09 06:02:23.512   167   167 I auditd  : type=1400 audit(0.0:131): avc: denied { open } for comm="init" path="/dev/wmtWifi" dev="tmpfs" ino=1016 scontext=u:r:vendor_init:s0 tcontext=u:object_r:wmtWifi_device:s0 tclass=chr_file permissive=1
12-09 06:02:23.928   832  2342 D SubscriptionManager: register OnSubscriptionsChangedListener pkgName=android listener=com.android.server.net.NetworkStatsSubscriptionsMonitor@4773d39
12-09 06:02:23.929   832  2342 D TelephonyRegistry: listen oscl: mHasNotifySubscriptionInfoChangedOccurred==false no callback
12-09 06:02:23.939   832   832 I am_uid_running: 10086
12-09 06:02:23.974   832   849 I am_uid_running: 10098
12-09 06:02:23.983   832   862 I am_proc_start: [0,2420,10086,com.android.systemui,service,{com.android.systemui/com.android.systemui.ImageWallpaper}]
12-09 06:02:24.016   832   862 I am_proc_start: [0,2421,10098,com.android.permissioncontroller,service,{com.android.permissioncontroller/com.android.permissioncontroller.permission.service.PermissionControllerServiceImpl}]
12-09 06:02:24.077   832  2406 I am_proc_bound: [0,2420,com.android.systemui]
12-09 06:02:24.102   832  2406 I am_uid_active: 10086
12-09 06:02:24.124   832  2407 I am_proc_bound: [0,2421,com.android.permissioncontroller]
12-09 06:02:24.128   832  2407 I am_uid_active: 10098
12-09 06:02:24.143   832  2345 I service_manager_slow: [13,isub]
12-09 06:02:24.170   832  2226 I commit_sys_config_file: [settings-0-0,18]
12-09 06:02:24.540   832  2515 I wm_task_created: [2,-1]
12-09 06:02:24.549   832  2515 I wm_task_created: [3,-1]
12-09 06:02:24.555   832  2515 I wm_task_created: [4,-1]
12-09 06:02:24.566   832  2515 I wm_task_created: [5,-1]
12-09 06:02:24.917   832  2406 I liblog  : 26
12-09 06:02:25.074  2420  2420 D SubscriptionManager: register OnSubscriptionsChangedListener pkgName=com.android.systemui listener=com.android.keyguard.KeyguardUpdateMonitor$4@2ce2e45
12-09 06:02:25.075   832   888 D TelephonyRegistry: listen oscl: mHasNotifySubscriptionInfoChangedOccurred==false no callback
12-09 06:02:25.184   832  2226 I commit_sys_config_file: [settings-2-0,7]
12-09 06:02:25.248  2421  2509 I binder_sample: [android.content.pm.IPackageManager,36,38,com.android.permissioncontroller,7]
12-09 06:02:25.292   832   832 I dvm_lock_sample: [system_server,1,main,8,PermissionManagerServiceImpl.java,975,int com.android.server.pm.permission.PermissionManagerServiceImpl.checkPermissionInternal(com.android.server.pm.parsing.pkg.AndroidPackage, boolean, java.lang.String, int),-,994,int com.android.server.pm.permission.PermissionManagerServiceImpl.checkPermissionInternal(com.android.server.pm.parsing.pkg.AndroidPackage, boolean, java.lang.String, int),1]
12-09 06:02:25.329  2420  2538 I binder_sample: [android.app.IActivityManager,13,12,com.android.systemui,2]
12-09 06:02:25.535   832  2406 I wm_task_removed: [4,reParentTask:sanitizeAndApplyHierarchyOp]
12-09 06:02:25.537   832  2406 I wm_task_moved: [4,1,2147483647]
12-09 06:02:25.537   832  2406 I wm_task_removed: [5,reParentTask:sanitizeAndApplyHierarchyOp]
12-09 06:02:25.538   832  2406 I wm_task_moved: [5,1,2147483647]
12-09 06:02:25.571   832  2406 I service_manager_stats: [197,151,5122]
12-09 06:02:25.901  2420  2572 I binder_sample: [android.app.IWallpaperManager,20,518,com.android.systemui,100]
12-09 06:02:25.920   832   857 I am_uid_running: 1037
12-09 06:02:25.932   832  2343 I commit_sys_config_file: [net-policy,7]
12-09 06:02:25.996   832   832 D SubscriptionManager: register OnSubscriptionsChangedListener pkgName=android listener=com.android.server.vcn.TelephonySubscriptionTracker$1@97eb1c7
12-09 06:02:25.996   832   832 D TelephonyRegistry: listen oscl: mHasNotifySubscriptionInfoChangedOccurred==false no callback
12-09 06:02:26.002   832  2343 D SubscriptionManager: register OnSubscriptionsChangedListener pkgName=android listener=com.android.server.net.NetworkPolicyManagerService$3@eaaa363
12-09 06:02:26.003   832  2343 D TelephonyRegistry: listen oscl: mHasNotifySubscriptionInfoChangedOccurred==false no callback
12-09 06:02:26.006   832  2342 I netstats_mobile_sample: [0,0,0,0,0,0,0,0,0,0,0,0,1765260146006]
12-09 06:02:26.007   832  2342 I netstats_wifi_sample: [0,0,0,0,0,0,0,0,0,0,0,0,1765260146006]
12-09 06:02:26.016   832  2342 I dvm_lock_sample: [system_server,0,NetworkStats,6,PowerManagerService.java,1484,void com.android.server.power.PowerManagerService.acquireWakeLockInternal(android.os.IBinder, int, int, java.lang.String, java.lang.String, android.os.WorkSource, java.lang.String, int, int, android.os.IWakeLockCallback),-,4926,void com.android.server.power.PowerManagerService.incrementBootCount(),1]
12-09 06:02:26.045   832  2342 I netstats_mobile_sample: [0,0,0,0,0,0,0,0,0,0,0,0,1765260146045]
12-09 06:02:26.046   832  2342 I netstats_wifi_sample: [0,0,0,0,0,0,0,0,0,0,0,0,1765260146045]
12-09 06:02:26.082   832   832 D SubscriptionManager: register OnSubscriptionsChangedListener pkgName=android listener=com.android.server.location.gnss.GnssNetworkConnectivityHandler$1@3a79bd
12-09 06:02:26.082   832   832 D TelephonyRegistry: listen oscl: mHasNotifySubscriptionInfoChangedOccurred==false no callback
12-09 06:02:26.117   832   849 W CarrierConfigManager: Error getting config for subId -1 ICarrierConfigLoader is null
12-09 06:02:26.190   832   832 I am_uid_running: 1073
12-09 06:02:26.225   832  2226 I commit_sys_config_file: [settings-0-0,14]
12-09 06:02:26.238   832   832 D TelephonyRegistry: systemRunning register for intents
12-09 06:02:26.244   832   832 I ssm_user_starting: 0
12-09 06:02:26.281   832  2226 I commit_sys_config_file: [settings-2-0,37]
12-09 06:02:26.296   832   860 I netstats_mobile_sample: [0,0,0,0,0,0,0,0,0,0,0,0,1765260146296]
12-09 06:02:26.299   832   851 I commit_sys_config_file: [notification-policy,4597]
12-09 06:02:26.301   832   860 I netstats_wifi_sample: [0,0,0,0,0,0,0,0,0,0,0,0,1765260146296]
12-09 06:02:26.342   832   860 I netstats_mobile_sample: [0,0,0,0,0,0,0,0,0,0,0,0,1765260146342]
12-09 06:02:26.342   832   860 I netstats_wifi_sample: [0,0,0,0,0,0,0,0,0,0,0,0,1765260146342]
12-09 06:02:26.384   832   860 I netstats_mobile_sample: [0,0,0,0,0,0,0,0,0,0,0,0,1765260146384]
12-09 06:02:26.384   832   860 I netstats_wifi_sample: [0,0,0,0,0,0,0,0,0,0,0,0,1765260146384]
12-09 06:02:26.406   832  2610 I sysui_multi_action: [757,1243,758,4,806,com.android.settings.intelligence,1241,android.permission.POST_NOTIFICATIONS]
12-09 06:02:26.429   832   860 I netstats_mobile_sample: [0,0,0,0,0,0,0,0,0,0,0,0,1765260146429]
12-09 06:02:26.429   832   860 I netstats_wifi_sample: [0,0,0,0,0,0,0,0,0,0,0,0,1765260146429]
12-09 06:02:26.461   832   860 I netstats_mobile_sample: [0,0,0,0,0,0,0,0,0,0,0,0,1765260146460]
12-09 06:02:26.461   832   860 I netstats_wifi_sample: [0,0,0,0,0,0,0,0,0,0,0,0,1765260146460]
12-09 06:02:26.483   832   860 I netstats_mobile_sample: [0,0,0,0,0,0,0,0,0,0,0,0,1765260146483]
12-09 06:02:26.483   832   860 I netstats_wifi_sample: [0,0,0,0,0,0,0,0,0,0,0,0,1765260146483]
12-09 06:02:26.487   832   860 D SubscriptionManager: register OnSubscriptionsChangedListener pkgName=android listener=com.android.server.stats.pull.StatsPullAtomService$StatsSubscriptionsListener@34085e4
12-09 06:02:26.488   832   860 D TelephonyRegistry: listen oscl: mHasNotifySubscriptionInfoChangedOccurred==false no callback
12-09 06:02:26.535   832  2609 I sysui_multi_action: [757,1243,758,4,806,com.android.gallery3d,1241,android.permission.ACCESS_MEDIA_LOCATION]
12-09 06:02:26.544   832  2609 I sysui_multi_action: [757,1243,758,4,806,com.android.gallery3d,1241,android.permission.WRITE_EXTERNAL_STORAGE]
12-09 06:02:26.550   832  2406 I sysui_multi_action: [757,1243,758,4,806,com.android.gallery3d,1241,android.permission.READ_MEDIA_VIDEO]
12-09 06:02:26.557   832  2406 I sysui_multi_action: [757,1243,758,4,806,com.android.gallery3d,1241,android.permission.READ_MEDIA_AUDIO]
12-09 06:02:26.564   832  2406 I sysui_multi_action: [757,1243,758,4,806,com.android.gallery3d,1241,android.permission.READ_MEDIA_IMAGES]
12-09 06:02:26.570   832  2406 I sysui_multi_action: [757,1243,758,4,806,com.android.gallery3d,1241,android.permission.READ_EXTERNAL_STORAGE]
12-09 06:02:26.751   832  2406 I sysui_multi_action: [757,1243,758,4,806,org.chromium.webview_shell,1241,android.permission.ACCESS_FINE_LOCATION]
12-09 06:02:26.822   832   832 I am_uid_running: 1068
12-09 06:02:26.823   832   832 I am_uid_running: 1001
12-09 06:02:26.846   832   832 I wm_task_created: [6,-1]
12-09 06:02:26.848   832   832 I wm_task_moved: [6,1,2147483647]
12-09 06:02:26.852   832   832 I wm_task_moved: [1,1,2]
12-09 06:02:26.853   832   832 I wm_create_task: [0,6]
12-09 06:02:26.853   832   832 I wm_create_activity: [0,217115903,6,com.android.settings/.FallbackHome,android.intent.action.MAIN,NULL,NULL,276824320]
12-09 06:02:26.855   832   832 I wm_task_moved: [1,1,2]
12-09 06:02:26.855   832   832 I wm_task_moved: [6,1,2147483647]
12-09 06:02:26.855   832   832 I wm_task_to_front: [0,6]
12-09 06:02:27.002   832   853 I dvm_lock_sample: [system_server,1,android.anim,116,WindowAnimator.java,103,void com.android.server.wm.WindowAnimator.lambda$new$1$com-android-server-wm-WindowAnimator(long),ActivityTaskManagerService.java,5744,void com.android.server.wm.ActivityTaskManagerService$LocalService.showSystemReadyErrorDialogsIfNeeded(),23]
12-09 06:02:27.005   832   832 I uc_send_user_broadcast: [0,android.intent.action.USER_FOREGROUND]
12-09 06:02:27.005   832   832 I uc_send_user_broadcast: [0,android.intent.action.USER_SWITCHED]
12-09 06:02:27.008   832   852 I dvm_lock_sample: [system_server,1,android.display,130,ActivityManagerService.java,17465,void com.android.server.am.ActivityManagerService$LocalService.startProcess(java.lang.String, android.content.pm.ApplicationInfo, boolean, boolean, java.lang.String, android.content.ComponentName),UserController.java,3211,int com.android.server.am.UserController$Injector.broadcastIntent(android.content.Intent, java.lang.String, android.content.IIntentReceiver, int, java.lang.String, android.os.Bundle, java.lang.String[], int, android.os.Bundle, boolean, boolean, int, int, int, int, int),26]
12-09 06:02:27.115   832   832 I notification_cancel_all: [1000,832,android,0,0,0,20,NULL]
12-09 06:02:27.116   832   832 I notification_cancel_all: [1000,832,android,0,0,0,20,NULL]
12-09 06:02:27.183   832   862 I am_proc_start: [0,2625,1037,WebViewLoader-armeabi-v7a,,]
12-09 06:02:27.229   832  2406 I am_uid_running: 10081
12-09 06:02:27.249   832  2406 I am_proc_bound: [0,2625,WebViewLoader-armeabi-v7a]
12-09 06:02:27.258   832  2406 I am_uid_active: 1037
12-09 06:02:27.389   832   862 I am_proc_start: [0,2657,1037,WebViewLoader-arm64-v8a,,]
12-09 06:02:27.396   832  2226 I commit_sys_config_file: [settings-0-0,66]
12-09 06:02:27.422   832   862 I am_proc_start: [0,2667,1073,com.android.networkstack.process,service,{com.android.networkstack/com.android.server.NetworkStackService}]
12-09 06:02:27.456   832   862 I am_proc_start: [0,2674,1068,com.android.se,added application,com.android.se]
12-09 06:02:27.518   832   862 I am_proc_start: [0,2703,1001,com.android.phone,added application,com.android.phone]
12-09 06:02:27.520  2667  2667 I service_manager_slow: [16,activity]
12-09 06:02:27.522   832  2609 I am_proc_bound: [0,2667,com.android.networkstack.process]
12-09 06:02:27.531   832  2609 I am_uid_active: 1073
12-09 06:02:27.545  2657  2657 I service_manager_slow: [30,activity]
12-09 06:02:27.551   832   862 I am_proc_start: [0,2705,1000,com.android.settings,top-activity,{com.android.settings/com.android.settings.FallbackHome}]
12-09 06:02:27.562   832  2406 I am_proc_bound: [0,2657,WebViewLoader-arm64-v8a]
12-09 06:02:27.593   832   862 I am_proc_start: [0,2713,10081,com.android.launcher3,service,{com.android.launcher3/com.android.quickstep.TouchInteractionService}]
12-09 06:02:27.609   832  2609 I am_proc_bound: [0,2674,com.android.se]
12-09 06:02:27.614   832  2609 I am_uid_active: 1068
12-09 06:02:27.622  2420  2420 W CarrierConfigManager: Error getting config for subId -1 ICarrierConfigLoader is null
12-09 06:02:27.683   832  2226 I commit_sys_config_file: [settings-2-0,261]
12-09 06:02:27.698  2420  2538 I binder_sample: [android.media.IAudioService,94,88,com.android.systemui,17]
12-09 06:02:27.712   832  2609 I am_proc_bound: [0,2705,com.android.settings]
12-09 06:02:27.727   832  2609 I wm_restart_activity: [0,217115903,6,com.android.settings/.FallbackHome]
12-09 06:02:27.747   832  2609 I wm_set_resumed_activity: [0,com.android.settings/.FallbackHome,minimalResumeActivityLocked]
12-09 06:02:27.768   832  2406 I am_proc_bound: [0,2713,com.android.launcher3]
12-09 06:02:27.777   832  2406 I am_uid_active: 10081
12-09 06:02:27.783   832  2610 I am_proc_bound: [0,2703,com.android.phone]
12-09 06:02:27.786   832  2610 I am_uid_active: 1001
12-09 06:02:27.807   832  2577 I am_proc_died: [0,2625,WebViewLoader-armeabi-v7a,-700,0]
12-09 06:02:27.817   832  2577 I am_low_memory: 9
12-09 06:02:27.874  2420  2538 D SubscriptionManager: register OnSubscriptionsChangedListener pkgName=com.android.systemui listener=com.android.systemui.statusbar.connectivity.NetworkControllerImpl$SubListener@e3592f0
12-09 06:02:27.875   832   847 D TelephonyRegistry: listen oscl: mHasNotifySubscriptionInfoChangedOccurred==false no callback
12-09 06:02:27.967  2674  2674 I service_manager_slow: [23,content_capture]
12-09 06:02:28.056  2705  2705 I auditd  : type=1400 audit(0.0:132): avc: denied { open } for comm="ndroid.settings" path="/dev/__properties__/u:object_r:vendor_default_prop:s0" dev="tmpfs" ino=404 scontext=u:r:system_app:s0 tcontext=u:object_r:vendor_default_prop:s0 tclass=file permissive=1
12-09 06:02:28.056  2705  2705 I auditd  : type=1400 audit(0.0:133): avc: denied { getattr } for comm="ndroid.settings" path="/dev/__properties__/u:object_r:vendor_default_prop:s0" dev="tmpfs" ino=404 scontext=u:r:system_app:s0 tcontext=u:object_r:vendor_default_prop:s0 tclass=file permissive=1
12-09 06:02:28.056  2705  2705 I auditd  : type=1400 audit(0.0:134): avc: denied { map } for comm="ndroid.settings" path="/dev/__properties__/u:object_r:vendor_default_prop:s0" dev="tmpfs" ino=404 scontext=u:r:system_app:s0 tcontext=u:object_r:vendor_default_prop:s0 tclass=file permissive=1
12-09 06:02:28.089  2703  2703 D IccProvider: class = class com.mediatek.internal.telephony.phb.MtkIccProvider
12-09 06:02:28.090  2703  2703 D IccProvider: constructor function = public com.mediatek.internal.telephony.phb.MtkIccProvider(android.content.UriMatcher,android.content.Context)
12-09 06:02:28.100   832  2226 I commit_sys_config_file: [settings-1-0,29]
12-09 06:02:28.105  2703  2703 I MtkIccProvider: MtkIccProvider URL_MATCHER android.content.UriMatcher@9f516ea
12-09 06:02:28.126   832  2610 I am_proc_died: [0,2657,WebViewLoader-arm64-v8a,-700,0]
12-09 06:02:28.127   832  2610 I am_uid_stopped: 1037
12-09 06:02:28.134   832  2610 I am_low_memory: 8
12-09 06:02:28.197  2705  2705 I wm_on_create_called: [217115903,com.android.settings.FallbackHome,performCreate]
12-09 06:02:28.206  2705  2705 I wm_on_start_called: [217115903,com.android.settings.FallbackHome,handleStartActivity]
12-09 06:02:28.208  2705  2705 I wm_on_resume_called: [217115903,com.android.settings.FallbackHome,RESUME_ACTIVITY]
12-09 06:02:28.211   832  2406 I sysui_multi_action: [757,856,758,1,806,com.android.networkstack,857,connected_note_loud,858,4]
12-09 06:02:28.213   832  2406 I sysui_multi_action: [757,856,758,1,806,com.android.networkstack,857,connected_note,858,3]
12-09 06:02:28.244  2420  2538 I binder_sample: [android.os.IServiceManager,2,90,com.android.systemui,18]
12-09 06:02:28.245  2420  2538 I service_manager_slow: [126,isub]
12-09 06:02:28.262  2705  2705 I wm_on_top_resumed_gained_called: [217115903,com.android.settings.FallbackHome,topStateChangedWhenResumed]
12-09 06:02:28.284   832   853 I input_focus: [Focus request db956e6 com.android.settings/com.android.settings.FallbackHome,reason=UpdateInputWindows]
12-09 06:02:28.321   832  2406 I sysui_multi_action: [757,856,758,1,806,com.android.networkstack.tethering,857,TETHERING_STATUS,858,2]
12-09 06:02:28.380  2420  2766 I sysui_multi_action: [757,213,758,4,759,-1]
12-09 06:02:28.411  2667  2667 W CarrierConfigManager: Error getting config for subId -1 ICarrierConfigLoader is null
12-09 06:02:28.414   832   852 I boot_progress_enable_screen: 58069
12-09 06:02:28.417   832   852 I screen_toggled: 1
12-09 06:02:28.444  2667  2667 I auditd  : type=1400 audit(0.0:135): avc: granted { read } for comm="rkstack.process" name="psched" dev="proc" ino=4026531994 scontext=u:r:network_stack:s0 tcontext=u:object_r:proc_net:s0 tclass=file
12-09 06:02:28.444  2667  2667 I auditd  : type=1400 audit(0.0:136): avc: granted { read open } for comm="rkstack.process" path="/proc/2667/net/psched" dev="proc" ino=4026531994 scontext=u:r:network_stack:s0 tcontext=u:object_r:proc_net:s0 tclass=file
12-09 06:02:28.444  2667  2667 I auditd  : type=1400 audit(0.0:137): avc: granted { getattr } for comm="rkstack.process" path="/proc/2667/net/psched" dev="proc" ino=4026531994 scontext=u:r:network_stack:s0 tcontext=u:object_r:proc_net:s0 tclass=file
12-09 06:02:28.472   832   851 I commit_sys_config_file: [notification-policy,6771]
12-09 06:02:28.667   832  2226 I commit_sys_config_file: [settings-2-0,16]
12-09 06:02:28.775   832   832 I sysui_multi_action: [757,856,758,1,806,com.android.server.telecom,857,TelecomMissedCalls,858,3]
12-09 06:02:28.776   832   832 I sysui_multi_action: [757,856,758,1,806,com.android.server.telecom,857,TelecomIncomingCalls,858,5]
12-09 06:02:28.777  2703  2703 D SubscriptionManager: register OnSubscriptionsChangedListener pkgName=com.android.phone listener=com.android.phone.SimPhonebookProvider$1@9f90e9a
12-09 06:02:28.778   832   832 I sysui_multi_action: [757,856,758,1,806,com.android.server.telecom,857,TelecomCallBlocking,858,2]
12-09 06:02:28.778   832   832 I sysui_multi_action: [757,856,758,1,806,com.android.server.telecom,857,TelecomBackgroundAudioProcessing,858,2]
12-09 06:02:28.779   832   832 I sysui_multi_action: [757,856,758,1,806,com.android.server.telecom,857,TelecomDisconnectedCalls,858,3]
12-09 06:02:28.780   832   832 I sysui_multi_action: [757,856,758,1,806,com.android.server.telecom,857,TelecomInCallServiceCrash,858,3]
12-09 06:02:28.782   832  2406 D TelephonyRegistry: listen oscl: mHasNotifySubscriptionInfoChangedOccurred==false no callback
12-09 06:02:28.903   832   832 W CarrierConfigManager: Error getting config for subId -1 ICarrierConfigLoader is null
12-09 06:02:28.929  2420  2624 I binder_sample: [android.app.trust.ITrustManager,8,384,com.android.systemui,76]
12-09 06:02:29.034   832   851 I commit_sys_config_file: [notification-policy,7333]
12-09 06:02:29.079   832  2342 I netstats_mobile_sample: [0,0,0,0,0,0,0,0,0,0,0,0,1765260149078]
12-09 06:02:29.079   832  2342 I netstats_wifi_sample: [0,0,0,0,0,0,0,0,0,0,0,0,1765260149078]
12-09 06:02:29.113   832   851 I commit_sys_config_file: [jobs,13]
12-09 06:02:29.149   832  2226 I commit_sys_config_file: [settings-0-0,8]
12-09 06:02:29.656   832   846 I sysui_multi_action: [757,856,758,1,806,com.android.systemui,857,ALR,858,4]
12-09 06:02:29.657   832   846 I sysui_multi_action: [757,856,758,1,806,com.android.systemui,857,GEN,858,1]
12-09 06:02:29.658   832   846 I sysui_multi_action: [757,856,758,1,806,com.android.systemui,857,DSK,858,2]
12-09 06:02:29.659   832   846 I sysui_multi_action: [757,856,758,1,806,com.android.systemui,857,SCN_HEADSUP,858,4]
12-09 06:02:29.661   832   846 I sysui_multi_action: [757,856,758,1,806,com.android.systemui,857,BAT,858,5]
12-09 06:02:29.662   832   846 I sysui_multi_action: [757,856,758,1,806,com.android.systemui,857,HNT,858,3]
12-09 06:02:29.795   832  2240 I am_uid_running: 1002
12-09 06:02:29.802   832   847 I commit_sys_config_file: [overlays,19921]
12-09 06:02:29.821  2420  2766 I sysui_multi_action: [757,213,758,4,759,2]
12-09 06:02:29.827   832   862 I am_proc_start: [0,2850,1002,com.android.bluetooth,service,{com.android.bluetooth/com.android.bluetooth.btservice.AdapterService}]
12-09 06:02:29.918   832   851 I commit_sys_config_file: [notification-policy,8217]
12-09 06:02:29.918   832   846 I am_proc_bound: [0,2850,com.android.bluetooth]
12-09 06:02:29.933   832   846 I am_uid_active: 1002
12-09 06:02:30.029  2420  2538 I binder_sample: [android.content.om.IOverlayManager,13,377,com.android.systemui,75]
12-09 06:02:30.091   832   849 I configuration_changed: -2147483648
12-09 06:02:30.143   832   849 I wm_relaunch_resume_activity: [0,217115903,6,com.android.settings/.FallbackHome]
12-09 06:02:30.146  2705  2705 I wm_on_top_resumed_lost_called: [217115903,com.android.settings.FallbackHome,pausing]
12-09 06:02:30.146  2705  2705 I wm_on_paused_called: [217115903,com.android.settings.FallbackHome,performPause]
12-09 06:02:30.147  2705  2705 I wm_on_stop_called: [217115903,com.android.settings.FallbackHome,handleRelaunchActivity]
12-09 06:02:30.175  2667  2788 W CarrierConfigManager: Error getting config for subId -1 ICarrierConfigLoader is null
12-09 06:02:30.180  2705  2705 I wm_on_destroy_called: [217115903,com.android.settings.FallbackHome,performDestroy]
12-09 06:02:30.180   832   849 I dvm_lock_sample: [system_server,0,android.fg,29,ActivityManagerService.java,14630,int com.android.server.am.ActivityManagerService.broadcastIntentWithFeature(android.app.IApplicationThread, java.lang.String, android.content.Intent, java.lang.String, android.content.IIntentReceiver, int, java.lang.String, android.os.Bundle, java.lang.String[], java.lang.String[], java.lang.String[], int, android.os.Bundle, boolean, boolean, int),BroadcastQueue.java,1136,void com.android.server.am.BroadcastQueue.processNextBroadcast(boolean),5]
12-09 06:02:30.196   832   853 I input_focus: [Requesting to set focus to null window,reason=UpdateInputWindows]
12-09 06:02:30.245  2705  2705 I wm_on_create_called: [217115903,com.android.settings.FallbackHome,performCreate]
12-09 06:02:30.251  2705  2705 I wm_on_start_called: [217115903,com.android.settings.FallbackHome,handleStartActivity]
12-09 06:02:30.252  2705  2705 I wm_on_resume_called: [217115903,com.android.settings.FallbackHome,RESUME_ACTIVITY]
12-09 06:02:30.252  2705  2705 I wm_on_top_resumed_gained_called: [217115903,com.android.settings.FallbackHome,topWhenResuming]
12-09 06:02:30.306   832   853 I input_focus: [Focus request dcd5c6a com.android.settings/com.android.settings.FallbackHome,reason=UpdateInputWindows]
12-09 06:02:30.423   202   202 I auditd  : avc:  denied  { find } for pid=2850 uid=1002 name=vendor.mediatek.hardware.bluetooth.audio.IBluetoothAudioProviderFactory/default scontext=u:r:bluetooth:s0 tcontext=u:object_r:default_android_service:s0 tclass=service_manager permissive=1
