I/BroadcastQueue(  832): Delivering to BroadcastFilter{3c3ccc3 10086/u0 ReceiverList{8997072 2420 com.android.systemui/10086/u0 remote:99ba97d}} : BroadcastRecord{58a2d49 u-1 android.intent.action.TIME_TICK}
I/ActivityThread( 2420): Dispatching broadcast android.intent.action.TIME_TICK seq=-1 to com.android.systemui.broadcast.ActionReceiver@aa869c1
V/BroadcastQueue(  832): Done with parallel broadcast [foreground] BroadcastRecord{58a2d49 u-1 android.intent.action.TIME_TICK}
I/ActivityThread( 2420): Receiving broadcast android.intent.action.TIME_TICK seq=-1 to android.widget.DateTimeView$ReceiverInfo$1@96b9f95
I/ActivityThread( 2420): Enqueueing broadcast android.intent.action.TIME_TICK seq=-1 to android.widget.DateTimeView$ReceiverInfo$1@96b9f95
I/ActivityThread( 2420):   mRegistered=true mOrderedHint=false
I/ActivityThread( 2420): Dispatching broadcast android.intent.action.TIME_TICK seq=-1 to android.widget.DateTimeView$ReceiverInfo$1@96b9f95
I/ActivityThread( 2420):   mRegistered=true mOrderedHint=false
I/ActivityThread( 2420): Dispatching broadcast android.intent.action.TIME_TICK seq=-1 to com.android.systemui.broadcast.ActionReceiver@b786fef
I/ActivityThread( 2420):   mRegistered=true mOrderedHint=false
--------- beginning of main
I/MtkCam/P1NodeImp(  625): [setupAction] [Cam::0 R4230 S4230 E4230 D4227 O4227 #1] [P1::ENQ][Num Q:4230 M:4230 F:4229 R:4229 @133][Type:1 Out:x21 Rec:x0 Raw:0 Cap:0 Exe:1 Flush:x0] [Exp:40005000ns] [MetaCtrl][SCALER_CROP(1) (0,0_3264x2448) ][SENSOR_CROP(0)][RESIZER_SET(0)][RRZ:0-0%30_3](0xb4000076a178c610)(Buf)(816x624)(S:1536:958464 P:0xfbc00000 V:0x74fa1ca000 F:0x2205)(x0)(Crop)(0,0-3264x2448)(816x624) [IMG:5-0%30_3](0xb4000076a1790cf0)(Buf)(3264x2448)(S:4080:9987840 P:0xf8200000 V:0x7501337000 F:0x2201)(x0)(Crop)(0,0-3264x2448)(3264x2448) 
I/gralloc4(  597): @set_metadata: update dataspace from GM (0x00000000 -> 0x08020000)
E/gralloc4(  597): Empty SMPTE 2094-40 data
D/ULog    (  625): R AppRequest:4226 M[CameraDevice:187001] -  :mtkcam-AppStreamMgr #130774
E/Camera3-OutputUtils(  597): processCaptureResult: Physical device not found in device info map found!
W/CameraMetadataJV( 3784): Expect face scores and rectangles to be non-null
E/gralloc4( 3784): Empty SMPTE 2094-40 data
I/MtkCam/P1NodeImp(  625): [releaseAction] [Cam::0 R4230 S4230 E4230 D4228 O4227 #1] [P1::DEQ][Num Q:4228 M:4228 F:4227 R:4227 @131][Type:1 Out:x21 Rec:x0 Raw:0 Cap:0 Exe:3 Flush:x0] job(0/1) IMG(proc) RRZ0(0-0-3264x2448)(0-0-816x624)(816x624) T-ns(EXP: 40005000)(Src:0)(SOF: m_2547933286000 b_0)(SS: 2547893281000) ExpExtend(0, 0)Q(SensorTs:2547893281000) [MetaInAPP_0](0x80000000)<N:x0><U:xc> [MetaInHAL_1](0x100000018)<N:x0><U:xc> [MetaOutAPP_2](0x100000024)<W:x2><U:xc> [MetaOutHAL_3](0x10000001b)<W:x2><U:xc> [ImgOutIMG_5](0x100000001)<W:x2><U:xc> [ImgOutRRZ_7](0x100000003)<W:x2><U:xc> [MetaCnt] In(71,17) Out(96,49) Aaa(93,35) Aaa-Isp(93,35) [ApplyRelease] [Last-Frame-Num(4226_17:01:18.722649@05854) 4226 4225 4224 4223 4222 4221 4220 4219 4218 4217 4216 4215 4214 4213 4212 4211 ... ]
I/MtkCam/P1NodeImp(  625): [releaseFrame] [Cam::0 R4230 S4230 E4230 D4228 O4228 #1] [P1::OUT][Num Q:4228 M:4228 F:4227 R:4227 @131][Type:1 Out:x21 Rec:x0 Raw:0 Cap:0 Exe:3 Flush:x0] [Release-0] [DispatchFrame] [Last-Frame-Num(4226_17:01:18.724868@05855) 4226 4225 4224 4223 4222 4221 4220 4219 4218 4217 4216 4215 4214 4213 4212 4211 ... ]
D/zlyNB   ( 3784): ------PhotoDevice2Controller----------0000--
D/zlyNB   ( 3784): ------PhotoDevice2Controller----------0001--
W/Iop/P2PPWp(  625): [enque] WARNING: using EPathCQ_CQ2, swScenario: 16
I/MtkCam/P1NodeImp(  625): [setRequest] [Cam::0 R4231 S4231 E4230 D4228 O4228 #0] [P1::SET][Num Q:4231 M:4231 F:4230 R:4230 @0][Type:1 Out:x21 Rec:x0 Raw:0 Cap:0 Exe:1 Flush:x0] Num[4231] Ctrl[1]=[ 4231 ]
I/MtkCam/P1NodeImp(  625): [runQueue] [Cam::0 R4231 S4231 E4230 D4228 O4228 #1] [P1::REQ][Num Q:4232 M:0 F:4231 R:4231 @0][Type:1 Out:x21 Rec:x0 Raw:0 Cap:0 Exe:1 Flush:x0] [META ze:0 ci:1 rt:-1 tn:-1 qc:-1 fi:-1 fr:-1] [New-Request][0] [0] [IMGO:0 (-1,-1)] [Gp:255/0] IOmap-Img[1]=<0_I[0]{}_O[2]{0x100000001,0x100000003}>-Meta[1]=<0_I[2]{0x80000000,0x100000018}_O[2]{0x10000001b,0x100000024}> CfgStream-Img[OutIMG:0x100000001(1),OutRRZ:0x100000003(1)]-Meta[InAPP:0x80000000(1),InHAL:0x100000018(1),OutAPP:0x100000024(1),OutHAL:0x10000001b(1)]  | [PreSet][Key:4232] Num(0) Dummy(0) MetaCnt[APP:71,HAL:18] | [Rev:0] depth(1) burst(1) Que[1]
D/ULog    (  625): R AppRequest:4232 M[CameraDevice:187001] +  :mtkcam-dev3 #130775
I/MtkCam/P1NodeImp(  625): [setupAction] [Cam::0 R4231 S4231 E4231 D4228 O4228 #1] [P1::ENQ][Num Q:4231 M:4231 F:4230 R:4230 @134][Type:1 Out:x21 Rec:x0 Raw:0 Cap:0 Exe:1 Flush:x0] [Exp:40005000ns] [MetaCtrl][SCALER_CROP(1) (0,0_3264x2448) ][SENSOR_CROP(0)][RESIZER_SET(0)][RRZ:0-0%31_3](0xb4000076a1770e30)(Buf)(816x624)(S:1536:958464 P:0xfe500000 V:0x750272f000 F:0x2205)(x0)(Crop)(0,0-3264x2448)(816x624) [IMG:5-0%31_3](0xb4000076a1789370)(Buf)(3264x2448)(S:4080:9987840 P:0xf7400000 V:0x75008c6000 F:0x2201)(x0)(Crop)(0,0-3264x2448)(3264x2448) 
I/gralloc4(  597): @set_metadata: update dataspace from GM (0x00000000 -> 0x08020000)
E/gralloc4(  597): Empty SMPTE 2094-40 data
D/ULog    (  625): R AppRequest:4227 M[CameraDevice:187001] -  :mtkcam-AppStreamMgr #130776
E/Camera3-OutputUtils(  597): processCaptureResult: Physical device not found in device info map found!
W/CameraMetadataJV( 3784): Expect face scores and rectangles to be non-null
E/gralloc4( 3784): Empty SMPTE 2094-40 data
I/MtkCam/P1NodeImp(  625): [releaseAction] [Cam::0 R4231 S4231 E4231 D4229 O4228 #1] [P1::DEQ][Num Q:4229 M:4229 F:4228 R:4228 @132][Type:1 Out:x21 Rec:x0 Raw:0 Cap:0 Exe:3 Flush:x0] job(0/1) IMG(proc) RRZ0(0-0-3264x2448)(0-0-816x624)(816x624) T-ns(EXP: 40005000)(Src:0)(SOF: m_2547973239000 b_0)(SS: 2547933234000) ExpExtend(0, 0)Q(SensorTs:2547933234000) [MetaInAPP_0](0x80000000)<N:x0><U:xc> [MetaInHAL_1](0x100000018)<N:x0><U:xc> [MetaOutAPP_2](0x100000024)<W:x2><U:xc> [MetaOutHAL_3](0x10000001b)<W:x2><U:xc> [ImgOutIMG_5](0x100000001)<W:x2><U:xc> [ImgOutRRZ_7](0x100000003)<W:x2><U:xc> [MetaCnt] In(71,17) Out(96,49) Aaa(93,35) Aaa-Isp(93,35) [ApplyRelease] [Last-Frame-Num(4227_17:01:18.762948@05854) 4227 4226 4225 4224 4223 4222 4221 4220 4219 4218 4217 4216 4215 4214 4213 4212 ... ]
I/MtkCam/P1NodeImp(  625): [releaseFrame] [Cam::0 R4231 S4231 E4231 D4229 O4229 #1] [P1::OUT][Num Q:4229 M:4229 F:4228 R:4228 @132][Type:1 Out:x21 Rec:x0 Raw:0 Cap:0 Exe:3 Flush:x0] [Release-0] [DispatchFrame] [Last-Frame-Num(4227_17:01:18.764803@05855) 4227 4226 4225 4224 4223 4222 4221 4220 4219 4218 4217 4216 4215 4214 4213 4212 ... ]
D/zlyNB   ( 3784): ------PhotoDevice2Controller----------0000--
D/zlyNB   ( 3784): ------PhotoDevice2Controller----------0001--
I/MtkCam/P1NodeImp(  625): [setRequest] [Cam::0 R4232 S4232 E4231 D4229 O4229 #0] [P1::SET][Num Q:4232 M:4232 F:4231 R:4231 @0][Type:1 Out:x21 Rec:x0 Raw:0 Cap:0 Exe:1 Flush:x0] Num[4232] Ctrl[1]=[ 4232 ]
W/Iop/P2PPWp(  625): [enque] WARNING: using EPathCQ_CQ2, swScenario: 16
I/MtkCam/P1NodeImp(  625): [runQueue] [Cam::0 R4232 S4232 E4231 D4229 O4229 #1] [P1::REQ][Num Q:4233 M:0 F:4232 R:4232 @0][Type:1 Out:x21 Rec:x0 Raw:0 Cap:0 Exe:1 Flush:x0] [META ze:0 ci:1 rt:-1 tn:-1 qc:-1 fi:-1 fr:-1] [New-Request][0] [0] [IMGO:0 (-1,-1)] [Gp:255/0] IOmap-Img[1]=<0_I[0]{}_O[2]{0x100000001,0x100000003}>-Meta[1]=<0_I[2]{0x80000000,0x100000018}_O[2]{0x10000001b,0x100000024}> CfgStream-Img[OutIMG:0x100000001(1),OutRRZ:0x100000003(1)]-Meta[InAPP:0x80000000(1),InHAL:0x100000018(1),OutAPP:0x100000024(1),OutHAL:0x10000001b(1)]  | [PreSet][Key:4233] Num(0) Dummy(0) MetaCnt[APP:71,HAL:18] | [Rev:0] depth(1) burst(1) Que[1]
D/ShadingTrans_RA(  625): [AppLscUtil] constructor
D/ULog    (  625): R AppRequest:4233 M[CameraDevice:187001] +  :mtkcam-dev3 #130777
D/ShadingTrans_RA(  625): [LscRaSwInit]
D/ShadingTrans_RA(  625): [init_ra_working_buffer]
D/ShadingTrans_RA(  625): [LscRaSwMain] 
D/ShadingTrans_RA(  625): [~AppLscUtil] destructor
I/MtkCam/P1NodeImp(  625): [setupAction] [Cam::0 R4232 S4232 E4232 D4229 O4229 #1] [P1::ENQ][Num Q:4232 M:4232 F:4231 R:4231 @135][Type:1 Out:x21 Rec:x0 Raw:0 Cap:0 Exe:1 Flush:x0] [Exp:40005000ns] [MetaCtrl][SCALER_CROP(1) (0,0_3264x2448) ][SENSOR_CROP(0)][RESIZER_SET(0)][RRZ:0-0%32_3](0xb4000076a178e6b0)(Buf)(816x624)(S:1536:958464 P:0xfe400000 V:0x7501cbe000 F:0x2205)(x0)(Crop)(0,0-3264x2448)(816x624) [IMG:5-0%32_3](0xb4000076a1776290)(Buf)(3264x2448)(S:4080:9987840 P:0xf6200000 V:0x74fc033000 F:0x2201)(x0)(Crop)(0,0-3264x2448)(3264x2448) 
I/gralloc4(  597): @set_metadata: update dataspace from GM (0x00000000 -> 0x08020000)
E/gralloc4(  597): Empty SMPTE 2094-40 data
D/ULog    (  625): R AppRequest:4228 M[CameraDevice:187001] -  :mtkcam-AppStreamMgr #130778
E/Camera3-OutputUtils(  597): processCaptureResult: Physical device not found in device info map found!
W/CameraMetadataJV( 3784): Expect face scores and rectangles to be non-null
E/gralloc4( 3784): Empty SMPTE 2094-40 data
I/MtkCam/P1NodeImp(  625): [releaseAction] [Cam::0 R4232 S4232 E4232 D4230 O4229 #1] [P1::DEQ][Num Q:4230 M:4230 F:4229 R:4229 @133][Type:1 Out:x21 Rec:x0 Raw:0 Cap:0 Exe:3 Flush:x0] job(0/1) IMG(proc) RRZ0(0-0-3264x2448)(0-0-816x624)(816x624) T-ns(EXP: 40005000)(Src:0)(SOF: m_2548013285000 b_0)(SS: 2547973280000) ExpExtend(0, 0)Q(SensorTs:2547973280000) [MetaInAPP_0](0x80000000)<N:x0><U:xc> [MetaInHAL_1](0x100000018)<N:x0><U:xc> [MetaOutAPP_2](0x100000024)<W:x2><U:xc> [MetaOutHAL_3](0x10000001b)<W:x2><U:xc> [ImgOutIMG_5](0x100000001)<W:x2><U:xc> [ImgOutRRZ_7](0x100000003)<W:x2><U:xc> [MetaCnt] In(71,17) Out(96,49) Aaa(93,35) Aaa-Isp(93,35) [ApplyRelease] [Last-Frame-Num(4228_17:01:18.803878@05854) 4228 4227 4226 4225 4224 4223 4222 4221 4220 4219 4218 4217 4216 4215 4214 4213 ... ]
I/MtkCam/P1NodeImp(  625): [releaseFrame] [Cam::0 R4232 S4232 E4232 D4230 O4230 #1] [P1::OUT][Num Q:4230 M:4230 F:4229 R:4229 @133][Type:1 Out:x21 Rec:x0 Raw:0 Cap:0 Exe:3 Flush:x0] [Release-0] [DispatchFrame] [Last-Frame-Num(4228_17:01:18.806838@05855) 4228 4227 4226 4225 4224 4223 4222 4221 4220 4219 4218 4217 4216 4215 4214 4213 ... ]
D/zlyNB   ( 3784): ------PhotoDevice2Controller----------0000--
D/zlyNB   ( 3784): ------PhotoDevice2Controller----------0001--
W/Iop/P2PPWp(  625): [enque] WARNING: using EPathCQ_CQ2, swScenario: 16
I/MtkCam/P1NodeImp(  625): [setRequest] [Cam::0 R4233 S4233 E4232 D4230 O4230 #1] [P1::SET][Num Q:4233 M:4233 F:4232 R:4232 @0][Type:1 Out:x21 Rec:x0 Raw:0 Cap:0 Exe:1 Flush:x0] Num[4233] Ctrl[1]=[ 4233 ]
I/MtkCam/P1NodeImp(  625): [runQueue] [Cam::0 R4233 S4233 E4232 D4230 O4230 #1] [P1::REQ][Num Q:4234 M:0 F:4233 R:4233 @0][Type:1 Out:x21 Rec:x0 Raw:0 Cap:0 Exe:1 Flush:x0] [META ze:0 ci:1 rt:-1 tn:-1 qc:-1 fi:-1 fr:-1] [New-Request][0] [0] [IMGO:0 (-1,-1)] [Gp:255/0] IOmap-Img[1]=<0_I[0]{}_O[2]{0x100000001,0x100000003}>-Meta[1]=<0_I[2]{0x80000000,0x100000018}_O[2]{0x10000001b,0x100000024}> CfgStream-Img[OutIMG:0x100000001(1),OutRRZ:0x100000003(1)]-Meta[InAPP:0x80000000(1),InHAL:0x100000018(1),OutAPP:0x100000024(1),OutHAL:0x10000001b(1)]  | [PreSet][Key:4234] Num(0) Dummy(0) MetaCnt[APP:71,HAL:18] | [Rev:0] depth(1) burst(1) Que[1]
D/ULog    (  625): R AppRequest:4234 M[CameraDevice:187001] +  :mtkcam-dev3 #130779
I/gralloc4(  597): @set_metadata: update dataspace from GM (0x00000000 -> 0x08020000)
E/gralloc4(  597): Empty SMPTE 2094-40 data
I/MtkCam/P1NodeImp(  625): [setupAction] [Cam::0 R4233 S4233 E4233 D4230 O4230 #1] [P1::ENQ][Num Q:4233 M:4233 F:4232 R:4232 @136][Type:1 Out:x21 Rec:x0 Raw:0 Cap:0 Exe:1 Flush:x0] [Exp:40005000ns] [MetaCtrl][SCALER_CROP(1) (0,0_3264x2448) ][SENSOR_CROP(0)][RESIZER_SET(0)][RRZ:0-0%33_3](0xb4000076a177c230)(Buf)(816x624)(S:1536:958464 P:0xfdd00000 V:0x750124d000 F:0x2205)(x0)(Crop)(0,0-3264x2448)(816x624) [IMG:5-0%33_3](0xb4000076a178ded0)(Buf)(3264x2448)(S:4080:9987840 P:0xf4c00000 V:0x74fb6ac000 F:0x2201)(x0)(Crop)(0,0-3264x2448)(3264x2448) 
D/ULog    (  625): R AppRequest:4229 M[CameraDevice:187001] -  :mtkcam-AppStreamMgr #130780
E/Camera3-OutputUtils(  597): processCaptureResult: Physical device not found in device info map found!
W/CameraMetadataJV( 3784): Expect face scores and rectangles to be non-null
E/gralloc4( 3784): Empty SMPTE 2094-40 data
I/MtkCam/P1NodeImp(  625): [releaseAction] [Cam::0 R4233 S4233 E4233 D4231 O4230 #1] [P1::DEQ][Num Q:4231 M:4231 F:4230 R:4230 @134][Type:1 Out:x21 Rec:x0 Raw:0 Cap:0 Exe:3 Flush:x0] job(0/1) IMG(proc) RRZ0(0-0-3264x2448)(0-0-816x624)(816x624) T-ns(EXP: 40005000)(Src:0)(SOF: m_2548053319000 b_0)(SS: 2548013314000) ExpExtend(0, 0)Q(SensorTs:2548013314000) [MetaInAPP_0](0x80000000)<N:x0><U:xc> [MetaInHAL_1](0x100000018)<N:x0><U:xc> [MetaOutAPP_2](0x100000024)<W:x2><U:xc> [MetaOutHAL_3](0x10000001b)<W:x2><U:xc> [ImgOutIMG_5](0x100000001)<W:x2><U:xc> [ImgOutRRZ_7](0x100000003)<W:x2><U:xc> [MetaCnt] In(71,17) Out(96,49) Aaa(93,35) Aaa-Isp(93,35) [ApplyRelease] [Last-Frame-Num(4229_17:01:18.842980@05854) 4229 4228 4227 4226 4225 4224 4223 4222 4221 4220 4219 4218 4217 4216 4215 4214 ... ]
I/MtkCam/P1NodeImp(  625): [releaseFrame] [Cam::0 R4233 S4233 E4233 D4231 O4231 #1] [P1::OUT][Num Q:4231 M:4231 F:4230 R:4230 @134][Type:1 Out:x21 Rec:x0 Raw:0 Cap:0 Exe:3 Flush:x0] [Release-0] [DispatchFrame] [Last-Frame-Num(4229_17:01:18.844570@05855) 4229 4228 4227 4226 4225 4224 4223 4222 4221 4220 4219 4218 4217 4216 4215 4214 ... ]
D/zlyNB   ( 3784): ------PhotoDevice2Controller----------0000--
D/zlyNB   ( 3784): ------PhotoDevice2Controller----------0001--
I/MtkCam/P1NodeImp(  625): [setRequest] [Cam::0 R4234 S4234 E4233 D4231 O4231 #1] [P1::SET][Num Q:4234 M:4234 F:4233 R:4233 @0][Type:1 Out:x21 Rec:x0 Raw:0 Cap:0 Exe:1 Flush:x0] Num[4234] Ctrl[1]=[ 4234 ]
I/MtkCam/P1NodeImp(  625): [runQueue] [Cam::0 R4234 S4234 E4233 D4231 O4231 #1] [P1::REQ][Num Q:4235 M:0 F:4234 R:4234 @0][Type:1 Out:x21 Rec:x0 Raw:0 Cap:0 Exe:1 Flush:x0] [META ze:0 ci:1 rt:-1 tn:-1 qc:-1 fi:-1 fr:-1] [New-Request][0] [0] [IMGO:0 (-1,-1)] [Gp:255/0] IOmap-Img[1]=<0_I[0]{}_O[2]{0x100000001,0x100000003}>-Meta[1]=<0_I[2]{0x80000000,0x100000018}_O[2]{0x10000001b,0x100000024}> CfgStream-Img[OutIMG:0x100000001(1),OutRRZ:0x100000003(1)]-Meta[InAPP:0x80000000(1),InHAL:0x100000018(1),OutAPP:0x100000024(1),OutHAL:0x10000001b(1)]  | [PreSet][Key:4235] Num(0) Dummy(0) MetaCnt[APP:71,HAL:18] | [Rev:0] depth(1) burst(1) Que[1]
W/Iop/P2PPWp(  625): [enque] WARNING: using EPathCQ_CQ2, swScenario: 16
D/hwcomposer(  450): (0:0) Layer+ (mva=0x0/sec=0/prot=0/fmt=2/alpha=0:0xff/blend=0001/dim=0/range=0/x=0 y=0 w=480 h=800 s=480 -> x=0 y=0 w=480 h=800/ext_layer=-1 ds=0 fbdc=0 is_mml=0) =
D/ULog    (  625): R AppRequest:4235 M[CameraDevice:187001] +  :mtkcam-dev3 #130781
I/MtkCam/P1NodeImp(  625): [setupAction] [Cam::0 R4234 S4234 E4234 D4231 O4231 #1] [P1::ENQ][Num Q:4234 M:4234 F:4233 R:4233 @137][Type:1 Out:x21 Rec:x0 Raw:0 Cap:0 Exe:1 Flush:x0] [Exp:40005000ns] [MetaCtrl][SCALER_CROP(1) (0,0_3264x2448) ][SENSOR_CROP(0)][RESIZER_SET(0)][RRZ:0-0%34_3](0xb4000076a1770e30)(Buf)(816x624)(S:1536:958464 P:0xfd600000 V:0x74ff391000 F:0x2205)(x0)(Crop)(0,0-3264x2448)(816x624) [IMG:5-0%34_3](0xb4000076a1777130)(Buf)(3264x2448)(S:4080:9987840 P:0xf3e00000 V:0x74fad25000 F:0x2201)(x0)(Crop)(0,0-3264x2448)(3264x2448) 
I/gralloc4(  597): @set_metadata: update dataspace from GM (0x00000000 -> 0x08020000)
E/gralloc4(  597): Empty SMPTE 2094-40 data
D/ULog    (  625): R AppRequest:4230 M[CameraDevice:187001] -  :mtkcam-AppStreamMgr #130782
E/Camera3-OutputUtils(  597): processCaptureResult: Physical device not found in device info map found!
W/CameraMetadataJV( 3784): Expect face scores and rectangles to be non-null
E/gralloc4( 3784): Empty SMPTE 2094-40 data
I/MtkCam/P1NodeImp(  625): [releaseAction] [Cam::0 R4234 S4234 E4234 D4232 O4231 #1] [P1::DEQ][Num Q:4232 M:4232 F:4231 R:4231 @135][Type:1 Out:x21 Rec:x0 Raw:0 Cap:0 Exe:3 Flush:x0] job(0/1) IMG(proc) RRZ0(0-0-3264x2448)(0-0-816x624)(816x624) T-ns(EXP: 40005000)(Src:0)(SOF: m_2548093366000 b_0)(SS: 2548053361000) ExpExtend(0, 0)Q(SensorTs:2548053361000) [MetaInAPP_0](0x80000000)<N:x0><U:xc> [MetaInHAL_1](0x100000018)<N:x0><U:xc> [MetaOutAPP_2](0x100000024)<W:x2><U:xc> [MetaOutHAL_3](0x10000001b)<W:x2><U:xc> [ImgOutIMG_5](0x100000001)<W:x2><U:xc> [ImgOutRRZ_7](0x100000003)<W:x2><U:xc> [MetaCnt] In(71,17) Out(96,49) Aaa(93,35) Aaa-Isp(93,35) [ApplyRelease] [Last-Frame-Num(4230_17:01:18.883122@05854) 4230 4229 4228 4227 4226 4225 4224 4223 4222 4221 4220 4219 4218 4217 4216 4215 ... ]
I/MtkCam/P1NodeImp(  625): [releaseFrame] [Cam::0 R4234 S4234 E4234 D4232 O4232 #1] [P1::OUT][Num Q:4232 M:4232 F:4231 R:4231 @135][Type:1 Out:x21 Rec:x0 Raw:0 Cap:0 Exe:3 Flush:x0] [Release-0] [DispatchFrame] [Last-Frame-Num(4230_17:01:18.885495@05855) 4230 4229 4228 4227 4226 4225 4224 4223 4222 4221 4220 4219 4218 4217 4216 4215 ... ]
D/zlyNB   ( 3784): ------PhotoDevice2Controller----------0000--
D/zlyNB   ( 3784): ------PhotoDevice2Controller----------0001--
W/Iop/P2PPWp(  625): [enque] WARNING: using EPathCQ_CQ2, swScenario: 16
I/MtkCam/P1NodeImp(  625): [setRequest] [Cam::0 R4235 S4235 E4234 D4232 O4232 #0] [P1::SET][Num Q:4235 M:4235 F:4234 R:4234 @0][Type:1 Out:x21 Rec:x0 Raw:0 Cap:0 Exe:1 Flush:x0] Num[4235] Ctrl[1]=[ 4235 ]
I/MtkCam/P1NodeImp(  625): [runQueue] [Cam::0 R4235 S4235 E4234 D4232 O4232 #1] [P1::REQ][Num Q:4236 M:0 F:4235 R:4235 @0][Type:1 Out:x21 Rec:x0 Raw:0 Cap:0 Exe:1 Flush:x0] [META ze:0 ci:1 rt:-1 tn:-1 qc:-1 fi:-1 fr:-1] [New-Request][0] [0] [IMGO:0 (-1,-1)] [Gp:255/0] IOmap-Img[1]=<0_I[0]{}_O[2]{0x100000001,0x100000003}>-Meta[1]=<0_I[2]{0x80000000,0x100000018}_O[2]{0x10000001b,0x100000024}> CfgStream-Img[OutIMG:0x100000001(1),OutRRZ:0x100000003(1)]-Meta[InAPP:0x80000000(1),InHAL:0x100000018(1),OutAPP:0x100000024(1),OutHAL:0x10000001b(1)]  | [PreSet][Key:4236] Num(0) Dummy(0) MetaCnt[APP:71,HAL:18] | [Rev:0] depth(1) burst(1) Que[1]
D/ULog    (  625): R AppRequest:4236 M[CameraDevice:187001] +  :mtkcam-dev3 #130783
I/MtkCam/P1NodeImp(  625): [setupAction] [Cam::0 R4235 S4235 E4235 D4232 O4232 #1] [P1::ENQ][Num Q:4235 M:4235 F:4234 R:4234 @138][Type:1 Out:x21 Rec:x0 Raw:0 Cap:0 Exe:1 Flush:x0] [Exp:40005000ns] [MetaCtrl][SCALER_CROP(1) (0,0_3264x2448) ][SENSOR_CROP(0)][RESIZER_SET(0)][RRZ:0-0%35_3](0xb4000076a178c850)(Buf)(816x624)(S:1536:958464 P:0xfcc00000 V:0x74ff1a0000 F:0x2205)(x0)(Crop)(0,0-3264x2448)(816x624) [IMG:5-0%35_3](0xb4000076a178c610)(Buf)(3264x2448)(S:4080:9987840 P:0xf3200000 V:0x74fa39e000 F:0x2201)(x0)(Crop)(0,0-3264x2448)(3264x2448) 
I/gralloc4(  597): @set_metadata: update dataspace from GM (0x00000000 -> 0x08020000)
E/gralloc4(  597): Empty SMPTE 2094-40 data
D/ULog    (  625): R AppRequest:4231 M[CameraDevice:187001] -  :mtkcam-AppStreamMgr #130784
E/Camera3-OutputUtils(  597): processCaptureResult: Physical device not found in device info map found!
W/CameraMetadataJV( 3784): Expect face scores and rectangles to be non-null
E/gralloc4( 3784): Empty SMPTE 2094-40 data
I/MtkCam/P1NodeImp(  625): [releaseAction] [Cam::0 R4235 S4235 E4235 D4233 O4232 #1] [P1::DEQ][Num Q:4233 M:4233 F:4232 R:4232 @136][Type:1 Out:x21 Rec:x0 Raw:0 Cap:0 Exe:3 Flush:x0] job(0/1) IMG(proc) RRZ0(0-0-3264x2448)(0-0-816x624)(816x624) T-ns(EXP: 40005000)(Src:0)(SOF: m_2548133421000 b_0)(SS: 2548093416000) ExpExtend(0, 0)Q(SensorTs:2548093416000) [MetaInAPP_0](0x80000000)<N:x0><U:xc> [MetaInHAL_1](0x100000018)<N:x0><U:xc> [MetaOutAPP_2](0x100000024)<W:x2><U:xc> [MetaOutHAL_3](0x10000001b)<W:x2><U:xc> [ImgOutIMG_5](0x100000001)<W:x2><U:xc> [ImgOutRRZ_7](0x100000003)<W:x2><U:xc> [MetaCnt] In(71,17) Out(96,49) Aaa(93,35) Aaa-Isp(93,35) [ApplyRelease] [Last-Frame-Num(4231_17:01:18.923235@05854) 4231 4230 4229 4228 4227 4226 4225 4224 4223 4222 4221 4220 4219 4218 4217 4216 ... ]
I/MtkCam/P1NodeImp(  625): [releaseFrame] [Cam::0 R4235 S4235 E4235 D4233 O4233 #1] [P1::OUT][Num Q:4233 M:4233 F:4232 R:4232 @136][Type:1 Out:x21 Rec:x0 Raw:0 Cap:0 Exe:3 Flush:x0] [Release-0] [DispatchFrame] [Last-Frame-Num(4231_17:01:18.925948@05855) 4231 4230 4229 4228 4227 4226 4225 4224 4223 4222 4221 4220 4219 4218 4217 4216 ... ]
D/zlyNB   ( 3784): ------PhotoDevice2Controller----------0000--
D/zlyNB   ( 3784): ------PhotoDevice2Controller----------0001--
W/Iop/P2PPWp(  625): [enque] WARNING: using EPathCQ_CQ2, swScenario: 16
I/MtkCam/P1NodeImp(  625): [setRequest] [Cam::0 R4236 S4236 E4235 D4233 O4233 #0] [P1::SET][Num Q:4236 M:4236 F:4235 R:4235 @0][Type:1 Out:x21 Rec:x0 Raw:0 Cap:0 Exe:1 Flush:x0] Num[4236] Ctrl[1]=[ 4236 ]
I/MtkCam/P1NodeImp(  625): [runQueue] [Cam::0 R4236 S4236 E4235 D4233 O4233 #1] [P1::REQ][Num Q:4237 M:0 F:4236 R:4236 @0][Type:1 Out:x21 Rec:x0 Raw:0 Cap:0 Exe:1 Flush:x0] [META ze:0 ci:1 rt:-1 tn:-1 qc:-1 fi:-1 fr:-1] [New-Request][0] [0] [IMGO:0 (-1,-1)] [Gp:255/0] IOmap-Img[1]=<0_I[0]{}_O[2]{0x100000001,0x100000003}>-Meta[1]=<0_I[2]{0x80000000,0x100000018}_O[2]{0x10000001b,0x100000024}> CfgStream-Img[OutIMG:0x100000001(1),OutRRZ:0x100000003(1)]-Meta[InAPP:0x80000000(1),InHAL:0x100000018(1),OutAPP:0x100000024(1),OutHAL:0x10000001b(1)]  | [PreSet][Key:4237] Num(0) Dummy(0) MetaCnt[APP:71,HAL:18] | [Rev:0] depth(1) burst(1) Que[1]
D/ShadingTrans_RA(  625): [AppLscUtil] constructor
D/ULog    (  625): R AppRequest:4237 M[CameraDevice:187001] +  :mtkcam-dev3 #130785
D/ShadingTrans_RA(  625): [LscRaSwInit]
D/ShadingTrans_RA(  625): [init_ra_working_buffer]
D/ShadingTrans_RA(  625): [LscRaSwMain] 
D/ShadingTrans_RA(  625): [~AppLscUtil] destructor
I/gralloc4(  597): @set_metadata: update dataspace from GM (0x00000000 -> 0x08020000)
E/gralloc4(  597): Empty SMPTE 2094-40 data
I/MtkCam/P1NodeImp(  625): [setupAction] [Cam::0 R4236 S4236 E4236 D4233 O4233 #1] [P1::ENQ][Num Q:4236 M:4236 F:4235 R:4235 @139][Type:1 Out:x21 Rec:x0 Raw:0 Cap:0 Exe:1 Flush:x0] [Exp:40005000ns] [MetaCtrl][SCALER_CROP(1) (0,0_3264x2448) ][SENSOR_CROP(0)][RESIZER_SET(0)][RRZ:0-0%36_3](0xb4000076a178ded0)(Buf)(816x624)(S:1536:958464 P:0xfbf00000 V:0x74ff0b6000 F:0x2205)(x0)(Crop)(0,0-3264x2448)(816x624) [IMG:5-0%36_3](0xb4000076a178f790)(Buf)(3264x2448)(S:4080:9987840 P:0xf8c00000 V:0x7501da8000 F:0x2201)(x0)(Crop)(0,0-3264x2448)(3264x2448) 
D/ULog    (  625): R AppRequest:4232 M[CameraDevice:187001] -  :mtkcam-AppStreamMgr #130786
E/Camera3-OutputUtils(  597): processCaptureResult: Physical device not found in device info map found!
W/CameraMetadataJV( 3784): Expect face scores and rectangles to be non-null
E/gralloc4( 3784): Empty SMPTE 2094-40 data
I/MtkCam/P1NodeImp(  625): [releaseAction] [Cam::0 R4236 S4236 E4236 D4234 O4233 #1] [P1::DEQ][Num Q:4234 M:4234 F:4233 R:4233 @137][Type:1 Out:x21 Rec:x0 Raw:0 Cap:0 Exe:3 Flush:x0] job(0/1) IMG(proc) RRZ0(0-0-3264x2448)(0-0-816x624)(816x624) T-ns(EXP: 40005000)(Src:0)(SOF: m_2548173455000 b_0)(SS: 2548133450000) ExpExtend(0, 0)Q(SensorTs:2548133450000) [MetaInAPP_0](0x80000000)<N:x0><U:xc> [MetaInHAL_1](0x100000018)<N:x0><U:xc> [MetaOutAPP_2](0x100000024)<W:x2><U:xc> [MetaOutHAL_3](0x10000001b)<W:x2><U:xc> [ImgOutIMG_5](0x100000001)<W:x2><U:xc> [ImgOutRRZ_7](0x100000003)<W:x2><U:xc> [MetaCnt] In(71,17) Out(96,49) Aaa(93,35) Aaa-Isp(93,35) [ApplyRelease] [Last-Frame-Num(4232_17:01:18.962930@05854) 4232 4231 4230 4229 4228 4227 4226 4225 4224 4223 4222 4221 4220 4219 4218 4217 ... ]
I/MtkCam/P1NodeImp(  625): [releaseFrame] [Cam::0 R4236 S4236 E4236 D4234 O4234 #1] [P1::OUT][Num Q:4234 M:4234 F:4233 R:4233 @137][Type:1 Out:x21 Rec:x0 Raw:0 Cap:0 Exe:3 Flush:x0] [Release-0] [DispatchFrame] [Last-Frame-Num(4232_17:01:18.964854@05855) 4232 4231 4230 4229 4228 4227 4226 4225 4224 4223 4222 4221 4220 4219 4218 4217 ... ]
D/zlyNB   ( 3784): ------PhotoDevice2Controller----------0000--
D/zlyNB   ( 3784): ------PhotoDevice2Controller----------0001--
W/Iop/P2PPWp(  625): [enque] WARNING: using EPathCQ_CQ2, swScenario: 16
I/MtkCam/P1NodeImp(  625): [setRequest] [Cam::0 R4237 S4237 E4236 D4234 O4234 #1] [P1::SET][Num Q:4237 M:4237 F:4236 R:4236 @0][Type:1 Out:x21 Rec:x0 Raw:0 Cap:0 Exe:1 Flush:x0] Num[4237] Ctrl[1]=[ 4237 ]
I/MtkCam/P1NodeImp(  625): [runQueue] [Cam::0 R4237 S4237 E4236 D4234 O4234 #1] [P1::REQ][Num Q:4238 M:0 F:4237 R:4237 @0][Type:1 Out:x21 Rec:x0 Raw:0 Cap:0 Exe:1 Flush:x0] [META ze:0 ci:1 rt:-1 tn:-1 qc:-1 fi:-1 fr:-1] [New-Request][0] [0] [IMGO:0 (-1,-1)] [Gp:255/0] IOmap-Img[1]=<0_I[0]{}_O[2]{0x100000001,0x100000003}>-Meta[1]=<0_I[2]{0x80000000,0x100000018}_O[2]{0x10000001b,0x100000024}> CfgStream-Img[OutIMG:0x100000001(1),OutRRZ:0x100000003(1)]-Meta[InAPP:0x80000000(1),InHAL:0x100000018(1),OutAPP:0x100000024(1),OutHAL:0x10000001b(1)]  | [PreSet][Key:4238] Num(0) Dummy(0) MetaCnt[APP:71,HAL:18] | [Rev:0] depth(1) burst(1) Que[1]
D/ULog    (  625): R AppRequest:4238 M[CameraDevice:187001] +  :mtkcam-dev3 #130787
I/MtkCam/P1NodeImp(  625): [setupAction] [Cam::0 R4237 S4237 E4237 D4234 O4234 #1] [P1::ENQ][Num Q:4237 M:4237 F:4236 R:4236 @140][Type:1 Out:x21 Rec:x0 Raw:0 Cap:0 Exe:1 Flush:x0] [Exp:40005000ns] [MetaCtrl][SCALER_CROP(1) (0,0_3264x2448) ][SENSOR_CROP(0)][RESIZER_SET(0)][RRZ:0-0%37_3](0xb4000076a1773470)(Buf)(816x624)(S:1536:958464 P:0xfbe00000 V:0x74feec5000 F:0x2205)(x0)(Crop)(0,0-3264x2448)(816x624) [IMG:5-0%37_3](0xb4000076a176fb10)(Buf)(3264x2448)(S:4080:9987840 P:0xf8200000 V:0x7501337000 F:0x2201)(x0)(Crop)(0,0-3264x2448)(3264x2448) 
I/gralloc4(  597): @set_metadata: update dataspace from GM (0x00000000 -> 0x08020000)
D/ULog    (  625): R AppRequest:4233 M[CameraDevice:187001] -  :mtkcam-AppStreamMgr #130788
E/gralloc4(  597): Empty SMPTE 2094-40 data
E/Camera3-OutputUtils(  597): processCaptureResult: Physical device not found in device info map found!
W/CameraMetadataJV( 3784): Expect face scores and rectangles to be non-null
E/gralloc4( 3784): Empty SMPTE 2094-40 data
I/MtkCam/P1NodeImp(  625): [releaseAction] [Cam::0 R4237 S4237 E4237 D4235 O4234 #1] [P1::DEQ][Num Q:4235 M:4235 F:4234 R:4234 @138][Type:1 Out:x21 Rec:x0 Raw:0 Cap:0 Exe:3 Flush:x0] job(0/1) IMG(proc) RRZ0(0-0-3264x2448)(0-0-816x624)(816x624) T-ns(EXP: 40005000)(Src:0)(SOF: m_2548213496000 b_0)(SS: 2548173491000) ExpExtend(0, 0)Q(SensorTs:2548173491000) [MetaInAPP_0](0x80000000)<N:x0><U:xc> [MetaInHAL_1](0x100000018)<N:x0><U:xc> [MetaOutAPP_2](0x100000024)<W:x2><U:xc> [MetaOutHAL_3](0x10000001b)<W:x2><U:xc> [ImgOutIMG_5](0x100000001)<W:x2><U:xc> [ImgOutRRZ_7](0x100000003)<W:x2><U:xc> [MetaCnt] In(71,17) Out(96,49) Aaa(93,35) Aaa-Isp(93,35) [ApplyRelease] [Last-Frame-Num(4233_17:01:19.003464@05854) 4233 4232 4231 4230 4229 4228 4227 4226 4225 4224 4223 4222 4221 4220 4219 4218 ... ]
I/MtkCam/P1NodeImp(  625): [releaseFrame] [Cam::0 R4237 S4237 E4237 D4235 O4235 #1] [P1::OUT][Num Q:4235 M:4235 F:4234 R:4234 @138][Type:1 Out:x21 Rec:x0 Raw:0 Cap:0 Exe:3 Flush:x0] [Release-0] [DispatchFrame] [Last-Frame-Num(4233_17:01:19.005483@05855) 4233 4232 4231 4230 4229 4228 4227 4226 4225 4224 4223 4222 4221 4220 4219 4218 ... ]
D/zlyNB   ( 3784): ------PhotoDevice2Controller----------0000--
D/zlyNB   ( 3784): ------PhotoDevice2Controller----------0001--
W/Iop/P2PPWp(  625): [enque] WARNING: using EPathCQ_CQ2, swScenario: 16
I/MtkCam/P1NodeImp(  625): [setRequest] [Cam::0 R4238 S4238 E4237 D4235 O4235 #1] [P1::SET][Num Q:4238 M:4238 F:4237 R:4237 @0][Type:1 Out:x21 Rec:x0 Raw:0 Cap:0 Exe:1 Flush:x0] Num[4238] Ctrl[1]=[ 4238 ]
I/MtkCam/P1NodeImp(  625): [runQueue] [Cam::0 R4238 S4238 E4237 D4235 O4235 #1] [P1::REQ][Num Q:4239 M:0 F:4238 R:4238 @0][Type:1 Out:x21 Rec:x0 Raw:0 Cap:0 Exe:1 Flush:x0] [META ze:0 ci:1 rt:-1 tn:-1 qc:-1 fi:-1 fr:-1] [New-Request][0] [0] [IMGO:0 (-1,-1)] [Gp:255/0] IOmap-Img[1]=<0_I[0]{}_O[2]{0x100000001,0x100000003}>-Meta[1]=<0_I[2]{0x80000000,0x100000018}_O[2]{0x10000001b,0x100000024}> CfgStream-Img[OutIMG:0x100000001(1),OutRRZ:0x100000003(1)]-Meta[InAPP:0x80000000(1),InHAL:0x100000018(1),OutAPP:0x100000024(1),OutHAL:0x10000001b(1)]  | [PreSet][Key:4239] Num(0) Dummy(0) MetaCnt[APP:71,HAL:18] | [Rev:0] depth(1) burst(1) Que[1]
D/ULog    (  625): R AppRequest:4239 M[CameraDevice:187001] +  :mtkcam-dev3 #130789
I/MtkCam/P1NodeImp(  625): [setupAction] [Cam::0 R4238 S4238 E4238 D4235 O4235 #1] [P1::ENQ][Num Q:4238 M:4238 F:4237 R:4237 @141][Type:1 Out:x21 Rec:x0 Raw:0 Cap:0 Exe:1 Flush:x0] [Exp:40005000ns] [MetaCtrl][SCALER_CROP(1) (0,0_3264x2448) ][SENSOR_CROP(0)][RESIZER_SET(0)][RRZ:0-0%38_3](0xb4000076a178c850)(Buf)(816x624)(S:1536:958464 P:0xfbd00000 V:0x74fa2b4000 F:0x2205)(x0)(Crop)(0,0-3264x2448)(816x624) [IMG:5-0%38_3](0xb4000076a1776290)(Buf)(3264x2448)(S:4080:9987840 P:0xf7400000 V:0x75008c6000 F:0x2201)(x0)(Crop)(0,0-3264x2448)(3264x2448) 
D/ULog    (  625): R AppRequest:4234 M[CameraDevice:187001] -  :mtkcam-AppStreamMgr #130790
I/gralloc4(  597): @set_metadata: update dataspace from GM (0x00000000 -> 0x08020000)
E/gralloc4(  597): Empty SMPTE 2094-40 data
E/Camera3-OutputUtils(  597): processCaptureResult: Physical device not found in device info map found!
W/CameraMetadataJV( 3784): Expect face scores and rectangles to be non-null
E/gralloc4( 3784): Empty SMPTE 2094-40 data
I/MtkCam/P1NodeImp(  625): [releaseAction] [Cam::0 R4238 S4238 E4238 D4236 O4235 #1] [P1::DEQ][Num Q:4236 M:4236 F:4235 R:4235 @139][Type:1 Out:x21 Rec:x0 Raw:0 Cap:0 Exe:3 Flush:x0] job(0/1) IMG(proc) RRZ0(0-0-3264x2448)(0-0-816x624)(816x624) T-ns(EXP: 40005000)(Src:0)(SOF: m_2548253545000 b_0)(SS: 2548213540000) ExpExtend(0, 0)Q(SensorTs:2548213540000) [MetaInAPP_0](0x80000000)<N:x0><U:xc> [MetaInHAL_1](0x100000018)<N:x0><U:xc> [MetaOutAPP_2](0x100000024)<W:x2><U:xc> [MetaOutHAL_3](0x10000001b)<W:x2><U:xc> [ImgOutIMG_5](0x100000001)<W:x2><U:xc> [ImgOutRRZ_7](0x100000003)<W:x2><U:xc> [MetaCnt] In(71,17) Out(96,49) Aaa(93,35) Aaa-Isp(93,35) [ApplyRelease] [Last-Frame-Num(4234_17:01:19.043819@05854) 4234 4233 4232 4231 4230 4229 4228 4227 4226 4225 4224 4223 4222 4221 4220 4219 ... ]
I/MtkCam/P1NodeImp(  625): [releaseFrame] [Cam::0 R4238 S4238 E4238 D4236 O4236 #1] [P1::OUT][Num Q:4236 M:4236 F:4235 R:4235 @139][Type:1 Out:x21 Rec:x0 Raw:0 Cap:0 Exe:3 Flush:x0] [Release-0] [DispatchFrame] [Last-Frame-Num(4234_17:01:19.046217@05855) 4234 4233 4232 4231 4230 4229 4228 4227 4226 4225 4224 4223 4222 4221 4220 4219 ... ]
D/zlyNB   ( 3784): ------PhotoDevice2Controller----------0000--
D/zlyNB   ( 3784): ------PhotoDevice2Controller----------0001--
W/Iop/P2PPWp(  625): [enque] WARNING: using EPathCQ_CQ2, swScenario: 16
I/MtkCam/P1NodeImp(  625): [setRequest] [Cam::0 R4239 S4239 E4238 D4236 O4236 #0] [P1::SET][Num Q:4239 M:4239 F:4238 R:4238 @0][Type:1 Out:x21 Rec:x0 Raw:0 Cap:0 Exe:1 Flush:x0] Num[4239] Ctrl[1]=[ 4239 ]
I/MtkCam/P1NodeImp(  625): [runQueue] [Cam::0 R4239 S4239 E4238 D4236 O4236 #1] [P1::REQ][Num Q:4240 M:0 F:4239 R:4239 @0][Type:1 Out:x21 Rec:x0 Raw:0 Cap:0 Exe:1 Flush:x0] [META ze:0 ci:1 rt:-1 tn:-1 qc:-1 fi:-1 fr:-1] [New-Request][0] [0] [IMGO:0 (-1,-1)] [Gp:255/0] IOmap-Img[1]=<0_I[0]{}_O[2]{0x100000001,0x100000003}>-Meta[1]=<0_I[2]{0x80000000,0x100000018}_O[2]{0x10000001b,0x100000024}> CfgStream-Img[OutIMG:0x100000001(1),OutRRZ:0x100000003(1)]-Meta[InAPP:0x80000000(1),InHAL:0x100000018(1),OutAPP:0x100000024(1),OutHAL:0x10000001b(1)]  | [PreSet][Key:4240] Num(0) Dummy(0) MetaCnt[APP:71,HAL:18] | [Rev:0] depth(1) burst(1) Que[1]
D/ULog    (  625): R AppRequest:4240 M[CameraDevice:187001] +  :mtkcam-dev3 #130791
I/MtkCam/P1NodeImp(  625): [setupAction] [Cam::0 R4239 S4239 E4239 D4236 O4236 #1] [P1::ENQ][Num Q:4239 M:4239 F:4238 R:4238 @142][Type:1 Out:x21 Rec:x0 Raw:0 Cap:0 Exe:1 Flush:x0] [Exp:40005000ns] [MetaCtrl][SCALER_CROP(1) (0,0_3264x2448) ][SENSOR_CROP(0)][RESIZER_SET(0)][RRZ:0-0%39_3](0xb4000076a178b530)(Buf)(816x624)(S:1536:958464 P:0xfbc00000 V:0x74fa1ca000 F:0x2205)(x0)(Crop)(0,0-3264x2448)(816x624) [IMG:5-0%39_3](0xb4000076a178cf10)(Buf)(3264x2448)(S:4080:9987840 P:0xf6200000 V:0x74fc033000 F:0x2201)(x0)(Crop)(0,0-3264x2448)(3264x2448) 
D/ULog    (  625): R AppRequest:4235 M[CameraDevice:187001] -  :mtkcam-AppStreamMgr #130792
I/gralloc4(  597): @set_metadata: update dataspace from GM (0x00000000 -> 0x08020000)
E/gralloc4(  597): Empty SMPTE 2094-40 data
E/Camera3-OutputUtils(  597): processCaptureResult: Physical device not found in device info map found!
W/CameraMetadataJV( 3784): Expect face scores and rectangles to be non-null
E/gralloc4( 3784): Empty SMPTE 2094-40 data
I/MtkCam/P1NodeImp(  625): [releaseAction] [Cam::0 R4239 S4239 E4239 D4237 O4236 #1] [P1::DEQ][Num Q:4237 M:4237 F:4236 R:4236 @140][Type:1 Out:x21 Rec:x0 Raw:0 Cap:0 Exe:3 Flush:x0] job(0/1) IMG(proc) RRZ0(0-0-3264x2448)(0-0-816x624)(816x624) T-ns(EXP: 40005000)(Src:0)(SOF: m_2548293580000 b_0)(SS: 2548253575000) ExpExtend(0, 0)Q(SensorTs:2548253575000) [MetaInAPP_0](0x80000000)<N:x0><U:xc> [MetaInHAL_1](0x100000018)<N:x0><U:xc> [MetaOutAPP_2](0x100000024)<W:x2><U:xc> [MetaOutHAL_3](0x10000001b)<W:x2><U:xc> [ImgOutIMG_5](0x100000001)<W:x2><U:xc> [ImgOutRRZ_7](0x100000003)<W:x2><U:xc> [MetaCnt] In(71,17) Out(96,49) Aaa(93,35) Aaa-Isp(93,35) [ApplyRelease] [Last-Frame-Num(4235_17:01:19.082810@05854) 4235 4234 4233 4232 4231 4230 4229 4228 4227 4226 4225 4224 4223 4222 4221 4220 ... ]
I/MtkCam/P1NodeImp(  625): [releaseFrame] [Cam::0 R4239 S4239 E4239 D4237 O4237 #1] [P1::OUT][Num Q:4237 M:4237 F:4236 R:4236 @140][Type:1 Out:x21 Rec:x0 Raw:0 Cap:0 Exe:3 Flush:x0] [Release-0] [DispatchFrame] [Last-Frame-Num(4235_17:01:19.084219@05855) 4235 4234 4233 4232 4231 4230 4229 4228 4227 4226 4225 4224 4223 4222 4221 4220 ... ]
D/zlyNB   ( 3784): ------PhotoDevice2Controller----------0000--
D/zlyNB   ( 3784): ------PhotoDevice2Controller----------0001--
D/hwcomposer(  450): (0:1) Layer+ (mva=0x0/sec=0/prot=0/fmt=1/alpha=1:0xff/blend=0002/dim=0/range=0/x=0 y=0 w=480 h=72 s=480 -> x=0 y=728 w=480 h=72/ext_layer=-1 ds=0 fbdc=0 is_mml=0) =
D/hwcomposer(  450): (0:2) Layer+ (mva=0x0/sec=0/prot=0/fmt=1/alpha=1:0xff/blend=0002/dim=0/range=0/x=0 y=0 w=480 h=36 s=480 -> x=0 y=0 w=480 h=36/ext_layer=-1 ds=0 fbdc=0 is_mml=0) =
W/Iop/P2PPWp(  625): [enque] WARNING: using EPathCQ_CQ2, swScenario: 16
I/MtkCam/P1NodeImp(  625): [setRequest] [Cam::0 R4240 S4240 E4239 D4237 O4237 #0] [P1::SET][Num Q:4240 M:4240 F:4239 R:4239 @0][Type:1 Out:x21 Rec:x0 Raw:0 Cap:0 Exe:1 Flush:x0] Num[4240] Ctrl[1]=[ 4240 ]
I/MtkCam/P1NodeImp(  625): [runQueue] [Cam::0 R4240 S4240 E4239 D4237 O4237 #1] [P1::REQ][Num Q:4241 M:0 F:4240 R:4240 @0][Type:1 Out:x21 Rec:x0 Raw:0 Cap:0 Exe:1 Flush:x0] [META ze:0 ci:1 rt:-1 tn:-1 qc:-1 fi:-1 fr:-1] [New-Request][0] [0] [IMGO:0 (-1,-1)] [Gp:255/0] IOmap-Img[1]=<0_I[0]{}_O[2]{0x100000001,0x100000003}>-Meta[1]=<0_I[2]{0x80000000,0x100000018}_O[2]{0x10000001b,0x100000024}> CfgStream-Img[OutIMG:0x100000001(1),OutRRZ:0x100000003(1)]-Meta[InAPP:0x80000000(1),InHAL:0x100000018(1),OutAPP:0x100000024(1),OutHAL:0x10000001b(1)]  | [PreSet][Key:4241] Num(0) Dummy(0) MetaCnt[APP:71,HAL:18] | [Rev:0] depth(1) burst(1) Que[1]
D/ShadingTrans_RA(  625): [AppLscUtil] constructor
D/ULog    (  625): R AppRequest:4241 M[CameraDevice:187001] +  :mtkcam-dev3 #130793
D/ShadingTrans_RA(  625): [LscRaSwInit]
D/ShadingTrans_RA(  625): [init_ra_working_buffer]
D/ShadingTrans_RA(  625): [LscRaSwMain] 
D/ShadingTrans_RA(  625): [~AppLscUtil] destructor
I/MtkCam/fdNodeImp(  625): [RunFaceDetection] check FD frame timestamp : 2548293580000
I/gralloc4(  597): @set_metadata: update dataspace from GM (0x00000000 -> 0x08020000)
E/gralloc4(  597): Empty SMPTE 2094-40 data
I/MtkCam/fdNodeImp(  625): [RunFaceDetection] check FD count : 362, duration : 120
I/MtkCam/P1NodeImp(  625): [setupAction] [Cam::0 R4240 S4240 E4240 D4237 O4237 #1] [P1::ENQ][Num Q:4240 M:4240 F:4239 R:4239 @143][Type:1 Out:x21 Rec:x0 Raw:0 Cap:0 Exe:1 Flush:x0] [Exp:40005000ns] [MetaCtrl][SCALER_CROP(1) (0,0_3264x2448) ][SENSOR_CROP(0)][RESIZER_SET(0)][RRZ:0-0%40_3](0xb4000076a1790cf0)(Buf)(816x624)(S:1536:958464 P:0xfe500000 V:0x750272f000 F:0x2205)(x0)(Crop)(0,0-3264x2448)(816x624) [IMG:5-0%40_3](0xb4000076a178e6b0)(Buf)(3264x2448)(S:4080:9987840 P:0xf4c00000 V:0x74fb6ac000 F:0x2201)(x0)(Crop)(0,0-3264x2448)(3264x2448) 
D/ULog    (  625): R AppRequest:4236 M[CameraDevice:187001] -  :mtkcam-AppStreamMgr #130794
E/Camera3-OutputUtils(  597): processCaptureResult: Physical device not found in device info map found!
W/CameraMetadataJV( 3784): Expect face scores and rectangles to be non-null
E/gralloc4( 3784): Empty SMPTE 2094-40 data
I/MtkCam/P1NodeImp(  625): [releaseAction] [Cam::0 R4240 S4240 E4240 D4238 O4237 #1] [P1::DEQ][Num Q:4238 M:4238 F:4237 R:4237 @141][Type:1 Out:x21 Rec:x0 Raw:0 Cap:0 Exe:3 Flush:x0] job(0/1) IMG(proc) RRZ0(0-0-3264x2448)(0-0-816x624)(816x624) T-ns(EXP: 40005000)(Src:0)(SOF: m_2548333632000 b_0)(SS: 2548293627000) ExpExtend(0, 0)Q(SensorTs:2548293627000) [MetaInAPP_0](0x80000000)<N:x0><U:xc> [MetaInHAL_1](0x100000018)<N:x0><U:xc> [MetaOutAPP_2](0x100000024)<W:x2><U:xc> [MetaOutHAL_3](0x10000001b)<W:x2><U:xc> [ImgOutIMG_5](0x100000001)<W:x2><U:xc> [ImgOutRRZ_7](0x100000003)<W:x2><U:xc> [MetaCnt] In(71,17) Out(96,49) Aaa(93,35) Aaa-Isp(93,35) [ApplyRelease] [Last-Frame-Num(4236_17:01:19.123646@05854) 4236 4235 4234 4233 4232 4231 4230 4229 4228 4227 4226 4225 4224 4223 4222 4221 ... ]
I/MtkCam/P1NodeImp(  625): [releaseFrame] [Cam::0 R4240 S4240 E4240 D4238 O4238 #1] [P1::OUT][Num Q:4238 M:4238 F:4237 R:4237 @141][Type:1 Out:x21 Rec:x0 Raw:0 Cap:0 Exe:3 Flush:x0] [Release-0] [DispatchFrame] [Last-Frame-Num(4236_17:01:19.124930@05855) 4236 4235 4234 4233 4232 4231 4230 4229 4228 4227 4226 4225 4224 4223 4222 4221 ... ]
D/zlyNB   ( 3784): ------PhotoDevice2Controller----------0000--
D/zlyNB   ( 3784): ------PhotoDevice2Controller----------0001--
W/Iop/P2PPWp(  625): [enque] WARNING: using EPathCQ_CQ2, swScenario: 16
I/MtkCam/P1NodeImp(  625): [setRequest] [Cam::0 R4241 S4241 E4240 D4238 O4238 #0] [P1::SET][Num Q:4241 M:4241 F:4240 R:4240 @0][Type:1 Out:x21 Rec:x0 Raw:0 Cap:0 Exe:1 Flush:x0] Num[4241] Ctrl[1]=[ 4241 ]
I/libPerfCtl(  467): xgfGetFPS pid:3784 fps:25
I/MtkCam/P1NodeImp(  625): [runQueue] [Cam::0 R4241 S4241 E4240 D4238 O4238 #1] [P1::REQ][Num Q:4242 M:0 F:4241 R:4241 @0][Type:1 Out:x21 Rec:x0 Raw:0 Cap:0 Exe:1 Flush:x0] [META ze:0 ci:1 rt:-1 tn:-1 qc:-1 fi:-1 fr:-1] [New-Request][0] [0] [IMGO:0 (-1,-1)] [Gp:255/0] IOmap-Img[1]=<0_I[0]{}_O[2]{0x100000001,0x100000003}>-Meta[1]=<0_I[2]{0x80000000,0x100000018}_O[2]{0x10000001b,0x100000024}> CfgStream-Img[OutIMG:0x100000001(1),OutRRZ:0x100000003(1)]-Meta[InAPP:0x80000000(1),InHAL:0x100000018(1),OutAPP:0x100000024(1),OutHAL:0x10000001b(1)]  | [PreSet][Key:4242] Num(0) Dummy(0) MetaCnt[APP:71,HAL:18] | [Rev:0] depth(1) burst(1) Que[1]
D/ULog    (  625): R AppRequest:4242 M[CameraDevice:187001] +  :mtkcam-dev3 #130795
I/gralloc4(  597): @set_metadata: update dataspace from GM (0x00000000 -> 0x08020000)
E/gralloc4(  597): Empty SMPTE 2094-40 data
D/ULog    (  625): R AppRequest:4237 M[CameraDevice:187001] -  :mtkcam-AppStreamMgr #130796
I/MtkCam/P1NodeImp(  625): [setupAction] [Cam::0 R4241 S4241 E4241 D4238 O4238 #1] [P1::ENQ][Num Q:4241 M:4241 F:4240 R:4240 @144][Type:1 Out:x21 Rec:x0 Raw:0 Cap:0 Exe:1 Flush:x0] [Exp:40005000ns] [MetaCtrl][SCALER_CROP(1) (0,0_3264x2448) ][SENSOR_CROP(0)][RESIZER_SET(0)][RRZ:0-0%41_3](0xb4000076a178c850)(Buf)(816x624)(S:1536:958464 P:0xfe400000 V:0x7501cbe000 F:0x2205)(x0)(Crop)(0,0-3264x2448)(816x624) [IMG:5-0%41_3](0xb4000076a1772a50)(Buf)(3264x2448)(S:4080:9987840 P:0xf3e00000 V:0x74fad25000 F:0x2201)(x0)(Crop)(0,0-3264x2448)(3264x2448) 
E/Camera3-OutputUtils(  597): processCaptureResult: Physical device not found in device info map found!
W/CameraMetadataJV( 3784): Expect face scores and rectangles to be non-null
E/gralloc4( 3784): Empty SMPTE 2094-40 data
I/MtkCam/P1NodeImp(  625): [releaseAction] [Cam::0 R4241 S4241 E4241 D4239 O4238 #1] [P1::DEQ][Num Q:4239 M:4239 F:4238 R:4238 @142][Type:1 Out:x21 Rec:x0 Raw:0 Cap:0 Exe:3 Flush:x0] job(0/1) IMG(proc) RRZ0(0-0-3264x2448)(0-0-816x624)(816x624) T-ns(EXP: 40005000)(Src:0)(SOF: m_2548373665000 b_0)(SS: 2548333660000) ExpExtend(0, 0)Q(SensorTs:2548333660000) [MetaInAPP_0](0x80000000)<N:x0><U:xc> [MetaInHAL_1](0x100000018)<N:x0><U:xc> [MetaOutAPP_2](0x100000024)<W:x2><U:xc> [MetaOutHAL_3](0x10000001b)<W:x2><U:xc> [ImgOutIMG_5](0x100000001)<W:x2><U:xc> [ImgOutRRZ_7](0x100000003)<W:x2><U:xc> [MetaCnt] In(71,17) Out(96,49) Aaa(93,35) Aaa-Isp(93,35) [ApplyRelease] [Last-Frame-Num(4237_17:01:19.163711@05854) 4237 4236 4235 4234 4233 4232 4231 4230 4229 4228 4227 4226 4225 4224 4223 4222 ... ]
I/MtkCam/P1NodeImp(  625): [releaseFrame] [Cam::0 R4241 S4241 E4241 D4239 O4239 #1] [P1::OUT][Num Q:4239 M:4239 F:4238 R:4238 @142][Type:1 Out:x21 Rec:x0 Raw:0 Cap:0 Exe:3 Flush:x0] [Release-0] [DispatchFrame] [Last-Frame-Num(4237_17:01:19.165180@05855) 4237 4236 4235 4234 4233 4232 4231 4230 4229 4228 4227 4226 4225 4224 4223 4222 ... ]
D/zlyNB   ( 3784): ------PhotoDevice2Controller----------0000--
D/zlyNB   ( 3784): ------PhotoDevice2Controller----------0001--
W/Iop/P2PPWp(  625): [enque] WARNING: using EPathCQ_CQ2, swScenario: 16
I/MtkCam/P1NodeImp(  625): [setRequest] [Cam::0 R4242 S4242 E4241 D4239 O4239 #1] [P1::SET][Num Q:4242 M:4242 F:4241 R:4241 @0][Type:1 Out:x21 Rec:x0 Raw:0 Cap:0 Exe:1 Flush:x0] Num[4242] Ctrl[1]=[ 4242 ]
I/MtkCam/P1NodeImp(  625): [runQueue] [Cam::0 R4242 S4242 E4241 D4239 O4239 #1] [P1::REQ][Num Q:4243 M:0 F:4242 R:4242 @0][Type:1 Out:x21 Rec:x0 Raw:0 Cap:0 Exe:1 Flush:x0] [META ze:0 ci:1 rt:-1 tn:-1 qc:-1 fi:-1 fr:-1] [New-Request][0] [0] [IMGO:0 (-1,-1)] [Gp:255/0] IOmap-Img[1]=<0_I[0]{}_O[2]{0x100000001,0x100000003}>-Meta[1]=<0_I[2]{0x80000000,0x100000018}_O[2]{0x10000001b,0x100000024}> CfgStream-Img[OutIMG:0x100000001(1),OutRRZ:0x100000003(1)]-Meta[InAPP:0x80000000(1),InHAL:0x100000018(1),OutAPP:0x100000024(1),OutHAL:0x10000001b(1)]  | [PreSet][Key:4243] Num(0) Dummy(0) MetaCnt[APP:71,HAL:18] | [Rev:0] depth(1) burst(1) Que[1]
D/ULog    (  625): R AppRequest:4243 M[CameraDevice:187001] +  :mtkcam-dev3 #130797
I/MtkCam/P1NodeImp(  625): [setupAction] [Cam::0 R4242 S4242 E4242 D4239 O4239 #1] [P1::ENQ][Num Q:4242 M:4242 F:4241 R:4241 @145][Type:1 Out:x21 Rec:x0 Raw:0 Cap:0 Exe:1 Flush:x0] [Exp:40005000ns] [MetaCtrl][SCALER_CROP(1) (0,0_3264x2448) ][SENSOR_CROP(0)][RESIZER_SET(0)][RRZ:0-0%42_3](0xb4000076a17777f0)(Buf)(816x624)(S:1536:958464 P:0xfdd00000 V:0x750124d000 F:0x2205)(x0)(Crop)(0,0-3264x2448)(816x624) [IMG:5-0%42_3](0xb4000076a1776290)(Buf)(3264x2448)(S:4080:9987840 P:0xf3200000 V:0x74fa39e000 F:0x2201)(x0)(Crop)(0,0-3264x2448)(3264x2448) 
I/gralloc4(  597): @set_metadata: update dataspace from GM (0x00000000 -> 0x08020000)
E/gralloc4(  597): Empty SMPTE 2094-40 data
D/ULog    (  625): R AppRequest:4238 M[CameraDevice:187001] -  :mtkcam-AppStreamMgr #130798
E/Camera3-OutputUtils(  597): processCaptureResult: Physical device not found in device info map found!
W/CameraMetadataJV( 3784): Expect face scores and rectangles to be non-null
E/gralloc4( 3784): Empty SMPTE 2094-40 data
I/MtkCam/P1NodeImp(  625): [releaseAction] [Cam::0 R4242 S4242 E4242 D4240 O4239 #1] [P1::DEQ][Num Q:4240 M:4240 F:4239 R:4239 @143][Type:1 Out:x21 Rec:x0 Raw:0 Cap:0 Exe:3 Flush:x0] job(0/1) IMG(proc) RRZ0(0-0-3264x2448)(0-0-816x624)(816x624) T-ns(EXP: 40005000)(Src:0)(SOF: m_2548413744000 b_0)(SS: 2548373739000) ExpExtend(0, 0)Q(SensorTs:2548373739000) [MetaInAPP_0](0x80000000)<N:x0><U:xc> [MetaInHAL_1](0x100000018)<N:x0><U:xc> [MetaOutAPP_2](0x100000024)<W:x2><U:xc> [MetaOutHAL_3](0x10000001b)<W:x2><U:xc> [ImgOutIMG_5](0x100000001)<W:x2><U:xc> [ImgOutRRZ_7](0x100000003)<W:x2><U:xc> [MetaCnt] In(71,17) Out(96,49) Aaa(93,35) Aaa-Isp(93,35) [ApplyRelease] [Last-Frame-Num(4238_17:01:19.204074@05854) 4238 4237 4236 4235 4234 4233 4232 4231 4230 4229 4228 4227 4226 4225 4224 4223 ... ]
I/MtkCam/P1NodeImp(  625): [releaseFrame] [Cam::0 R4242 S4242 E4242 D4240 O4240 #1] [P1::OUT][Num Q:4240 M:4240 F:4239 R:4239 @143][Type:1 Out:x21 Rec:x0 Raw:0 Cap:0 Exe:3 Flush:x0] [Release-0] [DispatchFrame] [Last-Frame-Num(4238_17:01:19.205863@05855) 4238 4237 4236 4235 4234 4233 4232 4231 4230 4229 4228 4227 4226 4225 4224 4223 ... ]
D/zlyNB   ( 3784): ------PhotoDevice2Controller----------0000--
D/zlyNB   ( 3784): ------PhotoDevice2Controller----------0001--
I/MtkCam/P1NodeImp(  625): [setRequest] [Cam::0 R4243 S4243 E4242 D4240 O4240 #0] [P1::SET][Num Q:4243 M:4243 F:4242 R:4242 @0][Type:1 Out:x21 Rec:x0 Raw:0 Cap:0 Exe:1 Flush:x0] Num[4243] Ctrl[1]=[ 4243 ]
I/MtkCam/P1NodeImp(  625): [runQueue] [Cam::0 R4243 S4243 E4242 D4240 O4240 #1] [P1::REQ][Num Q:4244 M:0 F:4243 R:4243 @0][Type:1 Out:x21 Rec:x0 Raw:0 Cap:0 Exe:1 Flush:x0] [META ze:0 ci:1 rt:-1 tn:-1 qc:-1 fi:-1 fr:-1] [New-Request][0] [0] [IMGO:0 (-1,-1)] [Gp:255/0] IOmap-Img[1]=<0_I[0]{}_O[2]{0x100000001,0x100000003}>-Meta[1]=<0_I[2]{0x80000000,0x100000018}_O[2]{0x10000001b,0x100000024}> CfgStream-Img[OutIMG:0x100000001(1),OutRRZ:0x100000003(1)]-Meta[InAPP:0x80000000(1),InHAL:0x100000018(1),OutAPP:0x100000024(1),OutHAL:0x10000001b(1)]  | [PreSet][Key:4244] Num(0) Dummy(0) MetaCnt[APP:71,HAL:18] | [Rev:0] depth(1) burst(1) Que[1]
D/ULog    (  625): R AppRequest:4244 M[CameraDevice:187001] +  :mtkcam-dev3 #130799
W/Iop/P2PPWp(  625): [enque] WARNING: using EPathCQ_CQ2, swScenario: 16
I/MtkCam/P1NodeImp(  625): [setupAction] [Cam::0 R4243 S4243 E4243 D4240 O4240 #1] [P1::ENQ][Num Q:4243 M:4243 F:4242 R:4242 @146][Type:1 Out:x21 Rec:x0 Raw:0 Cap:0 Exe:1 Flush:x0] [Exp:40005000ns] [MetaCtrl][SCALER_CROP(1) (0,0_3264x2448) ][SENSOR_CROP(0)][RESIZER_SET(0)][RRZ:0-0%43_3](0xb4000076a1772db0)(Buf)(816x624)(S:1536:958464 P:0xfd600000 V:0x74ff391000 F:0x2205)(x0)(Crop)(0,0-3264x2448)(816x624) [IMG:5-0%43_3](0xb4000076a1777010)(Buf)(3264x2448)(S:4080:9987840 P:0xf8c00000 V:0x7501da8000 F:0x2201)(x0)(Crop)(0,0-3264x2448)(3264x2448) 
I/gralloc4(  597): @set_metadata: update dataspace from GM (0x00000000 -> 0x08020000)
E/gralloc4(  597): Empty SMPTE 2094-40 data
D/ULog    (  625): R AppRequest:4239 M[CameraDevice:187001] -  :mtkcam-AppStreamMgr #130800
E/Camera3-OutputUtils(  597): processCaptureResult: Physical device not found in device info map found!
W/CameraMetadataJV( 3784): Expect face scores and rectangles to be non-null
E/gralloc4( 3784): Empty SMPTE 2094-40 data
I/MtkCam/P1NodeImp(  625): [releaseAction] [Cam::0 R4243 S4243 E4243 D4241 O4240 #1] [P1::DEQ][Num Q:4241 M:4241 F:4240 R:4240 @144][Type:1 Out:x21 Rec:x0 Raw:0 Cap:0 Exe:3 Flush:x0] job(0/1) IMG(proc) RRZ0(0-0-3264x2448)(0-0-816x624)(816x624) T-ns(EXP: 40005000)(Src:0)(SOF: m_2548453760000 b_0)(SS: 2548413755000) ExpExtend(0, 0)Q(SensorTs:2548413755000) [MetaInAPP_0](0x80000000)<N:x0><U:xc> [MetaInHAL_1](0x100000018)<N:x0><U:xc> [MetaOutAPP_2](0x100000024)<W:x2><U:xc> [MetaOutHAL_3](0x10000001b)<W:x2><U:xc> [ImgOutIMG_5](0x100000001)<W:x2><U:xc> [ImgOutRRZ_7](0x100000003)<W:x2><U:xc> [MetaCnt] In(71,17) Out(96,49) Aaa(93,35) Aaa-Isp(93,35) [ApplyRelease] [Last-Frame-Num(4239_17:01:19.244313@05854) 4239 4238 4237 4236 4235 4234 4233 4232 4231 4230 4229 4228 4227 4226 4225 4224 ... ]
I/MtkCam/P1NodeImp(  625): [releaseFrame] [Cam::0 R4243 S4243 E4243 D4241 O4241 #1] [P1::OUT][Num Q:4241 M:4241 F:4240 R:4240 @144][Type:1 Out:x21 Rec:x0 Raw:0 Cap:0 Exe:3 Flush:x0] [Release-0] [DispatchFrame] [Last-Frame-Num(4239_17:01:19.248067@05855) 4239 4238 4237 4236 4235 4234 4233 4232 4231 4230 4229 4228 4227 4226 4225 4224 ... ]
D/zlyNB   ( 3784): ------PhotoDevice2Controller----------0000--
D/zlyNB   ( 3784): ------PhotoDevice2Controller----------0001--
W/Iop/P2PPWp(  625): [enque] WARNING: using EPathCQ_CQ2, swScenario: 16
I/MtkCam/P1NodeImp(  625): [setRequest] [Cam::0 R4244 S4244 E4243 D4241 O4241 #1] [P1::SET][Num Q:4244 M:4244 F:4243 R:4243 @0][Type:1 Out:x21 Rec:x0 Raw:0 Cap:0 Exe:1 Flush:x0] Num[4244] Ctrl[1]=[ 4244 ]
I/MtkCam/P1NodeImp(  625): [runQueue] [Cam::0 R4244 S4244 E4243 D4241 O4241 #1] [P1::REQ][Num Q:4245 M:0 F:4244 R:4244 @0][Type:1 Out:x21 Rec:x0 Raw:0 Cap:0 Exe:1 Flush:x0] [META ze:0 ci:1 rt:-1 tn:-1 qc:-1 fi:-1 fr:-1] [New-Request][0] [0] [IMGO:0 (-1,-1)] [Gp:255/0] IOmap-Img[1]=<0_I[0]{}_O[2]{0x100000001,0x100000003}>-Meta[1]=<0_I[2]{0x80000000,0x100000018}_O[2]{0x10000001b,0x100000024}> CfgStream-Img[OutIMG:0x100000001(1),OutRRZ:0x100000003(1)]-Meta[InAPP:0x80000000(1),InHAL:0x100000018(1),OutAPP:0x100000024(1),OutHAL:0x10000001b(1)]  | [PreSet][Key:4245] Num(0) Dummy(0) MetaCnt[APP:71,HAL:18] | [Rev:0] depth(1) burst(1) Que[1]
D/ShadingTrans_RA(  625): [AppLscUtil] constructor
D/ULog    (  625): R AppRequest:4245 M[CameraDevice:187001] +  :mtkcam-dev3 #130801
D/ShadingTrans_RA(  625): [LscRaSwInit]
D/ShadingTrans_RA(  625): [init_ra_working_buffer]
D/ShadingTrans_RA(  625): [LscRaSwMain] 
D/ShadingTrans_RA(  625): [~AppLscUtil] destructor
I/MtkCam/P1NodeImp(  625): [setupAction] [Cam::0 R4244 S4244 E4244 D4241 O4241 #1] [P1::ENQ][Num Q:4244 M:4244 F:4243 R:4243 @147][Type:1 Out:x21 Rec:x0 Raw:0 Cap:0 Exe:1 Flush:x0] [Exp:40005000ns] [MetaCtrl][SCALER_CROP(1) (0,0_3264x2448) ][SENSOR_CROP(0)][RESIZER_SET(0)][RRZ:0-0%44_3](0xb4000076a1772a50)(Buf)(816x624)(S:1536:958464 P:0xfcc00000 V:0x74ff1a0000 F:0x2205)(x0)(Crop)(0,0-3264x2448)(816x624) [IMG:5-0%44_3](0xb4000076a1788b90)(Buf)(3264x2448)(S:4080:9987840 P:0xf8200000 V:0x7501337000 F:0x2201)(x0)(Crop)(0,0-3264x2448)(3264x2448) 
I/gralloc4(  597): @set_metadata: update dataspace from GM (0x00000000 -> 0x08020000)
E/gralloc4(  597): Empty SMPTE 2094-40 data
D/ULog    (  625): R AppRequest:4240 M[CameraDevice:187001] -  :mtkcam-AppStreamMgr #130802
E/Camera3-OutputUtils(  597): processCaptureResult: Physical device not found in device info map found!
W/CameraMetadataJV( 3784): Expect face scores and rectangles to be non-null
E/gralloc4( 3784): Empty SMPTE 2094-40 data
