I/ActivityManager(  832): Item b645124 2983:android.ext.services/u0a101: changes=4 foreground=false type=service source=ProcessRecord{5ac61cd 832:system/1000} target=ComponentInfo{android.ext.services/android.ext.services.autofill.InlineSuggestionRenderServiceImpl} capability=15
I/ActivityManager(  832): Changes in ProcessRecord{2428930 2667:com.android.networkstack.process/1073}: 4
I/ActivityManager(  832): *** Delivering 3 process changes
I/ActivityManager(  832): Retrieving available item: com.android.server.am.ActivityManagerService$ProcessChangeItem@ae48055
I/ActivityManager(  832): *** Enqueueing dispatch processes changed!
I/ActivityManager(  832): Item ae48055 2667:com.android.networkstack.process/1073: changes=4 foreground=false type=fixed source=null target=null capability=15
I/ActivityManager(  832): Changes in ProcessRecord{6c79b1d 2420:com.android.systemui/u0a86}: 4
I/ActivityManager(  832): *** Delivering 1 process changes
I/ActivityManager(  832): Retrieving available item: com.android.server.am.ActivityManagerService$ProcessChangeItem@ae48055
I/ActivityManager(  832): *** Enqueueing dispatch processes changed!
I/ActivityManager(  832): Item ae48055 2420:com.android.systemui/u0a86: changes=4 foreground=false type=pers-top-ui source=null target=null capability=15
I/ActivityManager(  832): Changes in ProcessRecord{5ac61cd 832:system/1000}: 4
I/ActivityManager(  832): Retrieving available item: com.android.server.am.ActivityManagerService$ProcessChangeItem@b645124
I/ActivityManager(  832): Item b645124 832:system/1000: changes=4 foreground=false type=fixed source=null target=null capability=15
I/BroadcastQueue(  832): Delivering to BroadcastFilter{5aa17ad 1000/u0 ReceiverList{e53ccc4 832 system/1000/u0 local:2235bd7}} : BroadcastRecord{d8b8dcf u-1 android.intent.action.SCREEN_ON}
I/ActivityThread(  832): Receiving broadcast android.intent.action.SCREEN_ON seq=-1 to com.android.server.job.JobConcurrencyManager$1@3529571
I/ActivityThread(  832): Enqueueing broadcast android.intent.action.SCREEN_ON seq=-1 to com.android.server.job.JobConcurrencyManager$1@3529571
I/ActivityThread(  832): Dispatching broadcast android.intent.action.SCREEN_ON seq=-1 to com.android.server.job.JobConcurrencyManager$1@3529571
I/ActivityThread(  832):   mRegistered=true mOrderedHint=true
I/ActivityThread(  832): Finishing broadcast to android.app.LoadedApk$ReceiverDispatcher$InnerReceiver@2235bd7
V/ActivityManager(  832): Finish receiver: android.app.LoadedApk$ReceiverDispatcher$InnerReceiver@2235bd7
V/BroadcastQueue(  832): processNextBroadcast [foreground]: 0 parallel broadcasts; 1 in flight, 0 ordered
V/BroadcastQueue(  832): Delivering ordered [foreground] to registered BroadcastFilter{abf979b 10086/u0 ReceiverList{33cbfaa 2420 com.android.systemui/10086/u0 remote:53a5295}}: BroadcastRecord{d8b8dcf u-1 android.intent.action.SCREEN_ON}
I/ActivityManager(  832): Changes in ProcessRecord{173a481 2713:com.android.launcher3/u0a81}: 4
I/ActivityManager(  832): Retrieving available item: com.android.server.am.ActivityManagerService$ProcessChangeItem@1f39f80
I/ActivityManager(  832): Item 1f39f80 2713:com.android.launcher3/u0a81: changes=4 foreground=false type=service source=ProcessRecord{6c79b1d 2420:com.android.systemui/u0a86} target=ComponentInfo{com.android.launcher3/com.android.quickstep.TouchInteractionService} capability=8
I/ActivityManager(  832): Changes in ProcessRecord{336fc56 3115:com.android.providers.media.module/u0a100}: 4
I/ActivityManager(  832): Retrieving available item: com.android.server.am.ActivityManagerService$ProcessChangeItem@2d0d9d0
I/ActivityManager(  832): Item 2d0d9d0 3115:com.android.providers.media.module/u0a100: changes=4 foreground=false type=service source=ProcessRecord{5ac61cd 832:system/1000} target=ComponentInfo{com.android.providers.media.module/com.android.providers.media.fuse.ExternalStorageServiceImpl} capability=15
I/ActivityManager(  832): Changes in ProcessRecord{a0d6c45 2983:android.ext.services/u0a101}: 4
I/ActivityManager(  832): Retrieving available item: com.android.server.am.ActivityManagerService$ProcessChangeItem@dbb81fe
I/ActivityManager(  832): Item dbb81fe 2983:android.ext.services/u0a101: changes=4 foreground=false type=service source=ProcessRecord{5ac61cd 832:system/1000} target=ComponentInfo{android.ext.services/android.ext.services.autofill.InlineSuggestionRenderServiceImpl} capability=15
I/ActivityManager(  832): Changes in ProcessRecord{2428930 2667:com.android.networkstack.process/1073}: 4
I/ActivityManager(  832): Retrieving available item: com.android.server.am.ActivityManagerService$ProcessChangeItem@e4a27a9
I/ActivityManager(  832): Item e4a27a9 2667:com.android.networkstack.process/1073: changes=4 foreground=false type=fixed source=null target=null capability=15
I/ActivityManager(  832): Changes in ProcessRecord{6c79b1d 2420:com.android.systemui/u0a86}: 4
I/ActivityManager(  832): Re-using existing item: com.android.server.am.ActivityManagerService$ProcessChangeItem@ae48055
I/ActivityManager(  832): Item ae48055 2420:com.android.systemui/u0a86: changes=4 foreground=false type=pers-top-ui source=null target=null capability=15
I/ActivityManager(  832): Changes in ProcessRecord{5ac61cd 832:system/1000}: 4
I/ActivityManager(  832): Re-using existing item: com.android.server.am.ActivityManagerService$ProcessChangeItem@b645124
I/ActivityManager(  832): Item b645124 832:system/1000: changes=4 foreground=false type=fixed source=null target=null capability=15
I/BroadcastQueue(  832): Delivering to BroadcastFilter{abf979b 10086/u0 ReceiverList{33cbfaa 2420 com.android.systemui/10086/u0 remote:53a5295}} : BroadcastRecord{d8b8dcf u-1 android.intent.action.SCREEN_ON}
I/ActivityThread( 2420): Receiving broadcast android.intent.action.SCREEN_ON seq=-1 to com.android.systemui.broadcast.ActionReceiver@5d88da
I/ActivityThread( 2420): Enqueueing broadcast android.intent.action.SCREEN_ON seq=-1 to com.android.systemui.broadcast.ActionReceiver@5d88da
I/ActivityManager(  832): *** Delivering 6 process changes
I/ActivityThread( 2420): Dispatching broadcast android.intent.action.SCREEN_ON seq=-1 to com.android.systemui.broadcast.ActionReceiver@5d88da
I/ActivityThread( 2420):   mRegistered=true mOrderedHint=true
I/ActivityThread( 2420): Finishing broadcast to android.app.LoadedApk$ReceiverDispatcher$InnerReceiver@70e27ed
V/ActivityManager(  832): Finish receiver: android.os.BinderProxy@53a5295
V/BroadcastQueue(  832): processNextBroadcast [foreground]: 0 parallel broadcasts; 1 in flight, 0 ordered
V/BroadcastQueue(  832): Delivering ordered [foreground] to registered BroadcastFilter{eac7168 1000/u0 ReceiverList{6c2dc8b 832 system/1000/u0 local:23f425a}}: BroadcastRecord{d8b8dcf u-1 android.intent.action.SCREEN_ON}
I/ActivityManager(  832): Changes in ProcessRecord{173a481 2713:com.android.launcher3/u0a81}: 4
I/ActivityManager(  832): Retrieving available item: com.android.server.am.ActivityManagerService$ProcessChangeItem@e4a27a9
I/ActivityManager(  832): *** Enqueueing dispatch processes changed!
I/ActivityManager(  832): Item e4a27a9 2713:com.android.launcher3/u0a81: changes=4 foreground=false type=service source=ProcessRecord{6c79b1d 2420:com.android.systemui/u0a86} target=ComponentInfo{com.android.launcher3/com.android.quickstep.TouchInteractionService} capability=8
I/ActivityManager(  832): Changes in ProcessRecord{336fc56 3115:com.android.providers.media.module/u0a100}: 4
I/ActivityManager(  832): *** Delivering 1 process changes
I/ActivityManager(  832): Retrieving available item: com.android.server.am.ActivityManagerService$ProcessChangeItem@e4a27a9
I/ActivityManager(  832): *** Enqueueing dispatch processes changed!
I/ActivityManager(  832): *** Delivering 1 process changes
I/ActivityManager(  832): Item e4a27a9 3115:com.android.providers.media.module/u0a100: changes=4 foreground=false type=service source=ProcessRecord{5ac61cd 832:system/1000} target=ComponentInfo{com.android.providers.media.module/com.android.providers.media.fuse.ExternalStorageServiceImpl} capability=15
I/ActivityManager(  832): Changes in ProcessRecord{a0d6c45 2983:android.ext.services/u0a101}: 4
I/ActivityManager(  832): Retrieving available item: com.android.server.am.ActivityManagerService$ProcessChangeItem@e4a27a9
I/ActivityManager(  832): *** Enqueueing dispatch processes changed!
I/ActivityManager(  832): *** Delivering 1 process changes
I/ActivityManager(  832): Item e4a27a9 2983:android.ext.services/u0a101: changes=4 foreground=false type=service source=ProcessRecord{5ac61cd 832:system/1000} target=ComponentInfo{android.ext.services/android.ext.services.autofill.InlineSuggestionRenderServiceImpl} capability=15
I/ActivityManager(  832): Changes in ProcessRecord{2428930 2667:com.android.networkstack.process/1073}: 4
I/ActivityManager(  832): Retrieving available item: com.android.server.am.ActivityManagerService$ProcessChangeItem@e4a27a9
I/ActivityManager(  832): *** Enqueueing dispatch processes changed!
I/ActivityManager(  832): *** Delivering 1 process changes
I/ActivityManager(  832): Item e4a27a9 2667:com.android.networkstack.process/1073: changes=4 foreground=false type=fixed source=null target=null capability=15
I/ActivityManager(  832): Changes in ProcessRecord{6c79b1d 2420:com.android.systemui/u0a86}: 4
I/ActivityManager(  832): Retrieving available item: com.android.server.am.ActivityManagerService$ProcessChangeItem@e4a27a9
I/ActivityManager(  832): *** Enqueueing dispatch processes changed!
I/ActivityManager(  832): Item e4a27a9 2420:com.android.systemui/u0a86: changes=4 foreground=false type=pers-top-ui source=null target=null capability=15
I/ActivityManager(  832): Changes in ProcessRecord{5ac61cd 832:system/1000}: 4
I/ActivityManager(  832): Retrieving available item: com.android.server.am.ActivityManagerService$ProcessChangeItem@dbb81fe
I/ActivityManager(  832): Item dbb81fe 832:system/1000: changes=4 foreground=false type=fixed source=null target=null capability=15
I/BroadcastQueue(  832): Delivering to BroadcastFilter{eac7168 1000/u0 ReceiverList{6c2dc8b 832 system/1000/u0 local:23f425a}} : BroadcastRecord{d8b8dcf u-1 android.intent.action.SCREEN_ON}
I/ActivityThread(  832): Receiving broadcast android.intent.action.SCREEN_ON seq=-1 to com.android.server.wifi.ClientModeImpl$ConnectableState$1@b67397c
I/ActivityThread(  832): Enqueueing broadcast android.intent.action.SCREEN_ON seq=-1 to com.android.server.wifi.ClientModeImpl$ConnectableState$1@b67397c
I/ActivityThread(  832): Dispatching broadcast android.intent.action.SCREEN_ON seq=-1 to com.android.server.wifi.ClientModeImpl$ConnectableState$1@b67397c
I/ActivityManager(  832): *** Delivering 2 process changes
I/ActivityThread(  832):   mRegistered=true mOrderedHint=true
I/ActivityThread(  832): Finishing broadcast to android.app.LoadedApk$ReceiverDispatcher$InnerReceiver@23f425a
V/ActivityManager(  832): Finish receiver: android.app.LoadedApk$ReceiverDispatcher$InnerReceiver@23f425a
V/BroadcastQueue(  832): processNextBroadcast [foreground]: 0 parallel broadcasts; 1 in flight, 0 ordered
V/BroadcastQueue(  832): Delivering ordered [foreground] to registered BroadcastFilter{c0fe53 1000/u0 ReceiverList{60d2e42 832 system/1000/u0 local:2d37c8d}}: BroadcastRecord{d8b8dcf u-1 android.intent.action.SCREEN_ON}
I/ActivityManager(  832): Changes in ProcessRecord{173a481 2713:com.android.launcher3/u0a81}: 4
I/ActivityManager(  832): Retrieving available item: com.android.server.am.ActivityManagerService$ProcessChangeItem@dbb81fe
I/ActivityManager(  832): *** Enqueueing dispatch processes changed!
I/ActivityManager(  832): Item dbb81fe 2713:com.android.launcher3/u0a81: changes=4 foreground=false type=service source=ProcessRecord{6c79b1d 2420:com.android.systemui/u0a86} target=ComponentInfo{com.android.launcher3/com.android.quickstep.TouchInteractionService} capability=8
I/ActivityManager(  832): *** Delivering 1 process changes
I/ActivityManager(  832): Changes in ProcessRecord{336fc56 3115:com.android.providers.media.module/u0a100}: 4
I/ActivityManager(  832): Retrieving available item: com.android.server.am.ActivityManagerService$ProcessChangeItem@dbb81fe
I/ActivityManager(  832): *** Enqueueing dispatch processes changed!
I/ActivityManager(  832): Item dbb81fe 3115:com.android.providers.media.module/u0a100: changes=4 foreground=false type=service source=ProcessRecord{5ac61cd 832:system/1000} target=ComponentInfo{com.android.providers.media.module/com.android.providers.media.fuse.ExternalStorageServiceImpl} capability=15
I/ActivityManager(  832): *** Delivering 1 process changes
I/ActivityManager(  832): Changes in ProcessRecord{a0d6c45 2983:android.ext.services/u0a101}: 4
I/ActivityManager(  832): Retrieving available item: com.android.server.am.ActivityManagerService$ProcessChangeItem@dbb81fe
I/ActivityManager(  832): *** Enqueueing dispatch processes changed!
I/ActivityManager(  832): Item dbb81fe 2983:android.ext.services/u0a101: changes=4 foreground=false type=service source=ProcessRecord{5ac61cd 832:system/1000} target=ComponentInfo{android.ext.services/android.ext.services.autofill.InlineSuggestionRenderServiceImpl} capability=15
I/ActivityManager(  832): *** Delivering 1 process changes
I/ActivityManager(  832): Changes in ProcessRecord{2428930 2667:com.android.networkstack.process/1073}: 4
I/ActivityManager(  832): Retrieving available item: com.android.server.am.ActivityManagerService$ProcessChangeItem@dbb81fe
I/ActivityManager(  832): *** Enqueueing dispatch processes changed!
I/ActivityManager(  832): Item dbb81fe 2667:com.android.networkstack.process/1073: changes=4 foreground=false type=fixed source=null target=null capability=15
I/ActivityManager(  832): Changes in ProcessRecord{6c79b1d 2420:com.android.systemui/u0a86}: 4
I/ActivityManager(  832): *** Delivering 1 process changes
I/ActivityManager(  832): Retrieving available item: com.android.server.am.ActivityManagerService$ProcessChangeItem@dbb81fe
I/ActivityManager(  832): *** Enqueueing dispatch processes changed!
I/ActivityManager(  832): Item dbb81fe 2420:com.android.systemui/u0a86: changes=4 foreground=false type=pers-top-ui source=null target=null capability=15
I/ActivityManager(  832): *** Delivering 1 process changes
I/ActivityManager(  832): Changes in ProcessRecord{5ac61cd 832:system/1000}: 4
I/ActivityManager(  832): Retrieving available item: com.android.server.am.ActivityManagerService$ProcessChangeItem@dbb81fe
I/ActivityManager(  832): *** Enqueueing dispatch processes changed!
I/ActivityManager(  832): Item dbb81fe 832:system/1000: changes=4 foreground=false type=fixed source=null target=null capability=15
I/ActivityManager(  832): *** Delivering 1 process changes
I/BroadcastQueue(  832): Delivering to BroadcastFilter{c0fe53 1000/u0 ReceiverList{60d2e42 832 system/1000/u0 local:2d37c8d}} : BroadcastRecord{d8b8dcf u-1 android.intent.action.SCREEN_ON}
I/ActivityThread(  832): Receiving broadcast android.intent.action.SCREEN_ON seq=-1 to com.android.server.nearby.fastpair.FastPairManager$1@703db7
I/ActivityThread(  832): Enqueueing broadcast android.intent.action.SCREEN_ON seq=-1 to com.android.server.nearby.fastpair.FastPairManager$1@703db7
I/ActivityThread(  832): Dispatching broadcast android.intent.action.SCREEN_ON seq=-1 to com.android.server.nearby.fastpair.FastPairManager$1@703db7
I/ActivityThread(  832):   mRegistered=true mOrderedHint=true
I/ActivityThread(  832): Finishing broadcast to android.app.LoadedApk$ReceiverDispatcher$InnerReceiver@2d37c8d
V/ActivityManager(  832): Finish receiver: android.app.LoadedApk$ReceiverDispatcher$InnerReceiver@2d37c8d
V/BroadcastQueue(  832): processNextBroadcast [foreground]: 0 parallel broadcasts; 1 in flight, 0 ordered
V/BroadcastQueue(  832): Delivering ordered [foreground] to registered BroadcastFilter{52959b0 10086/u-1 ReceiverList{b4c98f3 2420 com.android.systemui/10086/u-1 remote:3b20f62}}: BroadcastRecord{d8b8dcf u-1 android.intent.action.SCREEN_ON}
I/ActivityManager(  832): Changes in ProcessRecord{173a481 2713:com.android.launcher3/u0a81}: 4
I/ActivityManager(  832): Retrieving available item: com.android.server.am.ActivityManagerService$ProcessChangeItem@dbb81fe
I/ActivityManager(  832): *** Enqueueing dispatch processes changed!
I/ActivityManager(  832): Item dbb81fe 2713:com.android.launcher3/u0a81: changes=4 foreground=false type=service source=ProcessRecord{6c79b1d 2420:com.android.systemui/u0a86} target=ComponentInfo{com.android.launcher3/com.android.quickstep.TouchInteractionService} capability=8
I/ActivityManager(  832): Changes in ProcessRecord{336fc56 3115:com.android.providers.media.module/u0a100}: 4
I/ActivityManager(  832): Retrieving available item: com.android.server.am.ActivityManagerService$ProcessChangeItem@e4a27a9
I/ActivityManager(  832): Item e4a27a9 3115:com.android.providers.media.module/u0a100: changes=4 foreground=false type=service source=ProcessRecord{5ac61cd 832:system/1000} target=ComponentInfo{com.android.providers.media.module/com.android.providers.media.fuse.ExternalStorageServiceImpl} capability=15
I/ActivityManager(  832): Changes in ProcessRecord{a0d6c45 2983:android.ext.services/u0a101}: 4
I/ActivityManager(  832): Retrieving available item: com.android.server.am.ActivityManagerService$ProcessChangeItem@2d0d9d0
I/ActivityManager(  832): Item 2d0d9d0 2983:android.ext.services/u0a101: changes=4 foreground=false type=service source=ProcessRecord{5ac61cd 832:system/1000} target=ComponentInfo{android.ext.services/android.ext.services.autofill.InlineSuggestionRenderServiceImpl} capability=15
I/ActivityManager(  832): Changes in ProcessRecord{2428930 2667:com.android.networkstack.process/1073}: 4
I/ActivityManager(  832): Retrieving available item: com.android.server.am.ActivityManagerService$ProcessChangeItem@1f39f80
I/ActivityManager(  832): Item 1f39f80 2667:com.android.networkstack.process/1073: changes=4 foreground=false type=fixed source=null target=null capability=15
I/ActivityManager(  832): Changes in ProcessRecord{6c79b1d 2420:com.android.systemui/u0a86}: 4
I/ActivityManager(  832): Retrieving available item: com.android.server.am.ActivityManagerService$ProcessChangeItem@b645124
I/ActivityManager(  832): Item b645124 2420:com.android.systemui/u0a86: changes=4 foreground=false type=pers-top-ui source=null target=null capability=15
I/ActivityManager(  832): Changes in ProcessRecord{5ac61cd 832:system/1000}: 4
I/ActivityManager(  832): Retrieving available item: com.android.server.am.ActivityManagerService$ProcessChangeItem@ae48055
I/ActivityManager(  832): Item ae48055 832:system/1000: changes=4 foreground=false type=fixed source=null target=null capability=15
I/BroadcastQueue(  832): Delivering to BroadcastFilter{52959b0 10086/u-1 ReceiverList{b4c98f3 2420 com.android.systemui/10086/u-1 remote:3b20f62}} : BroadcastRecord{d8b8dcf u-1 android.intent.action.SCREEN_ON}
I/ActivityManager(  832): *** Delivering 6 process changes
I/ActivityThread( 2420): Receiving broadcast android.intent.action.SCREEN_ON seq=-1 to com.android.systemui.broadcast.ActionReceiver@1e8887
I/ActivityThread( 2420): Enqueueing broadcast android.intent.action.SCREEN_ON seq=-1 to com.android.systemui.broadcast.ActionReceiver@1e8887
I/ActivityThread( 2420): Dispatching broadcast android.intent.action.SCREEN_ON seq=-1 to com.android.systemui.broadcast.ActionReceiver@1e8887
I/ActivityThread( 2420):   mRegistered=true mOrderedHint=true
I/ActivityThread( 2420): Finishing broadcast to android.app.LoadedApk$ReceiverDispatcher$InnerReceiver@f7f6622
V/ActivityManager(  832): Finish receiver: android.os.BinderProxy@3b20f62
V/BroadcastQueue(  832): processNextBroadcast [foreground]: 0 parallel broadcasts; 1 in flight, 0 ordered
V/BroadcastQueue(  832): Delivering ordered [foreground] to registered BroadcastFilter{dacbf4b 1027/u-1 ReceiverList{c6bf81a 3151 com.android.nfc/1027/u-1 remote:69a66c5}}: BroadcastRecord{d8b8dcf u-1 android.intent.action.SCREEN_ON}
I/ActivityManager(  832): Changes in ProcessRecord{173a481 2713:com.android.launcher3/u0a81}: 4
I/ActivityManager(  832): Retrieving available item: com.android.server.am.ActivityManagerService$ProcessChangeItem@ae48055
I/ActivityManager(  832): *** Enqueueing dispatch processes changed!
I/ActivityManager(  832): Item ae48055 2713:com.android.launcher3/u0a81: changes=4 foreground=false type=service source=ProcessRecord{6c79b1d 2420:com.android.systemui/u0a86} target=ComponentInfo{com.android.launcher3/com.android.quickstep.TouchInteractionService} capability=8
I/ActivityManager(  832): Changes in ProcessRecord{336fc56 3115:com.android.providers.media.module/u0a100}: 4
I/ActivityManager(  832): Retrieving available item: com.android.server.am.ActivityManagerService$ProcessChangeItem@b645124
I/ActivityManager(  832): Item b645124 3115:com.android.providers.media.module/u0a100: changes=4 foreground=false type=service source=ProcessRecord{5ac61cd 832:system/1000} target=ComponentInfo{com.android.providers.media.module/com.android.providers.media.fuse.ExternalStorageServiceImpl} capability=15
I/ActivityManager(  832): Changes in ProcessRecord{a0d6c45 2983:android.ext.services/u0a101}: 4
I/ActivityManager(  832): Retrieving available item: com.android.server.am.ActivityManagerService$ProcessChangeItem@1f39f80
I/ActivityManager(  832): Item 1f39f80 2983:android.ext.services/u0a101: changes=4 foreground=false type=service source=ProcessRecord{5ac61cd 832:system/1000} target=ComponentInfo{android.ext.services/android.ext.services.autofill.InlineSuggestionRenderServiceImpl} capability=15
I/ActivityManager(  832): Changes in ProcessRecord{180e1ab 3151:com.android.nfc/1027}: 4
I/ActivityManager(  832): Retrieving available item: com.android.server.am.ActivityManagerService$ProcessChangeItem@2d0d9d0
I/ActivityManager(  832): Item 2d0d9d0 3151:com.android.nfc/1027: changes=4 foreground=false type=fixed source=null target=null capability=15
I/ActivityManager(  832): Changes in ProcessRecord{2428930 2667:com.android.networkstack.process/1073}: 4
I/ActivityManager(  832): Retrieving available item: com.android.server.am.ActivityManagerService$ProcessChangeItem@e4a27a9
I/ActivityManager(  832): Item e4a27a9 2667:com.android.networkstack.process/1073: changes=4 foreground=false type=fixed source=null target=null capability=15
I/ActivityManager(  832): Changes in ProcessRecord{6c79b1d 2420:com.android.systemui/u0a86}: 4
I/ActivityManager(  832): Retrieving available item: com.android.server.am.ActivityManagerService$ProcessChangeItem@dbb81fe
I/ActivityManager(  832): Item dbb81fe 2420:com.android.systemui/u0a86: changes=4 foreground=false type=pers-top-ui source=null target=null capability=15
I/ActivityManager(  832): Changes in ProcessRecord{5ac61cd 832:system/1000}: 4
I/ActivityManager(  832): Retrieving available item: com.android.server.am.ActivityManagerService$ProcessChangeItem@c8bb5b7
I/ActivityManager(  832): Item c8bb5b7 832:system/1000: changes=4 foreground=false type=fixed source=null target=null capability=15
I/BroadcastQueue(  832): Delivering to BroadcastFilter{dacbf4b 1027/u-1 ReceiverList{c6bf81a 3151 com.android.nfc/1027/u-1 remote:69a66c5}} : BroadcastRecord{d8b8dcf u-1 android.intent.action.SCREEN_ON}
I/ActivityManager(  832): *** Delivering 7 process changes
I/ActivityThread( 3151): Receiving broadcast android.intent.action.SCREEN_ON seq=-1 to com.android.nfc.NfcService$1@dcbc5bb
I/ActivityThread( 3151): Enqueueing broadcast android.intent.action.SCREEN_ON seq=-1 to com.android.nfc.NfcService$1@dcbc5bb
I/ActivityThread( 3151): Dispatching broadcast android.intent.action.SCREEN_ON seq=-1 to com.android.nfc.NfcService$1@dcbc5bb
I/ActivityThread( 3151):   mRegistered=true mOrderedHint=true
I/ActivityThread( 3151): Finishing broadcast to android.app.LoadedApk$ReceiverDispatcher$InnerReceiver@232509e
V/ActivityManager(  832): Finish receiver: android.os.BinderProxy@69a66c5
V/BroadcastQueue(  832): processNextBroadcast [foreground]: 0 parallel broadcasts; 1 in flight, 0 ordered
I/BroadcastQueue(  832): Finishing broadcast [foreground] android.intent.action.SCREEN_ON app=ProcessRecord{5ac61cd 832:system/1000}
I/ActivityThread(  832): Receiving broadcast android.intent.action.SCREEN_ON seq=-1 to com.android.server.power.Notifier$2@c2e463
I/ActivityThread(  832): Enqueueing broadcast android.intent.action.SCREEN_ON seq=-1 to com.android.server.power.Notifier$2@c2e463
I/ActivityThread(  832): Dispatching broadcast android.intent.action.SCREEN_ON seq=-1 to com.android.server.power.Notifier$2@c2e463
I/ActivityThread(  832):   mRegistered=false mOrderedHint=false
V/BroadcastQueue(  832): Cancelling BROADCAST_TIMEOUT_MSG
V/BroadcastQueue(  832): Finished with ordered broadcast BroadcastRecord{d8b8dcf u-1 android.intent.action.SCREEN_ON}
I/ActivityManager(  832): Changes in ProcessRecord{173a481 2713:com.android.launcher3/u0a81}: 4
I/ActivityManager(  832): Retrieving available item: com.android.server.am.ActivityManagerService$ProcessChangeItem@c8bb5b7
I/ActivityManager(  832): *** Enqueueing dispatch processes changed!
I/ActivityManager(  832): Item c8bb5b7 2713:com.android.launcher3/u0a81: changes=4 foreground=false type=service source=ProcessRecord{6c79b1d 2420:com.android.systemui/u0a86} target=ComponentInfo{com.android.launcher3/com.android.quickstep.TouchInteractionService} capability=8
I/ActivityManager(  832): Changes in ProcessRecord{336fc56 3115:com.android.providers.media.module/u0a100}: 4
I/ActivityManager(  832): Retrieving available item: com.android.server.am.ActivityManagerService$ProcessChangeItem@dbb81fe
I/ActivityManager(  832): Item dbb81fe 3115:com.android.providers.media.module/u0a100: changes=4 foreground=false type=service source=ProcessRecord{5ac61cd 832:system/1000} target=ComponentInfo{com.android.providers.media.module/com.android.providers.media.fuse.ExternalStorageServiceImpl} capability=15
I/ActivityManager(  832): Changes in ProcessRecord{a0d6c45 2983:android.ext.services/u0a101}: 4
I/ActivityManager(  832): Retrieving available item: com.android.server.am.ActivityManagerService$ProcessChangeItem@e4a27a9
I/ActivityManager(  832): Item e4a27a9 2983:android.ext.services/u0a101: changes=4 foreground=false type=service source=ProcessRecord{5ac61cd 832:system/1000} target=ComponentInfo{android.ext.services/android.ext.services.autofill.InlineSuggestionRenderServiceImpl} capability=15
I/ActivityManager(  832): Changes in ProcessRecord{180e1ab 3151:com.android.nfc/1027}: 4
I/ActivityManager(  832): Retrieving available item: com.android.server.am.ActivityManagerService$ProcessChangeItem@2d0d9d0
I/ActivityManager(  832): Item 2d0d9d0 3151:com.android.nfc/1027: changes=4 foreground=false type=fixed source=null target=null capability=15
I/ActivityManager(  832): Changes in ProcessRecord{2428930 2667:com.android.networkstack.process/1073}: 4
I/ActivityManager(  832): Retrieving available item: com.android.server.am.ActivityManagerService$ProcessChangeItem@1f39f80
I/ActivityManager(  832): Item 1f39f80 2667:com.android.networkstack.process/1073: changes=4 foreground=false type=fixed source=null target=null capability=15
I/ActivityManager(  832): Changes in ProcessRecord{6c79b1d 2420:com.android.systemui/u0a86}: 4
I/ActivityManager(  832): Retrieving available item: com.android.server.am.ActivityManagerService$ProcessChangeItem@b645124
I/ActivityManager(  832): Item b645124 2420:com.android.systemui/u0a86: changes=4 foreground=false type=pers-top-ui source=null target=null capability=15
I/ActivityManager(  832): Changes in ProcessRecord{5ac61cd 832:system/1000}: 4
I/ActivityManager(  832): Retrieving available item: com.android.server.am.ActivityManagerService$ProcessChangeItem@ae48055
I/ActivityManager(  832): Item ae48055 832:system/1000: changes=4 foreground=false type=fixed source=null target=null capability=15
I/ActivityManager(  832): *** Delivering 7 process changes
E/DisplayDeviceConfig(  832): requesting nits when no mapping exists.
E/DisplayDeviceConfig(  832): requesting nits when no mapping exists.
W/PowerManagerService(  832): Screen on took 608 ms
D/ActivityTaskManager(  832): Top Process State changed to PROCESS_STATE_TOP
V/ActivityTaskManager(  832): set resumed activity to:ActivityRecord{1f72345 u0 com.mediatek.camera/.CameraLauncher} t12} reason:resumeTopActivity
D/ActivityTaskManager(  832): setResumedActivity taskFrag:Task{157c3a8 #12 type=standard A=10090:com.mediatek.camera.CameraActivity U=0 visible=true visibleRequested=true mode=fullscreen translucent=false sz=1} + from: null to:ActivityRecord{1f72345 u0 com.mediatek.camera/.CameraLauncher} t12} reason:resumeTopActivity - onActivityStateChanged
V/ActivityThread( 3784): SCHEDULE 159 EXECUTE_TRANSACTION: 0 / android.app.servertransaction.ClientTransaction@a83afc47
V/ActivityThread( 3784): >>> handling: EXECUTE_TRANSACTION
V/ActivityThread( 3784): <<< done: EXECUTE_TRANSACTION
D/ActivityTaskManager(  832): add: task=Task{157c3a8 #12 type=standard A=10090:com.mediatek.camera.CameraActivity U=0 visible=true visibleRequested=true mode=fullscreen translucent=false sz=1}
D/ActivityTaskManager(  832): addRecent: already at top: Task{157c3a8 #12 type=standard A=10090:com.mediatek.camera.CameraActivity U=0 visible=true visibleRequested=true mode=fullscreen translucent=false sz=1}
V/ActivityThread( 3784): SCHEDULE 159 EXECUTE_TRANSACTION: 0 / android.app.servertransaction.ClientTransaction@c4cd1aee
D/ActivityTaskManager(  832): scheduleIdleTimeout: Callers=com.android.server.wm.ActivityRecord.completeResumeLocked:5996 com.android.server.wm.TaskFragment.resumeTopActivity:1481 com.android.server.wm.Task.resumeTopActivityInnerLocked:5055 com.android.server.wm.Task.resumeTopActivityUncheckedLocked:4990 
D/ActivityTaskManager(  832): allResumedActivitiesComplete: currentFocusedRootTask changing from=Task{157c3a8 #12 type=standard A=10090:com.mediatek.camera.CameraActivity U=0 visible=true visibleRequested=true mode=fullscreen translucent=false sz=1} to=Task{157c3a8 #12 type=standard A=10090:com.mediatek.camera.CameraActivity U=0 visible=true visibleRequested=true mode=fullscreen translucent=false sz=1}
V/ActivityThread( 3784): >>> handling: EXECUTE_TRANSACTION
D/ActivityTaskManager(  832): allResumedActivitiesComplete: currentFocusedRootTask changing from=Task{157c3a8 #12 type=standard A=10090:com.mediatek.camera.CameraActivity U=0 visible=true visibleRequested=true mode=fullscreen translucent=false sz=1} to=Task{157c3a8 #12 type=standard A=10090:com.mediatek.camera.CameraActivity U=0 visible=true visibleRequested=true mode=fullscreen translucent=false sz=1}
V/ActivityThread( 3784): Performing resume of ActivityRecord{369d8f9 token=android.os.BinderProxy@957d3c0 {com.mediatek.camera/com.mediatek.camera.CameraLauncher}} finished=false
I/ActivityThread( 3784): ******************* PROCESS STATE CHANGED TO: 2 (from ipc
I/ActivityManager(  832): Changes in ProcessRecord{16ea508 3784:com.mediatek.camera/u0a90}: 4
I/ActivityManager(  832): Retrieving available item: com.android.server.am.ActivityManagerService$ProcessChangeItem@ae48055
I/ActivityManager(  832): *** Enqueueing dispatch processes changed!
I/ActivityManager(  832): Item ae48055 3784:com.mediatek.camera/u0a90: changes=4 foreground=true type=top-activity source=null target=null capability=15
I/ActivityManager(  832): Changes in ProcessRecord{173a481 2713:com.android.launcher3/u0a81}: 4
I/ActivityManager(  832): Retrieving available item: com.android.server.am.ActivityManagerService$ProcessChangeItem@b645124
I/ActivityManager(  832): Item b645124 2713:com.android.launcher3/u0a81: changes=4 foreground=false type=service source=ProcessRecord{6c79b1d 2420:com.android.systemui/u0a86} target=ComponentInfo{com.android.launcher3/com.android.quickstep.TouchInteractionService} capability=8
I/ActivityManager(  832): Changes in ProcessRecord{336fc56 3115:com.android.providers.media.module/u0a100}: 4
I/ActivityManager(  832): Retrieving available item: com.android.server.am.ActivityManagerService$ProcessChangeItem@1f39f80
I/ActivityManager(  832): Item 1f39f80 3115:com.android.providers.media.module/u0a100: changes=4 foreground=false type=service source=ProcessRecord{5ac61cd 832:system/1000} target=ComponentInfo{com.android.providers.media.module/com.android.providers.media.fuse.ExternalStorageServiceImpl} capability=15
I/ActivityManager(  832): Changes in ProcessRecord{a0d6c45 2983:android.ext.services/u0a101}: 4
I/ActivityManager(  832): Retrieving available item: com.android.server.am.ActivityManagerService$ProcessChangeItem@2d0d9d0
I/ActivityManager(  832): Item 2d0d9d0 2983:android.ext.services/u0a101: changes=4 foreground=false type=service source=ProcessRecord{5ac61cd 832:system/1000} target=ComponentInfo{android.ext.services/android.ext.services.autofill.InlineSuggestionRenderServiceImpl} capability=15
I/ActivityManager(  832): Changes in ProcessRecord{2428930 2667:com.android.networkstack.process/1073}: 4
I/ActivityManager(  832): Retrieving available item: com.android.server.am.ActivityManagerService$ProcessChangeItem@e4a27a9
I/ActivityManager(  832): Item e4a27a9 2667:com.android.networkstack.process/1073: changes=4 foreground=false type=fixed source=null target=null capability=15
I/ActivityManager(  832): Changes in ProcessRecord{6c79b1d 2420:com.android.systemui/u0a86}: 4
I/ActivityManager(  832): Retrieving available item: com.android.server.am.ActivityManagerService$ProcessChangeItem@dbb81fe
I/ActivityManager(  832): Item dbb81fe 2420:com.android.systemui/u0a86: changes=4 foreground=false type=pers-top-ui source=null target=null capability=15
I/ActivityManager(  832): Changes in ProcessRecord{5ac61cd 832:system/1000}: 4
I/ActivityManager(  832): Retrieving available item: com.android.server.am.ActivityManagerService$ProcessChangeItem@c8bb5b7
I/ActivityManager(  832): Item c8bb5b7 832:system/1000: changes=4 foreground=false type=fixed source=null target=null capability=15
I/ActivityManager(  832): *** Delivering 7 process changes
I/ActivityManager(  832): Changes in ProcessRecord{16ea508 3784:com.mediatek.camera/u0a90}: 4
I/ActivityManager(  832): Retrieving available item: com.android.server.am.ActivityManagerService$ProcessChangeItem@c8bb5b7
I/ActivityManager(  832): *** Enqueueing dispatch processes changed!
I/ActivityManager(  832): Item c8bb5b7 3784:com.mediatek.camera/u0a90: changes=4 foreground=true type=top-activity source=null target=null capability=15
I/ActivityManager(  832): Changes in ProcessRecord{173a481 2713:com.android.launcher3/u0a81}: 4
I/ActivityManager(  832): Retrieving available item: com.android.server.am.ActivityManagerService$ProcessChangeItem@dbb81fe
I/ActivityManager(  832): Item dbb81fe 2713:com.android.launcher3/u0a81: changes=4 foreground=false type=service source=ProcessRecord{6c79b1d 2420:com.android.systemui/u0a86} target=ComponentInfo{com.android.launcher3/com.android.quickstep.TouchInteractionService} capability=8
I/ActivityManager(  832): Changes in ProcessRecord{8b6de8d 4006:com.debug.loggerui/u0a46}: 4
I/ActivityManager(  832): Retrieving available item: com.android.server.am.ActivityManagerService$ProcessChangeItem@e4a27a9
I/ActivityManager(  832): Item e4a27a9 4006:com.debug.loggerui/u0a46: changes=4 foreground=false type=fg-service source=null target=null capability=8
I/ActivityManager(  832): Changes in ProcessRecord{336fc56 3115:com.android.providers.media.module/u0a100}: 4
I/ActivityManager(  832): Retrieving available item: com.android.server.am.ActivityManagerService$ProcessChangeItem@2d0d9d0
I/ActivityManager(  832): Item 2d0d9d0 3115:com.android.providers.media.module/u0a100: changes=4 foreground=false type=service source=ProcessRecord{5ac61cd 832:system/1000} target=ComponentInfo{com.android.providers.media.module/com.android.providers.media.fuse.ExternalStorageServiceImpl} capability=15
I/ActivityManager(  832): Changes in ProcessRecord{a0d6c45 2983:android.ext.services/u0a101}: 4
I/ActivityManager(  832): Retrieving available item: com.android.server.am.ActivityManagerService$ProcessChangeItem@1f39f80
I/ActivityManager(  832): Item 1f39f80 2983:android.ext.services/u0a101: changes=4 foreground=false type=service source=ProcessRecord{5ac61cd 832:system/1000} target=ComponentInfo{android.ext.services/android.ext.services.autofill.InlineSuggestionRenderServiceImpl} capability=15
I/ActivityManager(  832): Changes in ProcessRecord{180e1ab 3151:com.android.nfc/1027}: 4
I/ActivityManager(  832): Retrieving available item: com.android.server.am.ActivityManagerService$ProcessChangeItem@b645124
I/ActivityManager(  832): Item b645124 3151:com.android.nfc/1027: changes=4 foreground=false type=fixed source=null target=null capability=15
I/ActivityManager(  832): Changes in ProcessRecord{9786640 2703:com.android.phone/1001}: 4
I/ActivityManager(  832): Retrieving available item: com.android.server.am.ActivityManagerService$ProcessChangeItem@ae48055
I/ActivityManager(  832): Item ae48055 2703:com.android.phone/1001: changes=4 foreground=false type=fixed source=null target=null capability=15
I/ActivityManager(  832): Changes in ProcessRecord{2449910 2674:com.android.se/1068}: 4
I/ActivityManager(  832): Retrieving available item: com.android.server.am.ActivityManagerService$ProcessChangeItem@3935578
I/ActivityManager(  832): Item 3935578 2674:com.android.se/1068: changes=4 foreground=false type=fixed source=null target=null capability=15
I/ActivityManager(  832): Changes in ProcessRecord{2428930 2667:com.android.networkstack.process/1073}: 4
I/ActivityManager(  832): Retrieving available item: com.android.server.am.ActivityManagerService$ProcessChangeItem@d560004
I/ActivityManager(  832): Item d560004 2667:com.android.networkstack.process/1073: changes=4 foreground=false type=fixed source=null target=null capability=15
I/ActivityManager(  832): Changes in ProcessRecord{6c79b1d 2420:com.android.systemui/u0a86}: 4
I/ActivityManager(  832): Retrieving available item: com.android.server.am.ActivityManagerService$ProcessChangeItem@df57483
I/ActivityManager(  832): Item df57483 2420:com.android.systemui/u0a86: changes=4 foreground=false type=pers-top-ui source=null target=null capability=15
I/ActivityManager(  832): Changes in ProcessRecord{5ac61cd 832:system/1000}: 4
I/ActivityManager(  832): Retrieving available item: com.android.server.am.ActivityManagerService$ProcessChangeItem@8801403
I/ActivityManager(  832): Item 8801403 832:system/1000: changes=4 foreground=false type=fixed source=null target=null capability=15
I/ActivityManager(  832): *** Delivering 11 process changes
V/ActivityThread( 3784): Resume ActivityRecord{369d8f9 token=android.os.BinderProxy@957d3c0 {com.mediatek.camera/com.mediatek.camera.CameraLauncher}} started activity: false, hideForNow: false, finished: false
V/ActivityThread( 3784): Resuming ActivityRecord{369d8f9 token=android.os.BinderProxy@957d3c0 {com.mediatek.camera/com.mediatek.camera.CameraLauncher}} with isForward=true
V/ActivityThread( 3784): Scheduling idle handler for ActivityRecord{369d8f9 token=android.os.BinderProxy@957d3c0 {com.mediatek.camera/com.mediatek.camera.CameraLauncher}}
V/ActivityThread( 3784): <<< done: EXECUTE_TRANSACTION
I/WindowManager(  832): Relayout Window{fae5e4e u0 com.mediatek.camera/com.mediatek.camera.CameraLauncher}: oldVis=8 newVis=0 focusMayChange = true requestedWidth = 480 requestedHeight = 800 outFrames = ClientWindowFrames{frame=[0,0][480,800] display=[0,0][480,800] parentFrame=[0,0][0,0] parentClippedByDisplayCutout=false} outSurfaceControl = Surface(name=com.mediatek.camera/com.mediatek.camera.CameraLauncher)/@0x4591aea
I/WindowManager(  832): Relayout Window{2ace478 u0 SnapshotStartingWindow for taskId=12}: oldVis=8 newVis=0 focusMayChange = true requestedWidth = -1 requestedHeight = -1 outFrames = ClientWindowFrames{frame=[0,0][480,800] display=[0,0][480,800] parentFrame=[0,0][0,0] parentClippedByDisplayCutout=false} outSurfaceControl = Surface(name=SnapshotStartingWindow for taskId=12)/@0x225fbb6
V/ActivityManager(  832): Broadcast: Intent { act=android.intent.action.USER_PRESENT flg=0x24200010 } ordered=false userid=0
V/ActivityManager(  832): Enqueueing broadcast: android.intent.action.USER_PRESENT replacePending=true
I/ActivityManager(  832): Broadcast intent Intent { act=android.intent.action.USER_PRESENT flg=0x24200010 } on background queue
V/ActivityManager(  832): Enqueueing parallel broadcast BroadcastRecord{1a1d0b7 u0 android.intent.action.USER_PRESENT}
V/BroadcastQueue(  832): Schedule broadcasts [background]: current=false
V/BroadcastQueue(  832): Received BROADCAST_INTENT_MSG [background]
V/BroadcastQueue(  832): processNextBroadcast [background]: 1 parallel broadcasts; 0 ordered
V/BroadcastQueue(  832): Processing parallel broadcast [background] BroadcastRecord{1a1d0b7 u0 android.intent.action.USER_PRESENT}
V/BroadcastQueue(  832): Delivering non-ordered on [background] to registered BroadcastFilter{9283464 1000/u-1 ReceiverList{5b01df7 832 system/1000/u-1 local:ff435f6}}: BroadcastRecord{1a1d0b7 u0 android.intent.action.USER_PRESENT}
I/BroadcastQueue(  832): Delivering to BroadcastFilter{9283464 1000/u-1 ReceiverList{5b01df7 832 system/1000/u-1 local:ff435f6}} : BroadcastRecord{1a1d0b7 u0 android.intent.action.USER_PRESENT}
I/ActivityThread(  832): Receiving broadcast android.intent.action.USER_PRESENT seq=-1 to com.android.server.accessibility.AccessibilityManagerService$2@16384b8
I/ActivityThread(  832): Enqueueing broadcast android.intent.action.USER_PRESENT seq=-1 to com.android.server.accessibility.AccessibilityManagerService$2@16384b8
V/BroadcastQueue(  832): Delivering non-ordered on [background] to registered BroadcastFilter{a666c6e 1000/u-1 ReceiverList{be767e9 832 system/1000/u-1 local:878870}}: BroadcastRecord{1a1d0b7 u0 android.intent.action.USER_PRESENT}
I/BroadcastQueue(  832): Delivering to BroadcastFilter{a666c6e 1000/u-1 ReceiverList{be767e9 832 system/1000/u-1 local:878870}} : BroadcastRecord{1a1d0b7 u0 android.intent.action.USER_PRESENT}
I/ActivityThread(  832): Receiving broadcast android.intent.action.USER_PRESENT seq=-1 to com.android.server.notification.NotificationManagerService$6@bd7022
I/ActivityThread(  832): Enqueueing broadcast android.intent.action.USER_PRESENT seq=-1 to com.android.server.notification.NotificationManagerService$6@bd7022
V/BroadcastQueue(  832): Delivering non-ordered on [background] to registered BroadcastFilter{dacbf4b 1027/u-1 ReceiverList{c6bf81a 3151 com.android.nfc/1027/u-1 remote:69a66c5}}: BroadcastRecord{1a1d0b7 u0 android.intent.action.USER_PRESENT}
I/BroadcastQueue(  832): Delivering to BroadcastFilter{dacbf4b 1027/u-1 ReceiverList{c6bf81a 3151 com.android.nfc/1027/u-1 remote:69a66c5}} : BroadcastRecord{1a1d0b7 u0 android.intent.action.USER_PRESENT}
V/BroadcastQueue(  832): Delivering non-ordered on [background] to registered BroadcastFilter{3830ddd 10081/u0 ReceiverList{79afdb4 2713 com.android.launcher3/10081/u0 remote:295fa87}}: BroadcastRecord{1a1d0b7 u0 android.intent.action.USER_PRESENT}
I/BroadcastQueue(  832): Delivering to BroadcastFilter{3830ddd 10081/u0 ReceiverList{79afdb4 2713 com.android.launcher3/10081/u0 remote:295fa87}} : BroadcastRecord{1a1d0b7 u0 android.intent.action.USER_PRESENT}
V/BroadcastQueue(  832): Delivering non-ordered on [background] to registered BroadcastFilter{3162c32 10086/u0 ReceiverList{aeafc3d 2420 com.android.systemui/10086/u0 remote:ece2994}}: BroadcastRecord{1a1d0b7 u0 android.intent.action.USER_PRESENT}
I/BroadcastQueue(  832): Delivering to BroadcastFilter{3162c32 10086/u0 ReceiverList{aeafc3d 2420 com.android.systemui/10086/u0 remote:ece2994}} : BroadcastRecord{1a1d0b7 u0 android.intent.action.USER_PRESENT}
V/BroadcastQueue(  832): Done with parallel broadcast [background] BroadcastRecord{1a1d0b7 u0 android.intent.action.USER_PRESENT}
I/ActivityThread( 2420): Receiving broadcast android.intent.action.USER_PRESENT seq=-1 to android.widget.ViewFlipper$1@a977214
I/ActivityThread( 2420): Enqueueing broadcast android.intent.action.USER_PRESENT seq=-1 to android.widget.ViewFlipper$1@a977214
I/ActivityThread( 2713): Receiving broadcast android.intent.action.USER_PRESENT seq=-1 to com.android.launcher3.graphics.SysUiScrim$3@82c0fee
I/ActivityThread( 2713): Enqueueing broadcast android.intent.action.USER_PRESENT seq=-1 to com.android.launcher3.graphics.SysUiScrim$3@82c0fee
I/ActivityThread( 2713): Dispatching broadcast android.intent.action.USER_PRESENT seq=-1 to com.android.launcher3.graphics.SysUiScrim$3@82c0fee
I/ActivityThread( 2713):   mRegistered=true mOrderedHint=false
I/ActivityThread(  832): Dispatching broadcast android.intent.action.USER_PRESENT seq=-1 to com.android.server.accessibility.AccessibilityManagerService$2@16384b8
I/ActivityThread(  832):   mRegistered=true mOrderedHint=false
I/ActivityThread( 3151): Receiving broadcast android.intent.action.USER_PRESENT seq=-1 to com.android.nfc.NfcService$1@dcbc5bb
I/ActivityThread( 3151): Enqueueing broadcast android.intent.action.USER_PRESENT seq=-1 to com.android.nfc.NfcService$1@dcbc5bb
I/ActivityThread( 3151): Dispatching broadcast android.intent.action.USER_PRESENT seq=-1 to com.android.nfc.NfcService$1@dcbc5bb
I/ActivityThread( 3151):   mRegistered=true mOrderedHint=false
I/ActivityThread(  832): Dispatching broadcast android.intent.action.USER_PRESENT seq=-1 to com.android.server.notification.NotificationManagerService$6@bd7022
I/ActivityThread(  832):   mRegistered=true mOrderedHint=false
V/ActivityManager(  832): Register receiver android.content.IntentFilter@407d024: null
V/ActivityManager(  832): Unregister receiver: android.content.IIntentReceiver$Stub$Proxy@403ca90
V/ActivityManager(  832): Register receiver android.content.IntentFilter@8b54f89: null
V/ActivityThread( 3784): Reporting idle of ActivityRecord{369d8f9 token=android.os.BinderProxy@957d3c0 {com.mediatek.camera/com.mediatek.camera.CameraLauncher}} finished=false
D/ActivityTaskManager(  832): activityIdleInternal: Callers=com.android.server.wm.ActivityClientController.activityIdle:152 android.app.IActivityClientController$Stub.onTransact:550 com.android.server.wm.ActivityClientController.onTransact:135 android.os.Binder.execTransactInternal:1285 
I/ActivityTaskManager(  832): activityIdleInternal(): r=ActivityRecord{1f72345 u0 com.mediatek.camera/.CameraLauncher} t12}, mStartingUsers=[]
V/ActivityThread( 3784): SCHEDULE 149 ENTER_ANIMATION_COMPLETE: 0 / android.os.BinderProxy@957d3c0
D/ActivityTaskManager(  832): isVisibleRecentTask: task=Task{157c3a8 #12 type=standard A=10090:com.mediatek.camera.CameraActivity U=0 visible=true visibleRequested=true mode=fullscreen translucent=false sz=1} minVis=5 maxVis=-1 sessionDuration=21600000 inactiveDuration=254 activityType=1 windowingMode=1 isAlwaysOnTopWhenVisible=false intentFlags=270532608 isEmbedded=false
D/ActivityTaskManager(  832): isVisibleRecentTask: task=Task{68409db #9 type=home I=com.android.launcher3/.uioverrides.QuickstepLauncher U=0 rootTaskId=1 visible=false visibleRequested=false mode=fullscreen translucent=true sz=1} minVis=5 maxVis=-1 sessionDuration=21600000 inactiveDuration=3627014 activityType=2 windowingMode=1 isAlwaysOnTopWhenVisible=false intentFlags=268435712 isEmbedded=false
D/ActivityTaskManager(  832): isVisibleRecentTask: task=Task{81d6611 #10 type=standard A=1000:com.android.settings.root U=0 visible=false visibleRequested=false mode=fullscreen translucent=true sz=2} minVis=5 maxVis=-1 sessionDuration=21600000 inactiveDuration=3627930 activityType=1 windowingMode=1 isAlwaysOnTopWhenVisible=false intentFlags=270532608 isEmbedded=false
D/ActivityTaskManager(  832): isVisibleRecentTask: task=Task{4cde324 #11 type=standard A=10046:com.debug.loggerui U=0 visible=false visibleRequested=false mode=fullscreen translucent=true sz=1} minVis=5 maxVis=-1 sessionDuration=21600000 inactiveDuration=3762111 activityType=1 windowingMode=1 isAlwaysOnTopWhenVisible=false intentFlags=270532608 isEmbedded=false
D/ActivityTaskManager(  832): isVisibleRecentTask: task=Task{deee859 #6 type=home A=1000:com.android.settings.FallbackHome U=0 visible=false visibleRequested=false mode=fullscreen translucent=true sz=0} minVis=5 maxVis=-1 sessionDuration=21600000 inactiveDuration=3812481 activityType=2 windowingMode=1 isAlwaysOnTopWhenVisible=false intentFlags=276824320 isEmbedded=false
V/CameraService_proxy(  832): Display.getRotation()=0 isFixedOrientationPortrait=true isFixedOrientationLandscape=false
V/ActivityThread( 3784): >>> handling: ENTER_ANIMATION_COMPLETE
V/ActivityThread( 3784): <<< done: ENTER_ANIMATION_COMPLETE
W/WindowManager(  832): Changing focus from Window{1651cd4 u0 NotificationShade} to Window{fae5e4e u0 com.mediatek.camera/com.mediatek.camera.CameraLauncher} displayId=0 Callers=com.android.server.wm.RootWindowContainer.updateFocusedWindowLocked:476 com.android.server.wm.WindowManagerService.updateFocusedWindowLocked:6061 com.android.server.wm.RootWindowContainer.performSurfacePlacementNoTrace:869 com.android.server.wm.RootWindowContainer.performSurfacePlacement:788 
I/ActivityManager(  832): Changes in ProcessRecord{16ea508 3784:com.mediatek.camera/u0a90}: 4
I/ActivityManager(  832): Retrieving available item: com.android.server.am.ActivityManagerService$ProcessChangeItem@8801403
I/ActivityManager(  832): *** Enqueueing dispatch processes changed!
I/ActivityManager(  832): Item 8801403 3784:com.mediatek.camera/u0a90: changes=4 foreground=true type=top-activity source=null target=null capability=15
I/ActivityManager(  832): Changes in ProcessRecord{173a481 2713:com.android.launcher3/u0a81}: 4
I/ActivityManager(  832): Retrieving available item: com.android.server.am.ActivityManagerService$ProcessChangeItem@df57483
I/ActivityManager(  832): Item df57483 2713:com.android.launcher3/u0a81: changes=4 foreground=false type=service source=ProcessRecord{6c79b1d 2420:com.android.systemui/u0a86} target=ComponentInfo{com.android.launcher3/com.android.quickstep.TouchInteractionService} capability=8
