12-09 06:02:30.457   832   832 I dvm_lock_sample: [system_server,0,main,106,ActivityManagerService.java,14630,int com.android.server.am.ActivityManagerService.broadcastIntentWithFeature(android.app.IApplicationThread, java.lang.String, android.content.Intent, java.lang.String, android.content.IIntentReceiver, int, java.lang.String, android.os.Bundle, java.lang.String[], java.lang.String[], java.lang.String[], int, android.os.Bundle, boolean, boolean, int),BroadcastQueue.java,1136,void com.android.server.am.BroadcastQueue.processNextBroadcast(boolean),21]
12-09 06:02:30.580  2850  2850 I auditd  : type=1400 audit(0.0:138): avc: denied { open } for comm="droid.bluetooth" path="/dev/__properties__/u:object_r:vendor_default_prop:s0" dev="tmpfs" ino=404 scontext=u:r:bluetooth:s0 tcontext=u:object_r:vendor_default_prop:s0 tclass=file permissive=1
12-09 06:02:30.584  2850  2850 I auditd  : type=1400 audit(0.0:139): avc: denied { getattr } for comm="droid.bluetooth" path="/dev/__properties__/u:object_r:vendor_default_prop:s0" dev="tmpfs" ino=404 scontext=u:r:bluetooth:s0 tcontext=u:object_r:vendor_default_prop:s0 tclass=file permissive=1
12-09 06:02:30.588  2850  2850 I auditd  : type=1400 audit(0.0:140): avc: denied { map } for comm="droid.bluetooth" path="/dev/__properties__/u:object_r:vendor_default_prop:s0" dev="tmpfs" ino=404 scontext=u:r:bluetooth:s0 tcontext=u:object_r:vendor_default_prop:s0 tclass=file permissive=1
12-09 06:02:30.679   832   847 I commit_sys_config_file: [package-user-0,11]
12-09 06:02:30.752  2850  2893 I [1010001]: 4
12-09 06:02:30.883   832  2414 I service_manager_stats: [142,122,5312]
12-09 06:02:31.239   832  2226 I commit_sys_config_file: [settings-0-0,96]
12-09 06:02:31.489   832  2226 I commit_sys_config_file: [settings-2-0,6]
12-09 06:02:31.717   832  2226 I commit_sys_config_file: [settings-2-0,8]
12-09 06:02:31.930   832  2610 I am_proc_died: [0,2850,com.android.bluetooth,0,10]
12-09 06:02:31.932   832  2610 I am_uid_stopped: 1002
12-09 06:02:31.939   832  2610 I am_low_memory: 8
12-09 06:02:32.014   832  2226 I commit_sys_config_file: [settings-0-0,7]
12-09 06:02:32.019   832  2226 I commit_sys_config_file: [settings-2-0,5]
12-09 06:02:32.327   832  2226 I commit_sys_config_file: [settings-2-0,6]
12-09 06:02:33.091   832   892 I commit_sys_config_file: [package-user-0,6]
12-09 06:02:33.091   832   892 I commit_sys_config_file: [package,38]
12-09 06:02:33.108  2703  2703 W TelephonyComponentFactory: getValidatedPaths: com.mediatek.internal.telephony.MtkTelephonyComponentFactory ,/system/framework/mediatek-telephony-common.jar
12-09 06:02:33.108  2703  2703 W TelephonyComponentFactory: StructStatVfs: 4101 ,1
12-09 06:02:33.108  2703  2703 D TelephonyComponentFactory: validated paths: /system/framework/mediatek-telephony-common.jar
12-09 06:02:33.161  2703  2703 W TelephonyComponentFactory: getValidatedPaths: com.mediatek.internal.telephony.MtkTelephonyComponentFactory ,/system/framework/mediatek-telephony-common.jar
12-09 06:02:33.162  2703  2703 W TelephonyComponentFactory: StructStatVfs: 4101 ,1
12-09 06:02:33.162  2703  2703 D TelephonyComponentFactory: Total components injected: 23
12-09 06:02:33.162  2703  2703 D TDC     : class = class com.mediatek.internal.telephony.MtkTelephonyDevController
12-09 06:02:33.163  2703  2703 D TDC     : constructor function = public com.mediatek.internal.telephony.MtkTelephonyDevController()
12-09 06:02:33.163  2703  2703 D TDC     : updateOrInsert: inserting: Modem { uuid=modem, state=0, rilModel=0, rat={}, maxActiveVoiceCall=1, maxActiveDataCall=1, maxStandby=1 }
12-09 06:02:33.163  2703  2703 D TDC     : updateOrInsert: inserting: Sim { uuid=sim, modemUuid=modem, state=0 }
12-09 06:02:33.163  2703  2703 D TDC     : MtkTelephonyDevController constructor
12-09 06:02:33.167  2703  2703 D PersistAtomsStorage: PersistAtoms file not found
12-09 06:02:33.170  2703  2703 D PersistAtomsStorage: created new PersistAtoms
12-09 06:02:33.183  2703  2703 D MetricsCollector: registered
12-09 06:02:33.185  2703  2703 D MtkTelephonyComponentFactory: makeDefaultPhoneNotifier mtk
12-09 06:02:33.185  2703  2703 D MtkPhoneNotifr: constructor
12-09 06:02:33.185  2703  2703 D MtkTelephonyRegistryEx: publish: com.mediatek.internal.telephony.MtkTelephonyRegistryEx@15cc105
12-09 06:02:33.188  2703  2703 D CdmaSSM : subscriptionSource from settings: 0
12-09 06:02:33.188  2703  2703 I PhoneFactory: Cdma Subscription set to 0
12-09 06:02:33.188  2703  2703 I PhoneFactory: Network Mode set to 0
12-09 06:02:33.189  2703  2703 D RILJ    : RIL: init allowedNetworkTypes=0 cdmaSubscription=0) [PHONEnull]
12-09 06:02:33.217  2703  2703 I MtkRILJ : getRadioServiceProxy wait for MtkRIL [PHONE0]
12-09 06:02:33.218  2703  2703 I MtkRILJ : getRadioProxy wait for MtkRIL
12-09 06:02:33.218  2703  2703 I MtkRILJ : getRadioServiceProxy wait for MtkRIL [PHONE0]
12-09 06:02:33.218  2703  2703 I MtkRILJ : getRadioServiceProxy wait for MtkRIL [PHONE0]
12-09 06:02:33.218  2703  2703 I MtkRILJ : getRadioServiceProxy wait for MtkRIL [PHONE0]
12-09 06:02:33.218  2703  2703 I MtkRILJ : getRadioServiceProxy wait for MtkRIL [PHONE0]
12-09 06:02:33.218  2703  2703 I MtkRILJ : getRadioServiceProxy wait for MtkRIL [PHONE0]
12-09 06:02:33.218  2703  2703 I MtkRILJ : getRadioServiceProxy wait for MtkRIL [PHONE0]
12-09 06:02:33.218  2703  2703 D RILJ    : Radio HAL version: -1.-1 [PHONE0]
12-09 06:02:33.218  2703  2703 D MtkRILJ : constructor: sub = 0
12-09 06:02:33.230  2703  2703 D MtkRILJ : getMtkRadioExProxy:Not calling getService(): wifi-only [PHONE0]
12-09 06:02:33.230  2703  2703 E MtkRILJ : getMtkRadioExServiceProxy: Not calling getService(): wifi-only
12-09 06:02:33.230  2703  2703 E MtkRILJ : getMtkRadioExServiceProxy: Not calling getService(): wifi-only
12-09 06:02:33.230  2703  2703 E MtkRILJ : getMtkRadioExServiceProxy: Not calling getService(): wifi-only
12-09 06:02:33.230  2703  2703 E MtkRILJ : getMtkRadioExServiceProxy: Not calling getService(): wifi-only
12-09 06:02:33.230  2703  2703 E MtkRILJ : getMtkRadioExServiceProxy: Not calling getService(): wifi-only
12-09 06:02:33.230  2703  2703 E MtkRILJ : getMtkRadioExServiceProxy: Not calling getService(): wifi-only
12-09 06:02:33.230  2703  2703 D MtkRILJ : getRilOp
12-09 06:02:33.231  2703  2703 D MtkRILJ : mMtkRilOp init fail, because OM load
12-09 06:02:33.235  2703  2703 D ImsManager: constructor function = private com.mediatek.ims.internal.MtkImsManager(android.content.Context,int)
12-09 06:02:33.236  2703  2703 D MtkImsManager [-1]: createMtkImsService binder is null
12-09 06:02:33.238  2703  2703 W FeatureConnector: [InstanceManager, -1] connect: not supported.
12-09 06:02:33.238  2703  2941 I ImsManagerIM [-1]: connectionUnavailable, reason: 2
12-09 06:02:33.238  2703  2703 D SubscriptionManager: [getSubId]- fail
12-09 06:02:33.239  2703  2703 W CarrierConfigManager: Error getting config for subId -1 ICarrierConfigLoader is null
12-09 06:02:33.239  2703  2703 D SubscriptionManager: [getSubId]- fail
12-09 06:02:33.240  2703  2703 D SubscriptionManager: [getSubId]- fail
12-09 06:02:33.240  2703  2703 W CarrierConfigManager: Error getting config for subId -1 ICarrierConfigLoader is null
12-09 06:02:33.240  2703  2703 D ImsManagerIM [-1]: getWfcMode - setting=2
12-09 06:02:33.240  2703  2703 D ImsManager: constructor function = private com.mediatek.ims.internal.MtkImsManager(android.content.Context,int)
12-09 06:02:33.241  2703  2703 D MtkImsManager [0]: createMtkImsService binder is null
12-09 06:02:33.241  2703  2703 W FeatureConnector: [InstanceManager, 0] connect: not supported.
12-09 06:02:33.242  2703  2942 I ImsManagerIM [0]: connectionUnavailable, reason: 2
12-09 06:02:33.242  2703  2703 D RadioManager: [RadioManager] Initialize RadioManager under airplane mode:0 wifi only mode:2 wifi mode: falsephoneCount:1
12-09 06:02:33.242  2703  2703 D RadioManager: [RadioManager] Convert phoneCount 1 into bitmap 1
12-09 06:02:33.244  2703  2703 D ImsSwitchController: Initialize ImsSwitchController enter
12-09 06:02:33.245  2703  2703 E MtkRILJ : getMtkRadioExServiceProxy: Not calling getService(): wifi-only
12-09 06:02:33.245  2703  2703 D RadioManager: [RadioManager] Not BSP Package, register intent!!!
12-09 06:02:33.247  2703  2703 D RatConfig: getMaxRat: initial no 0
12-09 06:02:33.247  2703  2703 D RatConfig: getActiveRatConfig: 
12-09 06:02:33.248  2703  2944 I RadioManager: PowerIdleState: enter
12-09 06:02:33.252  2703  2703 D RadioConfig: class = class com.mediatek.internal.telephony.MtkRadioConfig
12-09 06:02:33.252  2703  2703 D RadioConfig: constructor function = public com.mediatek.internal.telephony.MtkRadioConfig(android.content.Context,com.android.internal.telephony.HalVersion)
12-09 06:02:33.248  2703  2703 I auditd  : type=1400 audit(0.0:141): avc: denied { open } for comm="m.android.phone" path="/dev/__properties__/u:object_r:vendor_default_prop:s0" dev="tmpfs" ino=404 scontext=u:r:radio:s0 tcontext=u:object_r:vendor_default_prop:s0 tclass=file permissive=1
12-09 06:02:33.258  2703  2703 D MtkTelephonyComponentFactory: makeUiccController mtk
12-09 06:02:33.258  2703  2703 D UiccController: Creating UiccController
12-09 06:02:33.258  2703  2703 D UiccController: config_num_physical_slots = 1
12-09 06:02:33.248  2703  2703 I auditd  : type=1400 audit(0.0:142): avc: denied { getattr } for comm="m.android.phone" path="/dev/__properties__/u:object_r:vendor_default_prop:s0" dev="tmpfs" ino=404 scontext=u:r:radio:s0 tcontext=u:object_r:vendor_default_prop:s0 tclass=file permissive=1
12-09 06:02:33.248  2703  2703 I auditd  : type=1400 audit(0.0:143): avc: denied { map } for comm="m.android.phone" path="/dev/__properties__/u:object_r:vendor_default_prop:s0" dev="tmpfs" ino=404 scontext=u:r:radio:s0 tcontext=u:object_r:vendor_default_prop:s0 tclass=file permissive=1
12-09 06:02:33.271  2703  2703 D PinStorage: KeyStore: alias PinStorage_longTerm_always_key does not exist - Creating (exp=, auth=false)
12-09 06:02:33.296  2703  2703 D PinStorage: onDeviceReady
12-09 06:02:33.298  2703  2703 D PinStorage: KeyStore: alias PinStorage_shortTerm_key does not exist - Nothing to do
12-09 06:02:33.305  2703  2703 D MtkUiccCtrl: Creating MtkUiccController
12-09 06:02:33.308  2703  2703 I RsuSml  : [RSU-SIMLOCK] initialize RsuSml: [Lcom.android.internal.telephony.RIL;@21c9f98
12-09 06:02:33.309  2703  2703 D MtkUiccCtrl: [RSU-SIMLOCK] Create RsuSml, mCis=[Lcom.android.internal.telephony.RIL;@21c9f98
12-09 06:02:33.309  2703  2703 I PhoneFactory: Creating SubscriptionController
12-09 06:02:33.332  2703  2703 D MtkSubCtrl: [SubscriptionController] init by Context
12-09 06:02:33.332  2703  2703 D MtkSubCtrl: mtkInit, sInstance = com.mediatek.internal.telephony.MtkSubscriptionController@66073f1
12-09 06:02:33.334  2703  2703 D MtkSubscriptionControllerEx: [MtkSubscriptionControllerEx] init by Context, this = com.mediatek.internal.telephony.MtkSubscriptionControllerEx@7cafbd6
12-09 06:02:33.334  2703  2703 D MtkSubscriptionControllerEx: [MtkSubscriptionControllerEx] init by Context
12-09 06:02:33.334  2703  2703 D MtkSubscriptionControllerEx: [MtkSubscriptionControllerEx] sInstance = com.mediatek.internal.telephony.MtkSubscriptionControllerEx@7cafbd6
12-09 06:02:33.334  2703  2703 D MtkTelephonyComponentFactory: makeMultiSimSettingController mtk
12-09 06:02:33.336  2703  2703 D DSSelector: DataSubSelector is created
12-09 06:02:33.341  2703  2703 D MtkTelephonyManagerEx: simSwitchMode result = 3
12-09 06:02:33.342  2703  2703 I PhoneFactory: Creating Phone with type = 1 phoneId = 0
12-09 06:02:33.343  2703  2703 D TelephonyTester: register for intent action=com.mediatek.internal.telephony.action_detached
12-09 06:02:33.343  2703  2703 D TelephonyTester: register for intent action=com.mediatek.internal.telephony.action_attached
12-09 06:02:33.343  2703  2703 D TelephonyTester: register for intent action=com.android.internal.telephony.TestServiceState
12-09 06:02:33.343  2703  2703 D TelephonyTester: register for intent action=com.android.internal.telephony.TestChangeNumber
12-09 06:02:33.346  2703  2703 D Phone   : mDoesRilSendMultipleCallRing=true
12-09 06:02:33.347  2703  2703 D Phone   : mCallRingDelay=3000
12-09 06:02:33.362  2703  2703 D GsmCdmaCallTkr: Reset mWaitForHoldToRedialRequest variables
12-09 06:02:33.362  2703  2703 D GsmCdmaCallTkr: Reset mWaitForHoldToHangupRequest variables
12-09 06:02:33.363  2703  2703 D MtkTelephonyComponentFactory: makeIccPhoneBookInterfaceManager mtk
12-09 06:02:33.363  2703  2703 D SmsDispatchersController: SmsDispatchersController created
12-09 06:02:33.366  2703  2703 D SMSDispatcher: SMSDispatcher: ctor mSmsCapable=false format=unknown mSmsSendDisabled=true
12-09 06:02:33.367  2703  2703 D MtkImsSmsDispacher: Created!
12-09 06:02:33.370   832  2596 I commit_sys_config_file: [appops,7]
12-09 06:02:33.371  2703  2703 D SMSDispatcher: SMSDispatcher: ctor mSmsCapable=false format=3gpp2 mSmsSendDisabled=true
12-09 06:02:33.371  2703  2703 D CdmaSMSDispatcher: CdmaSMSDispatcher created
12-09 06:02:33.371  2703  2703 D MtkCdmaSMSDispatcher: MtkCdmaSMSDispatcher created
12-09 06:02:33.374  2703  2703 E WAP PUSH: bindService() for wappush manager failed
12-09 06:02:33.376  2703  2703 D m.android.phone: created InboundSmsHandler
12-09 06:02:33.379  2703  2703 D MtkGsmInboundSmsHandler-0: created InboundSmsHandler from MtkGsmInboundSmsHandler
12-09 06:02:33.379  2703  2950 D MtkGsmInboundSmsHandler-0: StartupState.enter: entering StartupState
12-09 06:02:33.380  2703  2703 E WAP PUSH: bindService() for wappush manager failed
12-09 06:02:33.382  2703  2703 D m.android.phone: created InboundSmsHandler
12-09 06:02:33.386  2703  2951 D MtkCdmaInboundSmsHandler-0: StartupState.enter: entering StartupState
12-09 06:02:33.390  2703  2703 D SMSDispatcher: SMSDispatcher: ctor mSmsCapable=false format=3gpp mSmsSendDisabled=true
12-09 06:02:33.390  2703  2703 D GsmSMSDispatcher: GsmSMSDispatcher created
12-09 06:02:33.390  2703  2703 D MtkGsmSMSDispatcher: MtkGsmSMSDispatcher created
12-09 06:02:33.390  2703  2703 D MtkSmsBroadcastUndelivered:  call initialize
12-09 06:02:33.395  2703  2951 D MtkCdmaInboundSmsHandler-0: StartupState.processMessage: processing EVENT_START_ACCEPTING_SMS
12-09 06:02:33.395  2703  2950 D MtkGsmInboundSmsHandler-0: StartupState.processMessage: processing EVENT_START_ACCEPTING_SMS
12-09 06:02:33.395  2703  2951 D MtkCdmaInboundSmsHandler-0: IdleState.enter: entering IdleState
12-09 06:02:33.395  2703  2950 D MtkGsmInboundSmsHandler-0: IdleState.enter: entering IdleState
12-09 06:02:33.395  2703  2950 D MtkGsmInboundSmsHandler-0: IdleState.processMessage: processing EVENT_RELEASE_WAKELOCK
12-09 06:02:33.395  2703  2951 D MtkCdmaInboundSmsHandler-0: IdleState.processMessage: processing EVENT_RELEASE_WAKELOCK
12-09 06:02:33.397  2703  2951 D MtkCdmaInboundSmsHandler-0: IdleState.processMessage: EVENT_RELEASE_WAKELOCK: mWakeLock released
12-09 06:02:33.398  2703  2950 D MtkGsmInboundSmsHandler-0: IdleState.processMessage: EVENT_RELEASE_WAKELOCK: mWakeLock released
12-09 06:02:33.398  2703  2703 D MtkSmsDispatchersController: MtkSmsDispatchersController created
12-09 06:02:33.400  2703  2703 D CdmaSSM : subscriptionSource from settings: 0
12-09 06:02:33.400  2703  2703 D CdmaSSM : cdmaSSM constructor: 0
12-09 06:02:33.404  2703  2703 D GsmCdmaPhone: [0] Precise phone type 1
12-09 06:02:33.404  2703  2703 D RILJ    : setPhoneType=1 old value=0 [PHONE0]
12-09 06:02:33.408  2703  2703 D CarrierActionAgent: [0]Creating CarrierActionAgent
12-09 06:02:33.408  2703  2703 W CarrierConfigManager: Error getting config for subId -1 ICarrierConfigLoader is null
12-09 06:02:33.410  2703  2703 D ANM-0   : operates in AP-assisted mode.
12-09 06:02:33.419  2703  2703 W CarrierConfigManager: Error getting config for subId -1 ICarrierConfigLoader is null
12-09 06:02:33.430  2703  2703 W CarrierConfigManager: Error getting config for subId -1 ICarrierConfigLoader is null
12-09 06:02:33.431  2703  2703 D SubscriptionManager: register OnSubscriptionsChangedListener pkgName=com.android.phone listener=com.android.internal.telephony.ServiceStateTracker$SstSubscriptionsChangedListener@455a128
12-09 06:02:33.432   832  2515 D TelephonyRegistry: listen oscl: mHasNotifySubscriptionInfoChangedOccurred==false no callback
12-09 06:02:33.434  2703  2703 D NRM-C-0 : registerForNetworkRegistrationInfoChanged
12-09 06:02:33.436  2703  2703 D NRM-I-0 : registerForNetworkRegistrationInfoChanged
12-09 06:02:33.439  2703  2703 D NitzStateMachineImpl: handleNetworkUnavailable: mLatestNitzSignal was already null. Nothing to do.
12-09 06:02:33.441  2703  2703 D MTKSST  : [GsmSST0] notifyVoiceRegStateRilRadioTechnologyChanged: vrs=1 rat=0
12-09 06:02:33.443  2703  2703 D SubscriptionManager: register OnSubscriptionsChangedListener pkgName=com.android.phone listener=com.android.internal.telephony.CarrierServiceStateTracker$1@ed1661f
12-09 06:02:33.443   832  2515 D TelephonyRegistry: listen oscl: mHasNotifySubscriptionInfoChangedOccurred==false no callback
12-09 06:02:33.445  2703  2703 D Phone   : [0] SubId-1,get allowed network types user: value = GPRS|EDGE|UMTS|HSDPA|HSUPA|HSPA|HSPA+|GSM
12-09 06:02:33.452  2703  2703 D NrMap-0 : SIM not ready, use default carrier config.
12-09 06:02:33.452  2703  2703 D NrMap-0 : gps.nfw_proxy_apps: com.mediatek.gnss.nonframeworklbs
12-09 06:02:33.452  2703  2703 D NrMap-0 : mGnssProxyPackageName from carrierConfig: com.mediatek.gnss.nonframeworklbs
12-09 06:02:33.453  2703  2703 D NrMap-0 : swtichNrMap=false listening=false
12-09 06:02:33.500  2703  2703 D NrMap-0 : loadCityFromXml.onPreExecute: system_ext/etc/nr-city.xml
12-09 06:02:33.500  2703  2703 D NrMap-0 : notify MD about NR city 2
12-09 06:02:33.501  2703  2703 E MtkRILJ : getMtkRadioExServiceProxy: Not calling getService(): wifi-only
12-09 06:02:33.503  2703  2954 D NrMap-0 : [0]Record(/Beijing/cn)
12-09 06:02:33.503  2703  2703 D NrMap-0 : NrMap set=0 permission=false
12-09 06:02:33.504  2703  2703 W CarrierConfigManager: Error getting config for subId -1 ICarrierConfigLoader is null
12-09 06:02:33.507  2703  2703 D EmergencyNumberTracker:  asset emergency database is loaded. Ver: 2 Phone Id: 0
12-09 06:02:33.508  2703  2703 E EmergencyNumberTracker: Cache ota emergency database IOException: java.io.FileNotFoundException: /data/misc/emergencynumberdb/emergency_number_db: open failed: ENOENT (No such file or directory)
12-09 06:02:33.508  2703  2703 D EmergencyNumberTracker: Using Asset Emergency database. Version: 2
12-09 06:02:33.526  2703  2703 D MtkDeviceStateMonitor: [phoneId0]Initialize MtkDeviceStateMonitor
12-09 06:02:33.526  2703  2703 D MtkDeviceStateMonitor: [phoneId0]isLowDataExpected mIsScreenOn = true mIsCharging = false mIsTetheringOn = false
12-09 06:02:33.531  2703  2703 D TDC     : getModemCount: 1
12-09 06:02:33.531  2703  2703 D TDC     : getModem: 0
12-09 06:02:33.531  2703  2703 D TDC     : getModemCount: 1
12-09 06:02:33.531  2703  2703 D TDC     : getModem: 0
12-09 06:02:33.532  2703  2703 D MtkDNC  : DNC-0: DataNetworkController created.
12-09 06:02:33.536  2703  2703 W CarrierConfigManager: Error getting config for subId -1 ICarrierConfigLoader is null
12-09 06:02:33.538  2703  2703 W CarrierConfigManager: Error getting config for subId -1 ICarrierConfigLoader is null
12-09 06:02:33.539  2703  2703 W CarrierConfigManager: Error getting config for subId -1 ICarrierConfigLoader is null
12-09 06:02:33.542  2703  2703 W CarrierConfigManager: Error getting config for subId -1 ICarrierConfigLoader is null
12-09 06:02:33.557  2703  2703 W CarrierConfigManager: Error getting config for subId -1 ICarrierConfigLoader is null
12-09 06:02:33.558  2703  2703 W CarrierConfigManager: Error getting config for subId -1 ICarrierConfigLoader is null
12-09 06:02:33.559  2703  2703 W CarrierConfigManager: Error getting config for subId -1 ICarrierConfigLoader is null
12-09 06:02:33.560  2703  2703 E DSM-I-0 : Can't find the binding package
12-09 06:02:33.560  2703  2703 D DCM-0   : DataConfigManager created.
12-09 06:02:33.565  2703  2703 W CarrierConfigManager: Error getting config for subId -1 ICarrierConfigLoader is null
12-09 06:02:33.568  2703  2703 E DCM-0   : Invalid config "RCS:80"
12-09 06:02:33.577  2703  2703 D MtkDCM  : DCM-0: updateRoamingConfigs: DomesticRoamingEnabled false, IntlRoamingEnabled false, UniqueSettingForRoaming 0
12-09 06:02:33.577  2703  2703 D MtkDCM  : DCM-0: updateVolteIOTConfig: mVolteIotFirewall false
12-09 06:02:33.578  2703  2703 D DCM-0   : Data config updated. Config is not carrier specific.
12-09 06:02:33.585  2703  2703 D DSMGR-0 : DataSettingsManager created.
12-09 06:02:33.591  2703  2703 D MtkSubCtrl: Valid row not present in db
12-09 06:02:33.597  2703  2703 D SubscriptionManager: register OnSubscriptionsChangedListener pkgName=com.android.phone listener=com.mediatek.internal.telephony.data.MtkDataProfileManager$DpmOnSubscriptionsChangedListener@e591582
12-09 06:02:33.598   832   846 D TelephonyRegistry: listen oscl: mHasNotifySubscriptionInfoChangedOccurred==false no callback
12-09 06:02:33.602  2703  2703 D DSRM-0  : DataStallRecoveryManager created.
12-09 06:02:33.605  2703  2703 D CarrierResolver: Creating CarrierResolver[0]
12-09 06:02:33.611  2703  2703 D MTKSST  : [GsmSST0] notifyVoiceRegStateRilRadioTechnologyChanged: vrs=1 rat=0
12-09 06:02:33.625  2703  2703 I GsmCdmaPhone: [0] updateTtyMode ttyMode=0
12-09 06:02:33.627  2703  2703 I GsmCdmaPhone: [0] updateUiTtyMode ttyMode=0
12-09 06:02:33.627  2703  2703 D CallManager: registerPhone(GSM Handler (com.mediatek.internal.telephony.MtkGsmCdmaPhone) {117630b})
12-09 06:02:33.627  2703  2703 D SubscriptionManager: register OnSubscriptionsChangedListener pkgName=com.android.phone listener=com.android.internal.telephony.GsmCdmaPhone$2@ca4b5e8
12-09 06:02:33.628   832   846 D TelephonyRegistry: listen oscl: mHasNotifySubscriptionInfoChangedOccurred==false no callback
12-09 06:02:33.628  2703  2703 D GsmCdmaPhone: [0] GsmCdmaPhone: constructor: sub = 0
12-09 06:02:33.628  2703  2703 D MtkGsmCdmaPhone: constructor: sub = 0
12-09 06:02:33.629  2703  2703 D SelfActivationDefault: init
12-09 06:02:33.631  2703  2703 I PhoneFactory: defaultSmsApplication: NONE
12-09 06:02:33.637  2703  2703 I PhoneFactory: Creating SubInfoRecordUpdater 
12-09 06:02:33.638  2703  2703 D SubscriptionInfoUpdater: Constructor invoked
12-09 06:02:33.649  2703  2703 D MtkSubscriptionInfoUpdater: MtkSubscriptionInfoUpdater created
12-09 06:02:33.651  2703  2703 D SuppServManager: Create MtkSuppServManager singleton instance, phones.length = 1
12-09 06:02:33.651  2703  2703 D SuppServManager: Initialize MtkSuppServManager!
12-09 06:02:33.654  2703  2703 D MtkSuppServHelper: [0]MtkSuppServHelper init done.
12-09 06:02:33.654  2703  2703 I SuppServConf: [0]MtkSuppServConf constructor.
12-09 06:02:33.654  2703  2703 I SuppServConf: [0]MtkSuppServConf init.
12-09 06:02:33.654  2703  2703 I SuppServConf: [0]initConfig start.
12-09 06:02:33.654  2703  2703 I SuppServConf: [0]initConfig end.
12-09 06:02:33.655  2703  2703 D SmartDataSwitch: SmartDataSwitchAssistant is created
12-09 06:02:33.655  2703  2960 D SuppServConf: [0]handleMessage msg: EVENT_ICC_CHANGED
12-09 06:02:33.656  2703  2703 D SmartDataSwitch: registerEvents
12-09 06:02:33.656  2703  2703 D SmartDataSwitch: init done
12-09 06:02:33.656  2703  2960 D SuppServConf: [0]handleMessage msg: EVENT_INIT
12-09 06:02:33.656  2703  2960 I SuppServConf: [0]resetConfig start.
12-09 06:02:33.656  2703  2703 D SmartDataSwitch: makeSDSA: X sSDSA =Handler (com.mediatek.internal.telephony.datasub.SmartDataSwitchAssistant) {efe0c06}
12-09 06:02:33.656  2703  2960 I SuppServConf: [0]resetConfig end.
12-09 06:02:33.656  2703  2960 W CarrierConfigManager: Error getting config for subId -1 ICarrierConfigLoader is null
12-09 06:02:33.656  2703  2960 D SuppServConf: [0]Config is null.
12-09 06:02:33.656  2703  2960 I SuppServConf: [0]TRANSFER_XCAP_404 -> bValue: false, sValue: , iValue: -1
12-09 06:02:33.656  2703  2960 I SuppServConf: [0]NEED_CHECK_DATA_ROAMING -> bValue: false, sValue: , iValue: -1
12-09 06:02:33.656  2703  2960 I SuppServConf: [0]NOT_SUPPORT_CALL_IDENTITY -> bValue: false, sValue: , iValue: -1
12-09 06:02:33.656  2703  2960 I SuppServConf: [0]GSM_UT_SUPPORT -> bValue: false, sValue: , iValue: -1
12-09 06:02:33.656  2703  2960 I SuppServConf: [0]NOT_SUPPORT_XCAP -> bValue: false, sValue: , iValue: -1
12-09 06:02:33.656  2703  2960 I SuppServConf: [0]NOT_SUPPORT_OCB -> bValue: false, sValue: , iValue: -1
12-09 06:02:33.656  2703  2960 I SuppServConf: [0]RE_REGISTER_FOR_CF -> bValue: false, sValue: , iValue: -1
12-09 06:02:33.656  2703  2960 I SuppServConf: [0]QUERY_CFU_AGAIN_AFTER_SET -> bValue: false, sValue: , iValue: -1
12-09 06:02:33.657  2703  2960 I SuppServConf: [0]NOT_SUPPORT_WFC_UT -> bValue: false, sValue: , iValue: -1
12-09 06:02:33.657  2703  2960 I SuppServConf: [0]NEED_CHECK_DATA_ENABLE -> bValue: false, sValue: , iValue: -1
12-09 06:02:33.657  2703  2960 I SuppServConf: [0]IMS_NW_CW -> bValue: false, sValue: , iValue: -1
12-09 06:02:33.657  2703  2960 I SuppServConf: [0]TBCLIR -> bValue: false, sValue: , iValue: -1
12-09 06:02:33.657  2703  2703 D MtkTelephonyComponentFactory: not found VoData library
12-09 06:02:33.657  2703  2960 I SuppServConf: [0]SUPPORT_SAVE_CF_NUMBER -> bValue: false, sValue: , iValue: -1
12-09 06:02:33.657  2703  2960 I SuppServConf: [0]NEED_CHECK_IMS_WHEN_ROAMING -> bValue: false, sValue: , iValue: -1
12-09 06:02:33.657  2703  2960 I SuppServConf: [0]ENABLE_XCAP_HTTP_RESPONSE_409 -> bValue: false, sValue: , iValue: -1
12-09 06:02:33.657  2703  2703 I PhoneFactory: IMS is not supported on this device, skipping ImsResolver.
12-09 06:02:33.657  2703  2703 D DataHelper: makeMtkDataHelper: phones.length=1
12-09 06:02:33.658  2703  2703 D DataHelper: registerEvents
12-09 06:02:33.658  2703  2703 D DataHelper: registerImsEvents, phoneId = 0
12-09 06:02:33.659  2703  2703 D DataHelper: Not register IMS phone calling state yet.
12-09 06:02:33.662  2703  2703 D DataHelper: registered phone change event.
12-09 06:02:33.662  2703  2703 D DataHelper: makesMtkDataHelper: X sMtkDataHelper =com.mediatek.internal.telephony.data.MtkDataHelper@516a0f4
12-09 06:02:33.666  2703  2703 D MtkPhoneSwitcher: MtkPhoneSwitcher mtkMake
12-09 06:02:33.670   832   846 D TelephonyRegistry: listen oscl: mHasNotifySubscriptionInfoChangedOccurred==false no callback
12-09 06:02:33.674  2703  2703 D PhoneSwitcher: PhoneSwitcher started
12-09 06:02:33.676  2703  2703 D ProxyController: Constructor - Enter
12-09 06:02:33.679  2703  2703 D ProxyController: clearTransaction
12-09 06:02:33.679  2703  2703 D ProxyController: clearTransaction: phoneId=0 status=IDLE
12-09 06:02:33.679  2703  2703 D ProxyController: Constructor - Exit
12-09 06:02:33.679  2703  2703 D MtkProxyController: Constructor - Enter, rild mode = 2
12-09 06:02:33.683  2703  2703 D MtkProxyController: Constructor - Exit
12-09 06:02:33.688   832   846 I sysui_multi_action: [757,856,758,1,806,com.android.phone,857,sms,858,4]
12-09 06:02:33.688   832   846 I sysui_multi_action: [757,856,758,1,806,com.android.phone,857,wfc,858,2]
12-09 06:02:33.688   832   846 I sysui_multi_action: [757,856,758,1,806,com.android.phone,857,simHighPriority,858,4]
12-09 06:02:33.689   832   846 I sysui_multi_action: [757,856,758,1,806,com.android.phone,857,alert,858,3]
12-09 06:02:33.689   832   846 I sysui_multi_action: [757,856,758,1,806,com.android.phone,857,mobileDataAlertNew,858,2]
12-09 06:02:33.689   832   846 I sysui_multi_action: [757,856,758,1,806,com.android.phone,857,sim,858,2]
12-09 06:02:33.690   832   846 I sysui_multi_action: [757,856,758,1,806,com.android.phone,857,callForwardNew,858,3]
12-09 06:02:33.693  2703  2703 D SubscriptionManager: register OnSubscriptionsChangedListener pkgName=com.android.phone listener=com.android.internal.telephony.data.TelephonyNetworkFactory$1@38495de
12-09 06:02:33.695   832  2515 D TelephonyRegistry: listen oscl: mHasNotifySubscriptionInfoChangedOccurred==false no callback
12-09 06:02:33.695  2703  2703 D TelephonyNetworkFactory[0]: Registering NetworkFactory
12-09 06:02:33.696  2703  2703 D WORLDMODE: [WPP_UTIL]Factory World phone not support
12-09 06:02:33.696  2703  2703 D MtkTelephonyComponentFactory: Creating CarrierExpress
12-09 06:02:33.733  2703  2703 D SubscriptionManager: register OnSubscriptionsChangedListener pkgName=com.android.phone listener=com.android.phone.CallNotifier$1@10f3a8d
12-09 06:02:33.734   832  2515 D TelephonyRegistry: listen oscl: mHasNotifySubscriptionInfoChangedOccurred==false no callback
12-09 06:02:33.735  2703  2703 D CallManager: registerForMmiComplete
12-09 06:02:33.736  2703  2703 D NitzStateMachineImpl: handleAirplaneModeChanged(false): mLatestNitzSignal was already null. Nothing to do.
12-09 06:02:33.740  2703  2703 D NitzStateMachineImpl: handleAirplaneModeChanged(false): mLatestNitzSignal was already null. Nothing to do.
12-09 06:02:33.762  2703  2703 D SubscriptionManager: register OnSubscriptionsChangedListener pkgName=com.android.phone listener=com.android.services.telephony.TelecomAccountRegistry$1@2263ebc
12-09 06:02:33.763   832  2515 D TelephonyRegistry: listen oscl: mHasNotifySubscriptionInfoChangedOccurred==false no callback
12-09 06:02:33.781  2703  2703 D RadioManager: [RadioManager] handleMessage msg.what: EVENT_REPORT_AIRPLANE_DONE
12-09 06:02:33.781  2703  2703 D UiccController: handleMessage: Received RADIO_UNAVAILABLE for phoneId 0
12-09 06:02:33.782  2703  2703 D UiccController: EVENT_RADIO_UNAVAILABLE, dispose card
12-09 06:02:33.782  2703  2960 D SuppServConf: [0]handleMessage msg: EVENT_ICC_CHANGED
12-09 06:02:33.783  2703  2703 D MtkGsmCdmaPhone: EVENT_ICC_CHANGED, phone id = 0, result = null
12-09 06:02:33.783  2703  2703 E GsmCdmaPhone: [0] reapplyUiccAppsEnablementIfNeeded(), slot is null ,mUiccApplicationsEnabled = null
12-09 06:02:33.784  2703  2703 D MtkGsmCdmaPhone: isPhoneTypeCdmaLte:false, phoneId: 0 isCdmaWithoutLteCard: false mNewVoiceTech: -1
12-09 06:02:33.784  2703  2703 D Phone   : config LCE service failed: com.android.internal.telephony.CommandException: RADIO_NOT_AVAILABLE
12-09 06:02:33.784  2703  2703 D GsmCallTkrHlpr: handle EVENT_RADIO_NOT_AVAILABLE (slot 0)
12-09 06:02:33.784  2703  2703 D GsmCallTkrHlpr: handle EVENT_RADIO_OFF_OR_NOT_AVAILABLE (slot 0)
12-09 06:02:33.785  2703  2703 D GsmCdmaCallTkr: Receives EVENT_RADIO_OFF_OR_NOT_AVAILABLE
12-09 06:02:33.785  2703  2703 D GsmCdmaCallTracker: [0] update phone state, old=IDLE new=IDLE
12-09 06:02:33.785  2703  2703 W FeatureConnector: [ImsSmsDispatcher, 0] connect: not supported.
12-09 06:02:33.785  2703  2703 D MtkGsmSMSDispatcher: Wrong phone id event coming, PhoneId: -1
12-09 06:02:33.786  2703  2703 D MtkGsmSMSDispatcher: Wrong phone id event coming, PhoneId: -1
12-09 06:02:33.786  2703  2703 D MtkGsmCdmaPhone: EVENT_RADIO_OFF_OR_NOT_AVAILABLEreceived.
12-09 06:02:33.786  2703  2703 D GsmCdmaPhone: [0] Event EVENT_RADIO_OFF_OR_NOT_AVAILABLE Received
12-09 06:02:33.786  2703  2703 D GsmCdmaPhone: [0] EVENT EVENT_RADIO_STATE_CHANGED
12-09 06:02:33.786  2703  2703 D GsmCdmaPhone: handleRadioPowerStateChange, state= 2
12-09 06:02:33.789  2703  2703 E ANM-0   : Can't find the binding package
12-09 06:02:33.790  2703  2703 V MTKSST  : [GsmSST0] received event 42
12-09 06:02:33.790  2703  2703 D MTKSST  : [GsmSST0] EVENT_ICC_CHANGED: SIM absent
12-09 06:02:33.790  2703  2703 D MTKSST  : [GsmSST0] cancelAllNotifications: mPrevSubId=-1
12-09 06:02:33.795  2703  2703 D MTKSST  : [GsmSST0] updateSpnDisplay: radio is on but out of service, set plmn='No service'
12-09 06:02:33.796  2703  2703 D MTKSST  : [GsmSST0] updateSpnDisplay: rawSpn = 
12-09 06:02:33.797  2703  2703 D MTKSST  : [GsmSST0] updateSpnDisplay: updateSpnDisplay: changed sending intent, rule=2, showPlmn='true', plmn='No service', showSpn='false', spn='null', dataSpn='', subId='-1'
12-09 06:02:33.797  2703  2703 D SubscriptionManager: putPhoneIdAndSubIdExtra: no valid subs
12-09 06:02:33.799  2703  2703 V MTKSST  : [GsmSST0] updateSpnDisplayLegacy-
12-09 06:02:33.801  2703  2703 D NRM-C-0 : Trying to bind com.android.phone for transport WWAN
12-09 06:02:33.807  2703  2703 E NRM-I-0 : Can't find the binding package
12-09 06:02:33.807  2703  2703 V MTKSST  : [GsmSST0] received event 1
12-09 06:02:33.807  2703  2703 D MTKSST  : [GsmSST0] handle EVENT_RADIO_STATE_CHANGED
12-09 06:02:33.807  2703  2703 D RadioManager: [RadioManager] setRadioPower, power=true  phoneId=0
12-09 06:02:33.807  2703  2703 D RatConfig: getActiveRatConfig: 
12-09 06:02:33.807  2703  2703 D RadioManager: [RadioManager] wifi-only device, so return
12-09 06:02:33.807  2703  2703 D MTKSST  : [GsmSST0] pollState: modemTriggered=true, mPollingContext=0, RadioState=2, connected=false, support_ap_iwlan=1
12-09 06:02:33.807  2703  2703 D MTKSST  : [GsmSST0] pollState: modemTriggered=true, radioState=2
12-09 06:02:33.808  2703  2703 D NitzStateMachineImpl: handleNetworkUnavailable: mLatestNitzSignal was already null. Nothing to do.
12-09 06:02:33.808  2703  2703 D MTKSST  : [GsmSST0] useDataRegStateForDataOnlyDevice: VoiceRegState=1 DataRegState=1
12-09 06:02:33.808  2703  2703 D MTKSST  : [GsmSST0] Could not set ServiceState channel number. CellIdentity null
12-09 06:02:33.808  2703  2703 D MTKSST  : [GsmSST0] Poll ServiceState done: oldSS=[{mVoiceRegState=1(OUT_OF_SERVICE), mDataRegState=1(OUT_OF_SERVICE), mChannelNumber=-1, duplexMode()=0, mCellBandwidths=[], mOperatorAlphaLong=null, mOperatorAlphaShort=null, isManualNetworkSelection=false(automatic), getRilVoiceRadioTechnology=0(Unknown), getRilDataRadioTechnology=0(Unknown), mCssIndicator=unsupported, mNetworkId=-1, mSystemId=-1, mCdmaRoamingIndicator=-1, mCdmaDefaultRoamingIndicator=-1, mIsEmergencyOnly=false, isUsingCarrierAggregation=false, mArfcnRsrpBoost=0, mNetworkRegistrationInfos=[NetworkRegistrationInfo{ domain=CS transportType=WWAN registrationState=UNKNOWN roamingType=NOT_ROAMING accessNetworkTechnology=UNKNOWN rejectCause=0 emergencyEnabled=false availableServices=[] cellIdentity=null voiceSpecificInfo=null dataSpecificInfo=null nrState=NONE rRplmn= isUsingCarrierAggregation=false}, NetworkRegistrationInfo{ domain=PS transportType=WWAN registrationState=UNKNOWN roamingType=NOT_ROAMING accessNetworkTechnology=UNKNOWN rejectCause=0 emergencyEnabled=false availableServices=[] cellIdentity=null voiceSpecificInfo=null dataSpecificInfo=null nrState=NONE rRplmn= isUsingCarrierAggregation=false}, NetworkRegistrationInfo{ domain=PS transportType=WLAN registrationState=UNKNOWN roamingType=NOT_ROAMING accessNetworkTechnology=UNKNOWN rejectCause=0 emergencyEnabled=false availableServices=[] cellIdentity=null voiceSpecificInfo=null dataSpecificInfo=null nrState=NONE rRplmn= isUsingCarrierAggregation=false}], mNrFrequencyRange=0, mOperatorAlphaLongRaw=null, mOperatorAlphaShortRaw=null, mIsDataRoamingFromRegistration=false, mIsIwlanPreferred=false}]
12-09 06:02:33.808  2703  2703 D MTKSST  : [GsmSST0] Poll ServiceState done: newSS=[{mVoiceRegState=1(OUT_OF_SERVICE), mDataRegState=1(OUT_OF_SERVICE), mChannelNumber=-1, duplexMode()=0, mCellBandwidths=[], mOperatorAlphaLong=null, mOperatorAlphaShort=null, isManualNetworkSelection=false(automatic), getRilVoiceRadioTechnology=0(Unknown), getRilDataRadioTechnology=0(Unknown), mCssIndicator=unsupported, mNetworkId=-1, mSystemId=-1, mCdmaRoamingIndicator=-1, mCdmaDefaultRoamingIndicator=-1, mIsEmergencyOnly=false, isUsingCarrierAggregation=false, mArfcnRsrpBoost=0, mNetworkRegistrationInfos=[NetworkRegistrationInfo{ domain=CS transportType=WWAN registrationState=UNKNOWN roamingType=NOT_ROAMING accessNetworkTechnology=UNKNOWN rejectCause=0 emergencyEnabled=false availableServices=[] cellIdentity=null voiceSpecificInfo=null dataSpecificInfo=null nrState=NONE rRplmn= isUsingCarrierAggregation=false}, NetworkRegistrationInfo{ domain=PS transportType=WWAN registrationState=UNKNOWN roamingType=NOT_ROAMING accessNetworkTechnology=UNKNOWN rejectCause=0 emergencyEnabled=false availableServices=[] cellIdentity=null voiceSpecificInfo=null dataSpecificInfo=null nrState=NONE rRplmn= isUsingCarrierAggregation=false}, NetworkRegistrationInfo{ domain=PS transportType=WLAN registrationState=UNKNOWN roamingType=NOT_ROAMING accessNetworkTechnology=UNKNOWN rejectCause=0 emergencyEnabled=false availableServices=[] cellIdentity=null voiceSpecificInfo=null dataSpecificInfo=null nrState=NONE rRplmn= isUsingCarrierAggregation=false}], mNrFrequencyRange=0, mOperatorAlphaLongRaw=null, mOperatorAlphaShortRaw=null, mIsDataRoamingFromRegistration=false, mIsIwlanPreferred=false}] oldMaxDataCalls=1 mNewMaxDataCalls=1 oldReasonDataDenied=-1 mNewReasonDataDenied=-1
12-09 06:02:33.809  2703  2703 D MTKSST  : [GsmSST0] pollStateDone: hasRegistered = false hasDeregistered = false hasDataAttached = {1=false, 2=false} hasDataDetached = {1=false, 2=false} hasDataRegStateChanged = {1=false, 2=false} hasRilVoiceRadioTechnologyChanged = false hasRilDataRadioTechnologyChanged = {1=false, 2=false} hasDataTransportPreferenceChanged = false hasChanged = false hasVoiceRoamingOn = false hasVoiceRoamingOff = false hasDataRoamingOn =false hasDataRoamingOff = false hasLocationChanged = false has4gHandoff = false hasMultiApnSupport = false hasLostMultiApnSupport = false hasCssIndicatorChanged = false hasNrFrequencyRangeChanged = false hasNrStateChanged = false hasDataRoamingTypeChange = false hasBandwidthChanged = true hasAirplaneModeOnlChanged = false
12-09 06:02:33.810   832   846 D TelephonyRegistry: notifySignalStrengthForPhoneId: invalid phoneId=0
12-09 06:02:33.812  2703  2703 D MtkPhoneNotifr: MtkPhoneNotifier notifyMtkSignalStrength phoneId:0 subId: 2147483646 signal: SignalStrength:{mCdma=CellSignalStrengthCdma: cdmaDbm=2147483647 cdmaEcio=2147483647 evdoDbm=2147483647 evdoEcio=2147483647 evdoSnr=2147483647 level=0,mGsm=CellSignalStrengthGsm: rssi=2147483647 ber=2147483647 mTa=2147483647 mLevel=0,mWcdma=CellSignalStrengthWcdma: ss=2147483647 ber=2147483647 rscp=2147483647 ecno=2147483647 level=0,mTdscdma=CellSignalStrengthTdscdma: rssi=2147483647 ber=2147483647 rscp=2147483647 level=0,mLte=CellSignalStrengthLte: rssi=2147483647 rsrp=2147483647 rsrq=2147483647 rssnr=2147483647 cqiTableIndex=2147483647 cqi=2147483647 ta=2147483647 level=0 parametersUseForLevel=1,mNr=CellSignalStrengthNr:{ csiRsrp = 2147483647 csiRsrq = 2147483647 csiCqiTableIndex = 2147483647 csiCqiReport = [] ssRsrp = 2147483647 ssRsrq = 2147483647 ssSinr = 2147483647 level = 0 parametersUseForLevel = 1 },primary=CellSignalStrengthLte}, phoneId=0, mMtkLevel=0, mMtkRsrpOnly=false, mMtkLteRsrpThreshold=null, mMtkLteRssnrThreshold=null
12-09 06:02:33.813   832   846 D TelephonyRegistry: notifySignalStrengthForPhoneId: invalid phoneId=0
12-09 06:02:33.815  2703  2703 V MTKSST  : [GsmSST0] received event 50
12-09 06:02:33.815  2703  2703 D MTKSST  : [GsmSST0] handle EVENT_RADIO_STATE_CHANGED
12-09 06:02:33.815  2703  2703 D RadioManager: [RadioManager] setRadioPower, power=true  phoneId=0
12-09 06:02:33.815  2703  2703 D RatConfig: getActiveRatConfig: 
12-09 06:02:33.815  2703  2703 D RadioManager: [RadioManager] wifi-only device, so return
12-09 06:02:33.815  2703  2703 D MTKSST  : [GsmSST0] pollState: modemTriggered=true, mPollingContext=0, RadioState=2, connected=false, support_ap_iwlan=1
12-09 06:02:33.815  2703  2703 D MTKSST  : [GsmSST0] pollState: modemTriggered=true, radioState=2
12-09 06:02:33.815  2703  2703 D NitzStateMachineImpl: handleNetworkUnavailable: mLatestNitzSignal was already null. Nothing to do.
12-09 06:02:33.815  2703  2703 D MTKSST  : [GsmSST0] useDataRegStateForDataOnlyDevice: VoiceRegState=1 DataRegState=1
12-09 06:02:33.816  2703  2703 D MTKSST  : [GsmSST0] Could not set ServiceState channel number. CellIdentity null
12-09 06:02:33.816  2703  2703 D MTKSST  : [GsmSST0] Poll ServiceState done: oldSS=[{mVoiceRegState=1(OUT_OF_SERVICE), mDataRegState=1(OUT_OF_SERVICE), mChannelNumber=-1, duplexMode()=0, mCellBandwidths=[], mOperatorAlphaLong=null, mOperatorAlphaShort=null, isManualNetworkSelection=false(automatic), getRilVoiceRadioTechnology=0(Unknown), getRilDataRadioTechnology=0(Unknown), mCssIndicator=unsupported, mNetworkId=-1, mSystemId=-1, mCdmaRoamingIndicator=-1, mCdmaDefaultRoamingIndicator=-1, mIsEmergencyOnly=false, isUsingCarrierAggregation=false, mArfcnRsrpBoost=0, mNetworkRegistrationInfos=[NetworkRegistrationInfo{ domain=CS transportType=WWAN registrationState=UNKNOWN roamingType=NOT_ROAMING accessNetworkTechnology=UNKNOWN rejectCause=0 emergencyEnabled=false availableServices=[] cellIdentity=null voiceSpecificInfo=null dataSpecificInfo=null nrState=NONE rRplmn= isUsingCarrierAggregation=false}, NetworkRegistrationInfo{ domain=PS transportType=WWAN registrationState=UNKNOWN roamingType=NOT_ROAMING accessNetworkTechnology=UNKNOWN rejectCause=0 emergencyEnabled=false availableServices=[] cellIdentity=null voiceSpecificInfo=null dataSpecificInfo=null nrState=NONE rRplmn= isUsingCarrierAggregation=false}, NetworkRegistrationInfo{ domain=PS transportType=WLAN registrationState=UNKNOWN roamingType=NOT_ROAMING accessNetworkTechnology=UNKNOWN rejectCause=0 emergencyEnabled=false availableServices=[] cellIdentity=null voiceSpecificInfo=null dataSpecificInfo=null nrState=NONE rRplmn= isUsingCarrierAggregation=false}], mNrFrequencyRange=0, mOperatorAlphaLongRaw=null, mOperatorAlphaShortRaw=null, mIsDataRoamingFromRegistration=false, mIsIwlanPreferred=false}]
12-09 06:02:33.816  2703  2703 D MTKSST  : [GsmSST0] Poll ServiceState done: newSS=[{mVoiceRegState=1(OUT_OF_SERVICE), mDataRegState=1(OUT_OF_SERVICE), mChannelNumber=-1, duplexMode()=0, mCellBandwidths=[], mOperatorAlphaLong=null, mOperatorAlphaShort=null, isManualNetworkSelection=false(automatic), getRilVoiceRadioTechnology=0(Unknown), getRilDataRadioTechnology=0(Unknown), mCssIndicator=unsupported, mNetworkId=-1, mSystemId=-1, mCdmaRoamingIndicator=-1, mCdmaDefaultRoamingIndicator=-1, mIsEmergencyOnly=false, isUsingCarrierAggregation=false, mArfcnRsrpBoost=0, mNetworkRegistrationInfos=[NetworkRegistrationInfo{ domain=CS transportType=WWAN registrationState=UNKNOWN roamingType=NOT_ROAMING accessNetworkTechnology=UNKNOWN rejectCause=0 emergencyEnabled=false availableServices=[] cellIdentity=null voiceSpecificInfo=null dataSpecificInfo=null nrState=NONE rRplmn= isUsingCarrierAggregation=false}, NetworkRegistrationInfo{ domain=PS transportType=WWAN registrationState=UNKNOWN roamingType=NOT_ROAMING accessNetworkTechnology=UNKNOWN rejectCause=0 emergencyEnabled=false availableServices=[] cellIdentity=null voiceSpecificInfo=null dataSpecificInfo=null nrState=NONE rRplmn= isUsingCarrierAggregation=false}, NetworkRegistrationInfo{ domain=PS transportType=WLAN registrationState=UNKNOWN roamingType=NOT_ROAMING accessNetworkTechnology=UNKNOWN rejectCause=0 emergencyEnabled=false availableServices=[] cellIdentity=null voiceSpecificInfo=null dataSpecificInfo=null nrState=NONE rRplmn= isUsingCarrierAggregation=false}], mNrFrequencyRange=0, mOperatorAlphaLongRaw=null, mOperatorAlphaShortRaw=null, mIsDataRoamingFromRegistration=false, mIsIwlanPreferred=false}] oldMaxDataCalls=1 mNewMaxDataCalls=1 oldReasonDataDenied=-1 mNewReasonDataDenied=-1
12-09 06:02:33.817  2703  2703 D MTKSST  : [GsmSST0] pollStateDone: hasRegistered = false hasDeregistered = false hasDataAttached = {1=false, 2=false} hasDataDetached = {1=false, 2=false} hasDataRegStateChanged = {1=false, 2=false} hasRilVoiceRadioTechnologyChanged = false hasRilDataRadioTechnologyChanged = {1=false, 2=false} hasDataTransportPreferenceChanged = false hasChanged = false hasVoiceRoamingOn = false hasVoiceRoamingOff = false hasDataRoamingOn =false hasDataRoamingOff = false hasLocationChanged = false has4gHandoff = false hasMultiApnSupport = false hasLostMultiApnSupport = false hasCssIndicatorChanged = false hasNrFrequencyRangeChanged = false hasNrStateChanged = false hasDataRoamingTypeChange = false hasBandwidthChanged = true hasAirplaneModeOnlChanged = false
12-09 06:02:33.817  2703  2703 D Phone   : [0] SubId-1,get allowed network types user: value = GPRS|EDGE|UMTS|HSDPA|HSUPA|HSPA|HSPA+|GSM
12-09 06:02:33.817  2703  2703 D PhoneFactory: calculatePreferredNetworkType: phoneId = 0 networkType = 50055
12-09 06:02:33.818  2703  2703 D SubscriptionController: [getSlotIndex]- subId invalid
12-09 06:02:33.819  2703  2703 D Phone   : [0] SubId-1,get allowed network types carrier: value = GPRS|EDGE|UMTS|HSDPA|HSUPA|HSPA|HSPA+|GSM
12-09 06:02:33.819  2703  2703 I CSST    : isNrSupported:  carrierConfigEnabled: true, AccessFamilySupported: false, isNrNetworkTypeAllowed: false
12-09 06:02:33.819  2703  2703 I CSST    : PrefNetworkNotification: sendMessage() w/values: ,false,-1,false,false
12-09 06:02:33.820  2703  2703 I CSST    : canceling notifications: 1000
12-09 06:02:33.820  2703  2703 D Phone   : isWifiCallingEnabled =false
12-09 06:02:33.820  2703  2703 D CSST    : isPhoneRegisteredForWifiCalling: false
12-09 06:02:33.820  2703  2703 D Phone   : isWifiCallingEnabled =false
12-09 06:02:33.820  2703  2703 I CSST    : EmergencyNetworkNotification: sendMessage() w/values: ,-1,false,false
12-09 06:02:33.821  2703  2703 I CSST    : canceling notifications: 1001
12-09 06:02:33.821  2703  2703 D Phone   : [0] SubId-1,get allowed network types user: value = GPRS|EDGE|UMTS|HSDPA|HSUPA|HSPA|HSPA+|GSM
12-09 06:02:33.821  2703  2703 D PhoneFactory: calculatePreferredNetworkType: phoneId = 0 networkType = 50055
12-09 06:02:33.823  2703  2703 D Phone   : [0] SubId-1,get allowed network types carrier: value = GPRS|EDGE|UMTS|HSDPA|HSUPA|HSPA|HSPA+|GSM
12-09 06:02:33.823  2703  2703 I CSST    : isNrSupported:  carrierConfigEnabled: true, AccessFamilySupported: false, isNrNetworkTypeAllowed: false
12-09 06:02:33.823  2703  2703 I CSST    : PrefNetworkNotification: sendMessage() w/values: ,false,-1,false,false
12-09 06:02:33.824  2703  2703 I CSST    : canceling notifications: 1000
12-09 06:02:33.824  2703  2703 D Phone   : isWifiCallingEnabled =false
12-09 06:02:33.824  2703  2703 D CSST    : isPhoneRegisteredForWifiCalling: false
12-09 06:02:33.824  2703  2703 D Phone   : isWifiCallingEnabled =false
12-09 06:02:33.824  2703  2703 I CSST    : EmergencyNetworkNotification: sendMessage() w/values: ,-1,false,false
12-09 06:02:33.825  2703  2703 I CSST    : canceling notifications: 1001
12-09 06:02:33.825  2703  2703 V MTKSST  : [GsmSST0] received event 64
12-09 06:02:33.826  2703  2703 D EmergencyNumberTracker: updateRadioEmergencyNumberListAndNotify(): receiving []
12-09 06:02:33.827  2703  2703 D NrMap-0 : loadCityFromXml.done: system_ext/etc/nr-city.xml
12-09 06:02:33.827  2703  2703 D NetworkTypeController: [0] DefaultState: process EVENT_INITIALIZE
12-09 06:02:33.827  2703  2946 E RadioInterfaceCapabilityController: setupRadioInterfaceCapabilities: com.android.internal.telephony.CommandException: RADIO_NOT_AVAILABLE
12-09 06:02:33.828  2703  2946 E RadioInterfaceCapabilityController: setupRadioInterfaceCapabilities: ar.result is null
12-09 06:02:33.954   832   851 I commit_sys_config_file: [notification-policy,12252]
12-09 06:02:35.828  2703  2703 E RadioInterfaceCapabilityController: getRadioInterfaceCapabilities: Radio Capabilities not loaded in time
12-09 06:02:35.830  2703  2703 D MtkNetworkTypeController: registerForAllEvents: register rat changed for TRANSPORT_TYPE_WLAN
12-09 06:02:35.833  2703  2703 D NetworkTypeController: [0] mOverrideTimerRules: {connected={mState=connected, mOverrideType=NR_NSA, mPrimaryTimers={}, mSecondaryTimers={}}, not_restricted_rrc_con={mState=not_restricted_rrc_con, mOverrideType=NR_NSA, mPrimaryTimers={}, mSecondaryTimers={}}, legacy={mState=legacy, mOverrideType=NONE, mPrimaryTimers={}, mSecondaryTimers={}}, not_restricted_rrc_idle={mState=not_restricted_rrc_idle, mOverrideType=NR_NSA, mPrimaryTimers={}, mSecondaryTimers={}}, restricted={mState=restricted, mOverrideType=NONE, mPrimaryTimers={}, mSecondaryTimers={}}, connected_mmwave={mState=connected_mmwave, mOverrideType=NR_NSA, mPrimaryTimers={}, mSecondaryTimers={}}}
12-09 06:02:35.833  2703  2703 D NetworkTypeController: [0] DefaultState: process EVENT_UPDATE
12-09 06:02:35.833  2703  2703 D NetworkTypeController: [0] Reset timers since preferred network mode changed.
12-09 06:02:35.834  2703  2703 D NetworkTypeController: [0] Entering LegacyState
12-09 06:02:35.834  2703  2703 D NetworkTypeController: [0] Reset timers since NR is not allowed.
12-09 06:02:35.834  2703  2703 D MtkNetworkTypeController: [Override]getCurrentOverrideNetworkType: 0
12-09 06:02:35.835  2703  2703 D DIC-0   : TelephonyDisplayInfo changed from null to TelephonyDisplayInfo {network=UNKNOWN, override=NONE}, turboSS alive:false
12-09 06:02:35.838  2703  2703 D DataService: Data service created
12-09 06:02:35.842  2703  2703 D DSMGR-0 : getDataEnabled during provisioning retVal=false - (false, 0)
12-09 06:02:35.842  2703  2703 D DSMGR-0 : getDataEnabled during provisioning retVal=false - (false, 0)
12-09 06:02:35.845   832   847 D TelephonyRegistry: listen oscl: mHasNotifySubscriptionInfoChangedOccurred==false no callback
12-09 06:02:35.846  2703  2703 D DSMGR-0 : getDataEnabled during provisioning retVal=false - (false, 0)
12-09 06:02:35.846  2703  2703 D DSMGR-0 : mIsDataEnabled=false, prevDataEnabled=false
12-09 06:02:35.846  2703  2703 D DSMGR-0 : notifyDataEnabledChanged: enabled=false, reason=UNKNOWN, callingPackage=com.android.phone
12-09 06:02:35.847  2703  2703 D DSMGR-0 : getDataEnabled during provisioning retVal=false - (false, 0)
12-09 06:02:35.847  2703  2703 D DSMGR-0 : getDataEnabled during provisioning retVal=false - (false, 0)
12-09 06:02:35.848  2703  2703 D MtkDPM  : DPM-0: EVENT_ICC_CHANGED
12-09 06:02:35.851   832   847 D TelephonyRegistry: listen oscl: mHasNotifySubscriptionInfoChangedOccurred==false no callback
12-09 06:02:35.852  2703  2703 D CarrierResolver: handleMessage: 2
