V/BroadcastQueue(  832): Delivering non-ordered on [background] to registered BroadcastFilter{4e7c12c 1000/u0 ReceiverList{b0640df 832 system/1000/u0 local:6a2f37e}}: BroadcastRecord{f0005cd u-1 android.intent.action.BATTERY_CHANGED}
I/BroadcastQueue(  832): Delivering to BroadcastFilter{4e7c12c 1000/u0 ReceiverList{b0640df 832 system/1000/u0 local:6a2f37e}} : BroadcastRecord{f0005cd u-1 android.intent.action.BATTERY_CHANGED}
I/ActivityThread(  832): Receiving broadcast android.intent.action.BATTERY_CHANGED seq=75 to com.android.server.CachedDeviceStateService$1@5325500
I/ActivityThread(  832): Enqueueing broadcast android.intent.action.BATTERY_CHANGED seq=75 to com.android.server.CachedDeviceStateService$1@5325500
I/ActivityThread(  832): Dispatching broadcast android.intent.action.BATTERY_CHANGED seq=75 to com.android.server.CachedDeviceStateService$1@5325500
I/ActivityThread(  832):   mRegistered=true mOrderedHint=false
V/BroadcastQueue(  832): Delivering non-ordered on [background] to registered BroadcastFilter{42981f0 1000/u0 ReceiverList{18f3a33 832 system/1000/u0 local:d416da2}}: BroadcastRecord{f0005cd u-1 android.intent.action.BATTERY_CHANGED}
E/KernelCpuSpeedReader(  832): Failed to read cpu-freq: /sys/devices/system/cpu/cpu4/cpufreq/stats/time_in_state: open failed: ENOENT (No such file or directory)
I/BroadcastQueue(  832): Delivering to BroadcastFilter{42981f0 1000/u0 ReceiverList{18f3a33 832 system/1000/u0 local:d416da2}} : BroadcastRecord{f0005cd u-1 android.intent.action.BATTERY_CHANGED}
I/ActivityThread(  832): Receiving broadcast android.intent.action.BATTERY_CHANGED seq=75 to com.android.server.usb.UsbDeviceManager$2@5ced184
I/ActivityThread(  832): Enqueueing broadcast android.intent.action.BATTERY_CHANGED seq=75 to com.android.server.usb.UsbDeviceManager$2@5ced184
I/ActivityThread(  832): Dispatching broadcast android.intent.action.BATTERY_CHANGED seq=75 to com.android.server.usb.UsbDeviceManager$2@5ced184
I/ActivityThread(  832):   mRegistered=true mOrderedHint=false
V/BroadcastQueue(  832): Delivering non-ordered on [background] to registered BroadcastFilter{923a774 1000/u0 ReceiverList{d143347 832 system/1000/u0 local:d10e86}}: BroadcastRecord{f0005cd u-1 android.intent.action.BATTERY_CHANGED}
I/BroadcastQueue(  832): Delivering to BroadcastFilter{923a774 1000/u0 ReceiverList{d143347 832 system/1000/u0 local:d10e86}} : BroadcastRecord{f0005cd u-1 android.intent.action.BATTERY_CHANGED}
I/ActivityThread(  832): Receiving broadcast android.intent.action.BATTERY_CHANGED seq=75 to com.android.server.power.batterysaver.BatterySaverController$1@362e6c8
I/ActivityThread(  832): Enqueueing broadcast android.intent.action.BATTERY_CHANGED seq=75 to com.android.server.power.batterysaver.BatterySaverController$1@362e6c8
I/ActivityThread(  832): Dispatching broadcast android.intent.action.BATTERY_CHANGED seq=75 to com.android.server.power.batterysaver.BatterySaverController$1@362e6c8
I/ActivityThread(  832):   mRegistered=true mOrderedHint=false
V/BroadcastQueue(  832): Delivering non-ordered on [background] to registered BroadcastFilter{45879ec 1000/u0 ReceiverList{ed7649f 832 system/1000/u0 local:9b74e3e}}: BroadcastRecord{f0005cd u-1 android.intent.action.BATTERY_CHANGED}
I/BroadcastQueue(  832): Delivering to BroadcastFilter{45879ec 1000/u0 ReceiverList{ed7649f 832 system/1000/u0 local:9b74e3e}} : BroadcastRecord{f0005cd u-1 android.intent.action.BATTERY_CHANGED}
I/ActivityThread(  832): Receiving broadcast android.intent.action.BATTERY_CHANGED seq=75 to com.android.server.UiModeManagerService$3@34501c0
I/ActivityThread(  832): Enqueueing broadcast android.intent.action.BATTERY_CHANGED seq=75 to com.android.server.UiModeManagerService$3@34501c0
I/ActivityThread(  832): Dispatching broadcast android.intent.action.BATTERY_CHANGED seq=75 to com.android.server.UiModeManagerService$3@34501c0
I/ActivityThread(  832):   mRegistered=true mOrderedHint=false
V/BroadcastQueue(  832): Delivering non-ordered on [background] to registered BroadcastFilter{c792ae4 1000/u0 ReceiverList{968de77 832 system/1000/u0 local:d0da876}}: BroadcastRecord{f0005cd u-1 android.intent.action.BATTERY_CHANGED}
I/BroadcastQueue(  832): Delivering to BroadcastFilter{c792ae4 1000/u0 ReceiverList{968de77 832 system/1000/u0 local:d0da876}} : BroadcastRecord{f0005cd u-1 android.intent.action.BATTERY_CHANGED}
I/ActivityThread(  832): Receiving broadcast android.intent.action.BATTERY_CHANGED seq=75 to com.android.server.AppStateTrackerImpl$3@99a1338
I/ActivityThread(  832): Enqueueing broadcast android.intent.action.BATTERY_CHANGED seq=75 to com.android.server.AppStateTrackerImpl$3@99a1338
V/BroadcastQueue(  832): Delivering non-ordered on [background] to registered BroadcastFilter{327256f 1000/u0 ReceiverList{97d504e 832 system/1000/u0 local:ffdef49}}: BroadcastRecord{f0005cd u-1 android.intent.action.BATTERY_CHANGED}
I/BroadcastQueue(  832): Delivering to BroadcastFilter{327256f 1000/u0 ReceiverList{97d504e 832 system/1000/u0 local:ffdef49}} : BroadcastRecord{f0005cd u-1 android.intent.action.BATTERY_CHANGED}
I/ActivityThread(  832): Receiving broadcast android.intent.action.BATTERY_CHANGED seq=75 to com.android.server.DeviceIdleController$1@582eb13
I/ActivityThread(  832): Enqueueing broadcast android.intent.action.BATTERY_CHANGED seq=75 to com.android.server.DeviceIdleController$1@582eb13
I/ActivityThread(  832): Dispatching broadcast android.intent.action.BATTERY_CHANGED seq=75 to com.android.server.AppStateTrackerImpl$3@99a1338
I/ActivityThread(  832):   mRegistered=true mOrderedHint=false
I/ActivityThread(  832): Dispatching broadcast android.intent.action.BATTERY_CHANGED seq=75 to com.android.server.DeviceIdleController$1@582eb13
I/ActivityThread(  832):   mRegistered=true mOrderedHint=false
V/BroadcastQueue(  832): Delivering non-ordered on [background] to registered BroadcastFilter{847b949 10086/u0 ReceiverList{b9ac350 2420 com.android.systemui/10086/u0 remote:6a12513}}: BroadcastRecord{f0005cd u-1 android.intent.action.BATTERY_CHANGED}
I/BroadcastQueue(  832): Delivering to BroadcastFilter{847b949 10086/u0 ReceiverList{b9ac350 2420 com.android.systemui/10086/u0 remote:6a12513}} : BroadcastRecord{f0005cd u-1 android.intent.action.BATTERY_CHANGED}
V/BroadcastQueue(  832): Delivering non-ordered on [background] to registered BroadcastFilter{5049f1f 1000/u0 ReceiverList{4c2e2be 832 system/1000/u0 local:2cd8579}}: BroadcastRecord{f0005cd u-1 android.intent.action.BATTERY_CHANGED}
I/BroadcastQueue(  832): Delivering to BroadcastFilter{5049f1f 1000/u0 ReceiverList{4c2e2be 832 system/1000/u0 local:2cd8579}} : BroadcastRecord{f0005cd u-1 android.intent.action.BATTERY_CHANGED}
I/ActivityThread(  832): Receiving broadcast android.intent.action.BATTERY_CHANGED seq=75 to com.mediatek.location.lppe.main.LPPeService$2@62329c3
I/ActivityThread( 2420): Receiving broadcast android.intent.action.BATTERY_CHANGED seq=75 to com.android.systemui.broadcast.ActionReceiver@38dec53
I/ActivityThread( 2420): Enqueueing broadcast android.intent.action.BATTERY_CHANGED seq=75 to com.android.systemui.broadcast.ActionReceiver@38dec53
I/ActivityThread(  832): Enqueueing broadcast android.intent.action.BATTERY_CHANGED seq=75 to com.mediatek.location.lppe.main.LPPeService$2@62329c3
I/ActivityThread( 2420): Dispatching broadcast android.intent.action.BATTERY_CHANGED seq=75 to com.android.systemui.broadcast.ActionReceiver@38dec53
I/ActivityThread(  832): Dispatching broadcast android.intent.action.BATTERY_CHANGED seq=75 to com.mediatek.location.lppe.main.LPPeService$2@62329c3
I/ActivityThread(  832):   mRegistered=true mOrderedHint=false
I/ActivityThread( 2420):   mRegistered=true mOrderedHint=false
V/BroadcastQueue(  832): Done with parallel broadcast [background] BroadcastRecord{f0005cd u-1 android.intent.action.BATTERY_CHANGED}
V/ActivityManager(  832): Unregister receiver: android.content.IIntentReceiver$Stub$Proxy@b63cdd0
W/DreamManagerService(  832): Dream ComponentInfo{com.android.dreams.alwaysondisplay/com.android.dreams.alwaysondisplay.AlwaysOnDisplay} does not exist
I/PowerGroup(  832): Sleeping power group (groupId=0, uid=1000)...
I/PowerManagerService(  832): Sleeping (uid 1000)...
V/ActivityManager(  832): Unregister receiver: android.content.IIntentReceiver$Stub$Proxy@11431c9
I/ActivityManager(  832): Changes in ProcessRecord{8b6de8d 4006:com.debug.loggerui/u0a46}: 4
I/ActivityManager(  832): Retrieving available item: com.android.server.am.ActivityManagerService$ProcessChangeItem@c8bb5b7
I/ActivityManager(  832): *** Enqueueing dispatch processes changed!
I/ActivityManager(  832): Item c8bb5b7 4006:com.debug.loggerui/u0a46: changes=4 foreground=false type=fg-service source=null target=null capability=8
I/ActivityManager(  832): Changes in ProcessRecord{336fc56 3115:com.android.providers.media.module/u0a100}: 4
I/ActivityManager(  832): Retrieving available item: com.android.server.am.ActivityManagerService$ProcessChangeItem@ae48055
I/ActivityManager(  832): Item ae48055 3115:com.android.providers.media.module/u0a100: changes=4 foreground=false type=service source=ProcessRecord{5ac61cd 832:system/1000} target=ComponentInfo{com.android.providers.media.module/com.android.providers.media.fuse.ExternalStorageServiceImpl} capability=15
I/ActivityManager(  832): Changes in ProcessRecord{a0d6c45 2983:android.ext.services/u0a101}: 4
I/ActivityManager(  832): Retrieving available item: com.android.server.am.ActivityManagerService$ProcessChangeItem@1f39f80
I/ActivityManager(  832): Item 1f39f80 2983:android.ext.services/u0a101: changes=4 foreground=false type=service source=ProcessRecord{5ac61cd 832:system/1000} target=ComponentInfo{android.ext.services/android.ext.services.autofill.InlineSuggestionRenderServiceImpl} capability=15
I/ActivityManager(  832): *** Delivering 3 process changes
I/ActivityManager(  832): Changes in ProcessRecord{180e1ab 3151:com.android.nfc/1027}: 4
I/ActivityManager(  832): Retrieving available item: com.android.server.am.ActivityManagerService$ProcessChangeItem@1f39f80
I/ActivityManager(  832): *** Enqueueing dispatch processes changed!
I/ActivityManager(  832): Item 1f39f80 3151:com.android.nfc/1027: changes=4 foreground=false type=fixed source=null target=null capability=15
I/ActivityManager(  832): Changes in ProcessRecord{9786640 2703:com.android.phone/1001}: 4
I/ActivityManager(  832): *** Delivering 1 process changes
I/ActivityManager(  832): Retrieving available item: com.android.server.am.ActivityManagerService$ProcessChangeItem@1f39f80
I/ActivityManager(  832): *** Enqueueing dispatch processes changed!
I/ActivityManager(  832): Item 1f39f80 2703:com.android.phone/1001: changes=4 foreground=false type=fixed source=null target=null capability=15
I/ActivityManager(  832): Changes in ProcessRecord{2449910 2674:com.android.se/1068}: 4
I/ActivityManager(  832): Retrieving available item: com.android.server.am.ActivityManagerService$ProcessChangeItem@ae48055
I/ActivityManager(  832): Item ae48055 2674:com.android.se/1068: changes=4 foreground=false type=fixed source=null target=null capability=15
I/ActivityManager(  832): Changes in ProcessRecord{2428930 2667:com.android.networkstack.process/1073}: 4
I/ActivityManager(  832): Retrieving available item: com.android.server.am.ActivityManagerService$ProcessChangeItem@c8bb5b7
I/ActivityManager(  832): Item c8bb5b7 2667:com.android.networkstack.process/1073: changes=4 foreground=false type=fixed source=null target=null capability=15
I/ActivityManager(  832): Changes in ProcessRecord{6c79b1d 2420:com.android.systemui/u0a86}: 4
I/ActivityManager(  832): Retrieving available item: com.android.server.am.ActivityManagerService$ProcessChangeItem@e4a27a9
I/ActivityManager(  832): Item e4a27a9 2420:com.android.systemui/u0a86: changes=4 foreground=false type=fixed source=null target=null capability=15
I/ActivityManager(  832): Changes in ProcessRecord{5ac61cd 832:system/1000}: 4
I/ActivityManager(  832): Retrieving available item: com.android.server.am.ActivityManagerService$ProcessChangeItem@2d0d9d0
I/ActivityManager(  832): Item 2d0d9d0 832:system/1000: changes=4 foreground=false type=fixed source=null target=null capability=15
D/ActivityTaskManager(  832): scheduleIdle: Callers=com.android.server.wm.ActivityRecord.addToStopping:6203 com.android.server.wm.TaskFragment.completePause:1733 com.android.server.wm.ActivityRecord.activityPaused:6029 com.android.server.wm.ActivityClientController.activityPaused:192 
V/ActivityManager(  832): Broadcast: Intent { act=android.intent.action.SCREEN_OFF flg=0x50200010 } ordered=true userid=-1
I/ActivityManager(  832): *** Delivering 5 process changes
W/WindowManager(  832): Changing focus from Window{fae5e4e u0 com.mediatek.camera/com.mediatek.camera.CameraLauncher} to null displayId=0 Callers=com.android.server.wm.RootWindowContainer.updateFocusedWindowLocked:476 com.android.server.wm.WindowManagerService.updateFocusedWindowLocked:6061 com.android.server.wm.ActivityRecord.commitVisibility:5269 com.android.server.wm.ActivityRecord.commitVisibility:5280 
V/ActivityManager(  832): Enqueueing broadcast: android.intent.action.SCREEN_OFF replacePending=false
I/ActivityManager(  832): Broadcast intent Intent { act=android.intent.action.SCREEN_OFF flg=0x50200010 } on foreground queue
V/ActivityManager(  832): Enqueueing ordered broadcast BroadcastRecord{6252185 u-1 android.intent.action.SCREEN_OFF}
V/BroadcastQueue(  832): Schedule broadcasts [foreground]: current=false
V/BroadcastQueue(  832): Received BROADCAST_INTENT_MSG [foreground]
V/BroadcastQueue(  832): processNextBroadcast [foreground]: 0 parallel broadcasts; 1 ordered
I/BroadcastDispatcher(  832): Next broadcast from main queue: BroadcastRecord{6252185 u-1 android.intent.action.SCREEN_OFF}
V/BroadcastQueue(  832): Processing ordered broadcast [foreground] BroadcastRecord{6252185 u-1 android.intent.action.SCREEN_OFF}
V/BroadcastQueue(  832): Submitting BROADCAST_TIMEOUT_MSG [foreground] for BroadcastRecord{6252185 u-1 android.intent.action.SCREEN_OFF} at 2383428
V/BroadcastQueue(  832): Delivering ordered [foreground] to registered BroadcastFilter{3feb61e 1000/u0 ReceiverList{d10a59 832 system/1000/u0 local:bc16ea0}}: BroadcastRecord{6252185 u-1 android.intent.action.SCREEN_OFF}
I/ActivityManager(  832): Changes in ProcessRecord{336fc56 3115:com.android.providers.media.module/u0a100}: 4
I/ActivityManager(  832): Retrieving available item: com.android.server.am.ActivityManagerService$ProcessChangeItem@2d0d9d0
I/ActivityManager(  832): *** Enqueueing dispatch processes changed!
I/ActivityManager(  832): *** Delivering 1 process changes
I/ActivityManager(  832): Item 2d0d9d0 3115:com.android.providers.media.module/u0a100: changes=4 foreground=false type=service source=ProcessRecord{5ac61cd 832:system/1000} target=ComponentInfo{com.android.providers.media.module/com.android.providers.media.fuse.ExternalStorageServiceImpl} capability=15
D/ActivityTaskManager(  832): scheduleIdle: Callers=com.android.server.wm.ActivityTaskSupervisor.scheduleProcessStoppingAndFinishingActivitiesIfNeeded:2169 com.android.server.wm.ActivityRecord.onAnimationFinished:7435 com.android.server.wm.ActivityRecord.postApplyAnimation:5304 com.android.server.wm.ActivityRecord.commitVisibility:5276 
I/ActivityManager(  832): Changes in ProcessRecord{a0d6c45 2983:android.ext.services/u0a101}: 4
I/ActivityManager(  832): Retrieving available item: com.android.server.am.ActivityManagerService$ProcessChangeItem@2d0d9d0
I/ActivityManager(  832): *** Enqueueing dispatch processes changed!
I/ActivityManager(  832): *** Delivering 1 process changes
I/ActivityManager(  832): Item 2d0d9d0 2983:android.ext.services/u0a101: changes=4 foreground=false type=service source=ProcessRecord{5ac61cd 832:system/1000} target=ComponentInfo{android.ext.services/android.ext.services.autofill.InlineSuggestionRenderServiceImpl} capability=15
I/ActivityManager(  832): Changes in ProcessRecord{2428930 2667:com.android.networkstack.process/1073}: 4
I/ActivityManager(  832): Retrieving available item: com.android.server.am.ActivityManagerService$ProcessChangeItem@2d0d9d0
I/ActivityManager(  832): *** Enqueueing dispatch processes changed!
I/ActivityManager(  832): *** Delivering 1 process changes
I/ActivityManager(  832): Item 2d0d9d0 2667:com.android.networkstack.process/1073: changes=4 foreground=false type=fixed source=null target=null capability=15
I/ActivityManager(  832): Changes in ProcessRecord{6c79b1d 2420:com.android.systemui/u0a86}: 4
I/ActivityManager(  832): Retrieving available item: com.android.server.am.ActivityManagerService$ProcessChangeItem@2d0d9d0
I/ActivityManager(  832): *** Enqueueing dispatch processes changed!
I/ActivityManager(  832): *** Delivering 1 process changes
I/ActivityManager(  832): Item 2d0d9d0 2420:com.android.systemui/u0a86: changes=4 foreground=false type=fixed source=null target=null capability=15
I/ActivityManager(  832): Changes in ProcessRecord{5ac61cd 832:system/1000}: 4
I/ActivityManager(  832): Retrieving available item: com.android.server.am.ActivityManagerService$ProcessChangeItem@2d0d9d0
I/ActivityManager(  832): *** Enqueueing dispatch processes changed!
I/ActivityManager(  832): *** Delivering 1 process changes
I/ActivityManager(  832): Item 2d0d9d0 832:system/1000: changes=4 foreground=false type=fixed source=null target=null capability=15
I/BroadcastQueue(  832): Delivering to BroadcastFilter{3feb61e 1000/u0 ReceiverList{d10a59 832 system/1000/u0 local:bc16ea0}} : BroadcastRecord{6252185 u-1 android.intent.action.SCREEN_OFF}
I/ActivityThread(  832): Receiving broadcast android.intent.action.SCREEN_OFF seq=-1 to com.android.server.alarm.AlarmManagerService$InteractiveStateReceiver@40b7ed2
I/ActivityThread(  832): Enqueueing broadcast android.intent.action.SCREEN_OFF seq=-1 to com.android.server.alarm.AlarmManagerService$InteractiveStateReceiver@40b7ed2
I/ActivityThread(  832): Dispatching broadcast android.intent.action.SCREEN_OFF seq=-1 to com.android.server.alarm.AlarmManagerService$InteractiveStateReceiver@40b7ed2
D/ActivityTaskManager(  832): handleMessage: IDLE_NOW_MSG: r=null
V/ActivityThread( 3784): <<< done: EXECUTE_TRANSACTION
I/ActivityThread(  832):   mRegistered=true mOrderedHint=true
I/ActivityThread(  832): Finishing broadcast to android.app.LoadedApk$ReceiverDispatcher$InnerReceiver@bc16ea0
V/ActivityManager(  832): Finish receiver: android.app.LoadedApk$ReceiverDispatcher$InnerReceiver@bc16ea0
V/BroadcastQueue(  832): processNextBroadcast [foreground]: 0 parallel broadcasts; 1 in flight, 0 ordered
V/BroadcastQueue(  832): Delivering ordered [foreground] to registered BroadcastFilter{5101f0d 1000/u0 ReceiverList{eb9d5a4 832 system/1000/u0 local:e6a7c37}}: BroadcastRecord{6252185 u-1 android.intent.action.SCREEN_OFF}
I/ActivityManager(  832): Changes in ProcessRecord{336fc56 3115:com.android.providers.media.module/u0a100}: 4
I/ActivityManager(  832): Retrieving available item: com.android.server.am.ActivityManagerService$ProcessChangeItem@2d0d9d0
I/ActivityManager(  832): *** Enqueueing dispatch processes changed!
I/ActivityManager(  832): Item 2d0d9d0 3115:com.android.providers.media.module/u0a100: changes=4 foreground=false type=service source=ProcessRecord{5ac61cd 832:system/1000} target=ComponentInfo{com.android.providers.media.module/com.android.providers.media.fuse.ExternalStorageServiceImpl} capability=15
I/ActivityManager(  832): Changes in ProcessRecord{a0d6c45 2983:android.ext.services/u0a101}: 4
I/ActivityManager(  832): Retrieving available item: com.android.server.am.ActivityManagerService$ProcessChangeItem@e4a27a9
I/ActivityManager(  832): Item e4a27a9 2983:android.ext.services/u0a101: changes=4 foreground=false type=service source=ProcessRecord{5ac61cd 832:system/1000} target=ComponentInfo{android.ext.services/android.ext.services.autofill.InlineSuggestionRenderServiceImpl} capability=15
I/ActivityManager(  832): Changes in ProcessRecord{2428930 2667:com.android.networkstack.process/1073}: 4
I/ActivityManager(  832): Retrieving available item: com.android.server.am.ActivityManagerService$ProcessChangeItem@c8bb5b7
I/ActivityManager(  832): Item c8bb5b7 2667:com.android.networkstack.process/1073: changes=4 foreground=false type=fixed source=null target=null capability=15
I/ActivityManager(  832): Changes in ProcessRecord{6c79b1d 2420:com.android.systemui/u0a86}: 4
I/ActivityManager(  832): Retrieving available item: com.android.server.am.ActivityManagerService$ProcessChangeItem@ae48055
I/ActivityManager(  832): Item ae48055 2420:com.android.systemui/u0a86: changes=4 foreground=false type=fixed source=null target=null capability=15
I/ActivityManager(  832): Changes in ProcessRecord{5ac61cd 832:system/1000}: 4
I/ActivityManager(  832): Retrieving available item: com.android.server.am.ActivityManagerService$ProcessChangeItem@1f39f80
I/ActivityManager(  832): Item 1f39f80 832:system/1000: changes=4 foreground=false type=fixed source=null target=null capability=15
I/ActivityTaskManager(  832): activityIdleInternal(): r=null, mStartingUsers=[]
V/ActivityThread( 3784): SCHEDULE 159 EXECUTE_TRANSACTION: 0 / android.app.servertransaction.ClientTransaction@a7450f84
I/ActivityManager(  832): *** Delivering 5 process changes
D/ActivityTaskManager(  832): handleMessage: IDLE_NOW_MSG: r=null
I/ActivityTaskManager(  832): activityIdleInternal(): r=null, mStartingUsers=[]
I/BroadcastQueue(  832): Delivering to BroadcastFilter{5101f0d 1000/u0 ReceiverList{eb9d5a4 832 system/1000/u0 local:e6a7c37}} : BroadcastRecord{6252185 u-1 android.intent.action.SCREEN_OFF}
I/ActivityThread(  832): Receiving broadcast android.intent.action.SCREEN_OFF seq=-1 to com.android.server.power.FaceDownDetector$ScreenStateReceiver@9f4e6d1
I/ActivityThread(  832): Enqueueing broadcast android.intent.action.SCREEN_OFF seq=-1 to com.android.server.power.FaceDownDetector$ScreenStateReceiver@9f4e6d1
I/ActivityThread(  832): Dispatching broadcast android.intent.action.SCREEN_OFF seq=-1 to com.android.server.power.FaceDownDetector$ScreenStateReceiver@9f4e6d1
I/ActivityThread(  832):   mRegistered=true mOrderedHint=true
I/ActivityManager(  832): Changes in ProcessRecord{8b6de8d 4006:com.debug.loggerui/u0a46}: 4
I/ActivityManager(  832): Retrieving available item: com.android.server.am.ActivityManagerService$ProcessChangeItem@1f39f80
I/ActivityManager(  832): *** Enqueueing dispatch processes changed!
I/ActivityManager(  832): Item 1f39f80 4006:com.debug.loggerui/u0a46: changes=4 foreground=false type=fg-service source=null target=null capability=8
I/ActivityManager(  832): Changes in ProcessRecord{336fc56 3115:com.android.providers.media.module/u0a100}: 4
I/ActivityManager(  832): Retrieving available item: com.android.server.am.ActivityManagerService$ProcessChangeItem@ae48055
I/ActivityManager(  832): Item ae48055 3115:com.android.providers.media.module/u0a100: changes=4 foreground=false type=service source=ProcessRecord{5ac61cd 832:system/1000} target=ComponentInfo{com.android.providers.media.module/com.android.providers.media.fuse.ExternalStorageServiceImpl} capability=15
I/ActivityManager(  832): Changes in ProcessRecord{a0d6c45 2983:android.ext.services/u0a101}: 4
I/ActivityManager(  832): Retrieving available item: com.android.server.am.ActivityManagerService$ProcessChangeItem@c8bb5b7
I/ActivityManager(  832): Item c8bb5b7 2983:android.ext.services/u0a101: changes=4 foreground=false type=service source=ProcessRecord{5ac61cd 832:system/1000} target=ComponentInfo{android.ext.services/android.ext.services.autofill.InlineSuggestionRenderServiceImpl} capability=15
I/ActivityManager(  832): Changes in ProcessRecord{180e1ab 3151:com.android.nfc/1027}: 4
I/ActivityManager(  832): Retrieving available item: com.android.server.am.ActivityManagerService$ProcessChangeItem@e4a27a9
I/ActivityManager(  832): Item e4a27a9 3151:com.android.nfc/1027: changes=4 foreground=false type=fixed source=null target=null capability=15
I/ActivityManager(  832): Changes in ProcessRecord{9786640 2703:com.android.phone/1001}: 4
I/ActivityManager(  832): Retrieving available item: com.android.server.am.ActivityManagerService$ProcessChangeItem@2d0d9d0
I/ActivityManager(  832): Item 2d0d9d0 2703:com.android.phone/1001: changes=4 foreground=false type=fixed source=null target=null capability=15
I/ActivityManager(  832): Changes in ProcessRecord{2449910 2674:com.android.se/1068}: 4
I/ActivityManager(  832): Retrieving available item: com.android.server.am.ActivityManagerService$ProcessChangeItem@dbb81fe
I/ActivityManager(  832): Item dbb81fe 2674:com.android.se/1068: changes=4 foreground=false type=fixed source=null target=null capability=15
I/ActivityManager(  832): Changes in ProcessRecord{2428930 2667:com.android.networkstack.process/1073}: 4
I/ActivityManager(  832): Retrieving available item: com.android.server.am.ActivityManagerService$ProcessChangeItem@d560004
I/ActivityManager(  832): Item d560004 2667:com.android.networkstack.process/1073: changes=4 foreground=false type=fixed source=null target=null capability=15
I/ActivityManager(  832): Changes in ProcessRecord{6c79b1d 2420:com.android.systemui/u0a86}: 4
I/ActivityManager(  832): Retrieving available item: com.android.server.am.ActivityManagerService$ProcessChangeItem@3935578
I/ActivityManager(  832): Item 3935578 2420:com.android.systemui/u0a86: changes=4 foreground=false type=fixed source=null target=null capability=15
I/ActivityManager(  832): Changes in ProcessRecord{5ac61cd 832:system/1000}: 4
I/ActivityManager(  832): Retrieving available item: com.android.server.am.ActivityManagerService$ProcessChangeItem@b645124
I/ActivityManager(  832): Item b645124 832:system/1000: changes=4 foreground=false type=fixed source=null target=null capability=15
I/ActivityManager(  832): Changes in ProcessRecord{8b6de8d 4006:com.debug.loggerui/u0a46}: 4
I/ActivityManager(  832): Re-using existing item: com.android.server.am.ActivityManagerService$ProcessChangeItem@1f39f80
I/ActivityManager(  832): Item 1f39f80 4006:com.debug.loggerui/u0a46: changes=4 foreground=false type=fg-service source=null target=null capability=8
I/ActivityManager(  832): Changes in ProcessRecord{336fc56 3115:com.android.providers.media.module/u0a100}: 4
I/ActivityManager(  832): Re-using existing item: com.android.server.am.ActivityManagerService$ProcessChangeItem@ae48055
I/ActivityManager(  832): Item ae48055 3115:com.android.providers.media.module/u0a100: changes=4 foreground=false type=service source=ProcessRecord{5ac61cd 832:system/1000} target=ComponentInfo{com.android.providers.media.module/com.android.providers.media.fuse.ExternalStorageServiceImpl} capability=15
I/ActivityManager(  832): Changes in ProcessRecord{a0d6c45 2983:android.ext.services/u0a101}: 4
I/ActivityManager(  832): Re-using existing item: com.android.server.am.ActivityManagerService$ProcessChangeItem@c8bb5b7
I/ActivityManager(  832): Item c8bb5b7 2983:android.ext.services/u0a101: changes=4 foreground=false type=service source=ProcessRecord{5ac61cd 832:system/1000} target=ComponentInfo{android.ext.services/android.ext.services.autofill.InlineSuggestionRenderServiceImpl} capability=15
I/ActivityManager(  832): Changes in ProcessRecord{180e1ab 3151:com.android.nfc/1027}: 4
I/ActivityManager(  832): Re-using existing item: com.android.server.am.ActivityManagerService$ProcessChangeItem@e4a27a9
I/ActivityManager(  832): Item e4a27a9 3151:com.android.nfc/1027: changes=4 foreground=false type=fixed source=null target=null capability=15
I/ActivityManager(  832): Changes in ProcessRecord{9786640 2703:com.android.phone/1001}: 4
I/ActivityManager(  832): Re-using existing item: com.android.server.am.ActivityManagerService$ProcessChangeItem@2d0d9d0
I/ActivityManager(  832): Item 2d0d9d0 2703:com.android.phone/1001: changes=4 foreground=false type=fixed source=null target=null capability=15
I/ActivityManager(  832): Changes in ProcessRecord{2449910 2674:com.android.se/1068}: 4
I/ActivityManager(  832): Re-using existing item: com.android.server.am.ActivityManagerService$ProcessChangeItem@dbb81fe
I/ActivityManager(  832): Item dbb81fe 2674:com.android.se/1068: changes=4 foreground=false type=fixed source=null target=null capability=15
I/ActivityManager(  832): Changes in ProcessRecord{2428930 2667:com.android.networkstack.process/1073}: 4
I/ActivityManager(  832): Re-using existing item: com.android.server.am.ActivityManagerService$ProcessChangeItem@d560004
I/ActivityManager(  832): Item d560004 2667:com.android.networkstack.process/1073: changes=4 foreground=false type=fixed source=null target=null capability=15
I/ActivityManager(  832): Changes in ProcessRecord{6c79b1d 2420:com.android.systemui/u0a86}: 4
I/ActivityManager(  832): Re-using existing item: com.android.server.am.ActivityManagerService$ProcessChangeItem@3935578
I/ActivityManager(  832): Item 3935578 2420:com.android.systemui/u0a86: changes=4 foreground=false type=fixed source=null target=null capability=15
I/ActivityManager(  832): Changes in ProcessRecord{5ac61cd 832:system/1000}: 4
I/ActivityManager(  832): Re-using existing item: com.android.server.am.ActivityManagerService$ProcessChangeItem@b645124
I/ActivityManager(  832): Item b645124 832:system/1000: changes=4 foreground=false type=fixed source=null target=null capability=15
I/ActivityManager(  832): *** Delivering 9 process changes
I/ActivityThread(  832): Finishing broadcast to android.app.LoadedApk$ReceiverDispatcher$InnerReceiver@e6a7c37
V/ActivityManager(  832): Finish receiver: android.app.LoadedApk$ReceiverDispatcher$InnerReceiver@e6a7c37
V/BroadcastQueue(  832): processNextBroadcast [foreground]: 0 parallel broadcasts; 1 in flight, 0 ordered
V/BroadcastQueue(  832): Delivering ordered [foreground] to registered BroadcastFilter{4e7c12c 1000/u0 ReceiverList{b0640df 832 system/1000/u0 local:6a2f37e}}: BroadcastRecord{6252185 u-1 android.intent.action.SCREEN_OFF}
I/ActivityManager(  832): Changes in ProcessRecord{336fc56 3115:com.android.providers.media.module/u0a100}: 4
I/ActivityManager(  832): Retrieving available item: com.android.server.am.ActivityManagerService$ProcessChangeItem@b645124
I/ActivityManager(  832): *** Enqueueing dispatch processes changed!
I/ActivityManager(  832): Item b645124 3115:com.android.providers.media.module/u0a100: changes=4 foreground=false type=service source=ProcessRecord{5ac61cd 832:system/1000} target=ComponentInfo{com.android.providers.media.module/com.android.providers.media.fuse.ExternalStorageServiceImpl} capability=15
I/ActivityManager(  832): Changes in ProcessRecord{a0d6c45 2983:android.ext.services/u0a101}: 4
I/ActivityManager(  832): Retrieving available item: com.android.server.am.ActivityManagerService$ProcessChangeItem@3935578
I/ActivityManager(  832): Item 3935578 2983:android.ext.services/u0a101: changes=4 foreground=false type=service source=ProcessRecord{5ac61cd 832:system/1000} target=ComponentInfo{android.ext.services/android.ext.services.autofill.InlineSuggestionRenderServiceImpl} capability=15
I/ActivityManager(  832): Changes in ProcessRecord{2428930 2667:com.android.networkstack.process/1073}: 4
I/ActivityManager(  832): Retrieving available item: com.android.server.am.ActivityManagerService$ProcessChangeItem@d560004
I/ActivityManager(  832): Item d560004 2667:com.android.networkstack.process/1073: changes=4 foreground=false type=fixed source=null target=null capability=15
I/ActivityManager(  832): Changes in ProcessRecord{6c79b1d 2420:com.android.systemui/u0a86}: 4
I/ActivityManager(  832): Retrieving available item: com.android.server.am.ActivityManagerService$ProcessChangeItem@dbb81fe
I/ActivityManager(  832): Item dbb81fe 2420:com.android.systemui/u0a86: changes=4 foreground=false type=fixed source=null target=null capability=15
I/ActivityManager(  832): Changes in ProcessRecord{5ac61cd 832:system/1000}: 4
I/ActivityManager(  832): Retrieving available item: com.android.server.am.ActivityManagerService$ProcessChangeItem@2d0d9d0
I/ActivityManager(  832): Item 2d0d9d0 832:system/1000: changes=4 foreground=false type=fixed source=null target=null capability=15
I/ActivityManager(  832): *** Delivering 5 process changes
I/BroadcastQueue(  832): Delivering to BroadcastFilter{4e7c12c 1000/u0 ReceiverList{b0640df 832 system/1000/u0 local:6a2f37e}} : BroadcastRecord{6252185 u-1 android.intent.action.SCREEN_OFF}
I/ActivityThread(  832): Receiving broadcast android.intent.action.SCREEN_OFF seq=-1 to com.android.server.CachedDeviceStateService$1@5325500
I/ActivityThread(  832): Enqueueing broadcast android.intent.action.SCREEN_OFF seq=-1 to com.android.server.CachedDeviceStateService$1@5325500
I/ActivityThread(  832): Dispatching broadcast android.intent.action.SCREEN_OFF seq=-1 to com.android.server.CachedDeviceStateService$1@5325500
I/ActivityThread(  832):   mRegistered=true mOrderedHint=true
I/ActivityThread(  832): Finishing broadcast to android.app.LoadedApk$ReceiverDispatcher$InnerReceiver@6a2f37e
V/ActivityManager(  832): Finish receiver: android.app.LoadedApk$ReceiverDispatcher$InnerReceiver@6a2f37e
V/BroadcastQueue(  832): processNextBroadcast [foreground]: 0 parallel broadcasts; 1 in flight, 0 ordered
V/BroadcastQueue(  832): Delivering ordered [foreground] to registered BroadcastFilter{d70c970 1000/u0 ReceiverList{4d0efb3 832 system/1000/u0 local:14a8922}}: BroadcastRecord{6252185 u-1 android.intent.action.SCREEN_OFF}
I/ActivityManager(  832): Changes in ProcessRecord{336fc56 3115:com.android.providers.media.module/u0a100}: 4
I/ActivityManager(  832): Retrieving available item: com.android.server.am.ActivityManagerService$ProcessChangeItem@2d0d9d0
I/ActivityManager(  832): *** Enqueueing dispatch processes changed!
I/ActivityManager(  832): *** Delivering 1 process changes
I/ActivityManager(  832): Item 2d0d9d0 3115:com.android.providers.media.module/u0a100: changes=4 foreground=false type=service source=ProcessRecord{5ac61cd 832:system/1000} target=ComponentInfo{com.android.providers.media.module/com.android.providers.media.fuse.ExternalStorageServiceImpl} capability=15
I/ActivityManager(  832): Changes in ProcessRecord{a0d6c45 2983:android.ext.services/u0a101}: 4
I/ActivityManager(  832): Retrieving available item: com.android.server.am.ActivityManagerService$ProcessChangeItem@2d0d9d0
I/ActivityManager(  832): *** Enqueueing dispatch processes changed!
I/ActivityManager(  832): Item 2d0d9d0 2983:android.ext.services/u0a101: changes=4 foreground=false type=service source=ProcessRecord{5ac61cd 832:system/1000} target=ComponentInfo{android.ext.services/android.ext.services.autofill.InlineSuggestionRenderServiceImpl} capability=15
I/ActivityManager(  832): Changes in ProcessRecord{2428930 2667:com.android.networkstack.process/1073}: 4
I/ActivityManager(  832): Retrieving available item: com.android.server.am.ActivityManagerService$ProcessChangeItem@dbb81fe
I/ActivityManager(  832): Item dbb81fe 2667:com.android.networkstack.process/1073: changes=4 foreground=false type=fixed source=null target=null capability=15
I/ActivityManager(  832): Changes in ProcessRecord{6c79b1d 2420:com.android.systemui/u0a86}: 4
I/ActivityManager(  832): Retrieving available item: com.android.server.am.ActivityManagerService$ProcessChangeItem@d560004
I/ActivityManager(  832): Item d560004 2420:com.android.systemui/u0a86: changes=4 foreground=false type=fixed source=null target=null capability=15
I/ActivityManager(  832): Changes in ProcessRecord{5ac61cd 832:system/1000}: 4
I/ActivityManager(  832): Retrieving available item: com.android.server.am.ActivityManagerService$ProcessChangeItem@3935578
I/ActivityManager(  832): Item 3935578 832:system/1000: changes=4 foreground=false type=fixed source=null target=null capability=15
I/ActivityManager(  832): *** Delivering 4 process changes
I/BroadcastQueue(  832): Delivering to BroadcastFilter{d70c970 1000/u0 ReceiverList{4d0efb3 832 system/1000/u0 local:14a8922}} : BroadcastRecord{6252185 u-1 android.intent.action.SCREEN_OFF}
I/ActivityThread(  832): Receiving broadcast android.intent.action.SCREEN_OFF seq=-1 to com.android.server.vibrator.VibratorManagerService$1@888a104
I/ActivityThread(  832): Enqueueing broadcast android.intent.action.SCREEN_OFF seq=-1 to com.android.server.vibrator.VibratorManagerService$1@888a104
I/ActivityThread(  832): Dispatching broadcast android.intent.action.SCREEN_OFF seq=-1 to com.android.server.vibrator.VibratorManagerService$1@888a104
I/ActivityThread(  832):   mRegistered=true mOrderedHint=true
I/ActivityThread(  832): Finishing broadcast to android.app.LoadedApk$ReceiverDispatcher$InnerReceiver@14a8922
V/ActivityManager(  832): Finish receiver: android.app.LoadedApk$ReceiverDispatcher$InnerReceiver@14a8922
V/BroadcastQueue(  832): processNextBroadcast [foreground]: 0 parallel broadcasts; 1 in flight, 0 ordered
V/BroadcastQueue(  832): Delivering ordered [foreground] to registered BroadcastFilter{4b1f0c 1000/u0 ReceiverList{746ea3f 832 system/1000/u0 local:e00e65e}}: BroadcastRecord{6252185 u-1 android.intent.action.SCREEN_OFF}
I/ActivityManager(  832): Changes in ProcessRecord{336fc56 3115:com.android.providers.media.module/u0a100}: 4
I/ActivityManager(  832): Retrieving available item: com.android.server.am.ActivityManagerService$ProcessChangeItem@3935578
I/ActivityManager(  832): *** Enqueueing dispatch processes changed!
I/ActivityManager(  832): Item 3935578 3115:com.android.providers.media.module/u0a100: changes=4 foreground=false type=service source=ProcessRecord{5ac61cd 832:system/1000} target=ComponentInfo{com.android.providers.media.module/com.android.providers.media.fuse.ExternalStorageServiceImpl} capability=15
I/ActivityManager(  832): Changes in ProcessRecord{a0d6c45 2983:android.ext.services/u0a101}: 4
I/ActivityManager(  832): Retrieving available item: com.android.server.am.ActivityManagerService$ProcessChangeItem@d560004
I/ActivityManager(  832): Item d560004 2983:android.ext.services/u0a101: changes=4 foreground=false type=service source=ProcessRecord{5ac61cd 832:system/1000} target=ComponentInfo{android.ext.services/android.ext.services.autofill.InlineSuggestionRenderServiceImpl} capability=15
I/ActivityManager(  832): Changes in ProcessRecord{2428930 2667:com.android.networkstack.process/1073}: 4
I/ActivityManager(  832): Retrieving available item: com.android.server.am.ActivityManagerService$ProcessChangeItem@dbb81fe
I/ActivityManager(  832): Item dbb81fe 2667:com.android.networkstack.process/1073: changes=4 foreground=false type=fixed source=null target=null capability=15
I/ActivityManager(  832): Changes in ProcessRecord{6c79b1d 2420:com.android.systemui/u0a86}: 4
I/ActivityManager(  832): Retrieving available item: com.android.server.am.ActivityManagerService$ProcessChangeItem@2d0d9d0
I/ActivityManager(  832): Item 2d0d9d0 2420:com.android.systemui/u0a86: changes=4 foreground=false type=fixed source=null target=null capability=15
I/ActivityManager(  832): Changes in ProcessRecord{5ac61cd 832:system/1000}: 4
I/ActivityManager(  832): *** Delivering 4 process changes
I/ActivityManager(  832): Retrieving available item: com.android.server.am.ActivityManagerService$ProcessChangeItem@2d0d9d0
I/ActivityManager(  832): *** Enqueueing dispatch processes changed!
I/ActivityManager(  832): Item 2d0d9d0 832:system/1000: changes=4 foreground=false type=fixed source=null target=null capability=15
I/BroadcastQueue(  832): Delivering to BroadcastFilter{4b1f0c 1000/u0 ReceiverList{746ea3f 832 system/1000/u0 local:e00e65e}} : BroadcastRecord{6252185 u-1 android.intent.action.SCREEN_OFF}
I/ActivityThread(  832): Receiving broadcast android.intent.action.SCREEN_OFF seq=-1 to com.android.server.policy.SideFpsEventHandler$1@8b194e0
I/ActivityThread(  832): Enqueueing broadcast android.intent.action.SCREEN_OFF seq=-1 to com.android.server.policy.SideFpsEventHandler$1@8b194e0
I/ActivityManager(  832): *** Delivering 1 process changes
I/ActivityThread(  832): Dispatching broadcast android.intent.action.SCREEN_OFF seq=-1 to com.android.server.policy.SideFpsEventHandler$1@8b194e0
I/ActivityThread(  832):   mRegistered=true mOrderedHint=true
I/ActivityThread(  832): Finishing broadcast to android.app.LoadedApk$ReceiverDispatcher$InnerReceiver@e00e65e
V/ActivityManager(  832): Finish receiver: android.app.LoadedApk$ReceiverDispatcher$InnerReceiver@e00e65e
V/BroadcastQueue(  832): processNextBroadcast [foreground]: 0 parallel broadcasts; 1 in flight, 0 ordered
V/BroadcastQueue(  832): Delivering ordered [foreground] to registered BroadcastFilter{e155427 1000/u0 ReceiverList{150a6e6 832 system/1000/u0 local:ab4a141}}: BroadcastRecord{6252185 u-1 android.intent.action.SCREEN_OFF}
I/ActivityManager(  832): Changes in ProcessRecord{336fc56 3115:com.android.providers.media.module/u0a100}: 4
I/ActivityManager(  832): Retrieving available item: com.android.server.am.ActivityManagerService$ProcessChangeItem@2d0d9d0
I/ActivityManager(  832): *** Enqueueing dispatch processes changed!
I/ActivityManager(  832): Item 2d0d9d0 3115:com.android.providers.media.module/u0a100: changes=4 foreground=false type=service source=ProcessRecord{5ac61cd 832:system/1000} target=ComponentInfo{com.android.providers.media.module/com.android.providers.media.fuse.ExternalStorageServiceImpl} capability=15
I/ActivityManager(  832): Changes in ProcessRecord{a0d6c45 2983:android.ext.services/u0a101}: 4
V/ActivityThread( 3784): >>> handling: EXECUTE_TRANSACTION
I/ActivityManager(  832): Retrieving available item: com.android.server.am.ActivityManagerService$ProcessChangeItem@dbb81fe
I/ActivityManager(  832): Item dbb81fe 2983:android.ext.services/u0a101: changes=4 foreground=false type=service source=ProcessRecord{5ac61cd 832:system/1000} target=ComponentInfo{android.ext.services/android.ext.services.autofill.InlineSuggestionRenderServiceImpl} capability=15
I/ActivityManager(  832): Changes in ProcessRecord{2428930 2667:com.android.networkstack.process/1073}: 4
V/ActivityThread( 3784): Performing stop of ActivityRecord{369d8f9 token=android.os.BinderProxy@957d3c0 {com.mediatek.camera/com.mediatek.camera.CameraLauncher}}
I/ActivityManager(  832): Retrieving available item: com.android.server.am.ActivityManagerService$ProcessChangeItem@d560004
I/ActivityManager(  832): Item d560004 2667:com.android.networkstack.process/1073: changes=4 foreground=false type=fixed source=null target=null capability=15
I/ActivityManager(  832): Changes in ProcessRecord{6c79b1d 2420:com.android.systemui/u0a86}: 4
I/ActivityManager(  832): Retrieving available item: com.android.server.am.ActivityManagerService$ProcessChangeItem@3935578
I/ActivityManager(  832): Item 3935578 2420:com.android.systemui/u0a86: changes=4 foreground=false type=fixed source=null target=null capability=15
I/ActivityManager(  832): Changes in ProcessRecord{5ac61cd 832:system/1000}: 4
I/ActivityManager(  832): Retrieving available item: com.android.server.am.ActivityManagerService$ProcessChangeItem@b645124
I/ActivityManager(  832): Item b645124 832:system/1000: changes=4 foreground=false type=fixed source=null target=null capability=15
I/BroadcastQueue(  832): Delivering to BroadcastFilter{e155427 1000/u0 ReceiverList{150a6e6 832 system/1000/u0 local:ab4a141}} : BroadcastRecord{6252185 u-1 android.intent.action.SCREEN_OFF}
I/ActivityThread(  832): Receiving broadcast android.intent.action.SCREEN_OFF seq=-1 to com.android.server.wifi.WifiMetrics$2@4951e4b
I/ActivityThread(  832): Enqueueing broadcast android.intent.action.SCREEN_OFF seq=-1 to com.android.server.wifi.WifiMetrics$2@4951e4b
I/ActivityManager(  832): *** Delivering 5 process changes
I/ActivityThread(  832): Dispatching broadcast android.intent.action.SCREEN_OFF seq=-1 to com.android.server.wifi.WifiMetrics$2@4951e4b
I/ActivityThread(  832):   mRegistered=true mOrderedHint=true
I/ActivityThread(  832): Finishing broadcast to android.app.LoadedApk$ReceiverDispatcher$InnerReceiver@ab4a141
V/ActivityManager(  832): Finish receiver: android.app.LoadedApk$ReceiverDispatcher$InnerReceiver@ab4a141
V/BroadcastQueue(  832): processNextBroadcast [foreground]: 0 parallel broadcasts; 1 in flight, 0 ordered
V/BroadcastQueue(  832): Delivering ordered [foreground] to registered BroadcastFilter{17104e8 1000/u0 ReceiverList{9378e0b 832 system/1000/u0 local:eb9c9da}}: BroadcastRecord{6252185 u-1 android.intent.action.SCREEN_OFF}
I/ActivityManager(  832): Changes in ProcessRecord{336fc56 3115:com.android.providers.media.module/u0a100}: 4
I/ActivityManager(  832): Retrieving available item: com.android.server.am.ActivityManagerService$ProcessChangeItem@b645124
I/ActivityManager(  832): *** Enqueueing dispatch processes changed!
I/ActivityManager(  832): Item b645124 3115:com.android.providers.media.module/u0a100: changes=4 foreground=false type=service source=ProcessRecord{5ac61cd 832:system/1000} target=ComponentInfo{com.android.providers.media.module/com.android.providers.media.fuse.ExternalStorageServiceImpl} capability=15
I/ActivityManager(  832): Changes in ProcessRecord{a0d6c45 2983:android.ext.services/u0a101}: 4
I/ActivityManager(  832): Retrieving available item: com.android.server.am.ActivityManagerService$ProcessChangeItem@3935578
I/ActivityManager(  832): Item 3935578 2983:android.ext.services/u0a101: changes=4 foreground=false type=service source=ProcessRecord{5ac61cd 832:system/1000} target=ComponentInfo{android.ext.services/android.ext.services.autofill.InlineSuggestionRenderServiceImpl} capability=15
I/ActivityManager(  832): Changes in ProcessRecord{2428930 2667:com.android.networkstack.process/1073}: 4
I/ActivityManager(  832): Retrieving available item: com.android.server.am.ActivityManagerService$ProcessChangeItem@d560004
I/ActivityManager(  832): Item d560004 2667:com.android.networkstack.process/1073: changes=4 foreground=false type=fixed source=null target=null capability=15
I/ActivityManager(  832): Changes in ProcessRecord{6c79b1d 2420:com.android.systemui/u0a86}: 4
I/ActivityManager(  832): Retrieving available item: com.android.server.am.ActivityManagerService$ProcessChangeItem@dbb81fe
I/ActivityManager(  832): Item dbb81fe 2420:com.android.systemui/u0a86: changes=4 foreground=false type=fixed source=null target=null capability=15
I/ActivityManager(  832): Changes in ProcessRecord{5ac61cd 832:system/1000}: 4
I/ActivityManager(  832): Retrieving available item: com.android.server.am.ActivityManagerService$ProcessChangeItem@2d0d9d0
I/ActivityManager(  832): Item 2d0d9d0 832:system/1000: changes=4 foreground=false type=fixed source=null target=null capability=15
I/ActivityManager(  832): *** Delivering 5 process changes
I/BroadcastQueue(  832): Delivering to BroadcastFilter{17104e8 1000/u0 ReceiverList{9378e0b 832 system/1000/u0 local:eb9c9da}} : BroadcastRecord{6252185 u-1 android.intent.action.SCREEN_OFF}
I/ActivityThread(  832): Receiving broadcast android.intent.action.SCREEN_OFF seq=-1 to com.android.server.wifi.WifiConnectivityManager$4@a2194fc
I/ActivityThread(  832): Enqueueing broadcast android.intent.action.SCREEN_OFF seq=-1 to com.android.server.wifi.WifiConnectivityManager$4@a2194fc
I/ActivityThread(  832): Dispatching broadcast android.intent.action.SCREEN_OFF seq=-1 to com.android.server.wifi.WifiConnectivityManager$4@a2194fc
I/ActivityThread(  832):   mRegistered=true mOrderedHint=true
I/ActivityThread(  832): Finishing broadcast to android.app.LoadedApk$ReceiverDispatcher$InnerReceiver@eb9c9da
V/ActivityManager(  832): Finish receiver: android.app.LoadedApk$ReceiverDispatcher$InnerReceiver@eb9c9da
V/BroadcastQueue(  832): processNextBroadcast [foreground]: 0 parallel broadcasts; 1 in flight, 0 ordered
V/BroadcastQueue(  832): Delivering ordered [foreground] to registered BroadcastFilter{44c0ffb 1000/u0 ReceiverList{7885d8a 832 system/1000/u0 local:7dc3bf5}}: BroadcastRecord{6252185 u-1 android.intent.action.SCREEN_OFF}
I/ActivityManager(  832): Changes in ProcessRecord{336fc56 3115:com.android.providers.media.module/u0a100}: 4
I/ActivityManager(  832): Retrieving available item: com.android.server.am.ActivityManagerService$ProcessChangeItem@2d0d9d0
I/ActivityManager(  832): *** Enqueueing dispatch processes changed!
I/ActivityManager(  832): Item 2d0d9d0 3115:com.android.providers.media.module/u0a100: changes=4 foreground=false type=service source=ProcessRecord{5ac61cd 832:system/1000} target=ComponentInfo{com.android.providers.media.module/com.android.providers.media.fuse.ExternalStorageServiceImpl} capability=15
I/ActivityManager(  832): Changes in ProcessRecord{a0d6c45 2983:android.ext.services/u0a101}: 4
I/ActivityManager(  832): Retrieving available item: com.android.server.am.ActivityManagerService$ProcessChangeItem@dbb81fe
I/ActivityManager(  832): Item dbb81fe 2983:android.ext.services/u0a101: changes=4 foreground=false type=service source=ProcessRecord{5ac61cd 832:system/1000} target=ComponentInfo{android.ext.services/android.ext.services.autofill.InlineSuggestionRenderServiceImpl} capability=15
I/ActivityManager(  832): Changes in ProcessRecord{2428930 2667:com.android.networkstack.process/1073}: 4
I/ActivityManager(  832): Retrieving available item: com.android.server.am.ActivityManagerService$ProcessChangeItem@d560004
I/ActivityManager(  832): Item d560004 2667:com.android.networkstack.process/1073: changes=4 foreground=false type=fixed source=null target=null capability=15
I/ActivityManager(  832): Changes in ProcessRecord{6c79b1d 2420:com.android.systemui/u0a86}: 4
I/ActivityManager(  832): Retrieving available item: com.android.server.am.ActivityManagerService$ProcessChangeItem@3935578
I/ActivityManager(  832): Item 3935578 2420:com.android.systemui/u0a86: changes=4 foreground=false type=fixed source=null target=null capability=15
I/ActivityManager(  832): Changes in ProcessRecord{5ac61cd 832:system/1000}: 4
I/ActivityManager(  832): Retrieving available item: com.android.server.am.ActivityManagerService$ProcessChangeItem@b645124
