12-09 06:02:36.082  2703  2703 D GsmCdmaPhone: [0] onVoiceRegStateOrRatChanged
12-09 06:02:36.082  2703  2703 D GsmCdmaPhone: [0] getCsCallRadioTech, current vrs=1, vrat=0
12-09 06:02:36.082  2703  2703 D GsmCdmaPhone: [0] getCsCallRadioTech, result calcVrat=0
12-09 06:02:36.082  2703  2703 E GsmCdmaPhone: [0] EVENT_REQUEST_VOICE_RADIO_TECH_DONE: exception=com.android.internal.telephony.CommandException: RADIO_NOT_AVAILABLE
12-09 06:02:36.082  2703  2703 D MtkSubscriptionInfoUpdater: handleMessage : <EVENT_RADIO_UNAVAILABLE> SIM1
12-09 06:02:36.082  2703  2703 D DataHelper: EVENT_PHONE0_RADIO_UNAVAILABLE
12-09 06:02:36.088  2703  2703 D TelephonyNetworkFactory[0]: onActivePhoneSwitch
12-09 06:02:36.089  2703  2703 D DebugService: DebugService DebugService:
12-09 06:02:36.091  2703  2703 D MtkGsmCdmaPhone: EVENT_ICC_CHANGED, phone id = 0, result = 0
12-09 06:02:36.092  2703  2703 E GsmCdmaPhone: [0] reapplyUiccAppsEnablementIfNeeded(), slot is null ,mUiccApplicationsEnabled = null
12-09 06:02:36.092  2703  2703 D MtkGsmCdmaPhone: isPhoneTypeCdmaLte:false, phoneId: 0 isCdmaWithoutLteCard: false mNewVoiceTech: -1
12-09 06:02:36.092  2703  2703 D MtkGsmSMSDispatcher: EVENT_ICC_CHANGED, PhoneId: 0 match exactly.
12-09 06:02:36.092  2703  2703 D GsmSMSDispatcher: GsmSMSDispatcher: subId = -1 slotId = 0
12-09 06:02:36.092  2703  2703 V MTKSST  : [GsmSST0] received event 42
12-09 06:02:36.092  2703  2703 D MTKSST  : [GsmSST0] EVENT_ICC_CHANGED: SIM absent
12-09 06:02:36.092  2703  2703 D MTKSST  : [GsmSST0] cancelAllNotifications: mPrevSubId=-1
12-09 06:02:36.095  2703  2703 D MTKSST  : [GsmSST0] updateSpnDisplay: radio is on but out of service, set plmn='No service'
12-09 06:02:36.096  2703  2703 D MTKSST  : [GsmSST0] updateSpnDisplay: rawSpn = 
12-09 06:02:36.096  2703  2703 V MTKSST  : [GsmSST0] updateSpnDisplayLegacy-
12-09 06:02:36.096  2703  2703 D MtkDPM  : DPM-0: EVENT_ICC_CHANGED
12-09 06:02:36.096  2703  2703 D CarrierResolver: handleMessage: 2
12-09 06:02:36.096  2703  2703 D GsmCallTkrHlpr: handle EVENT_POLL_CALLS_RESULT (slot 0)
12-09 06:02:36.096  2703  2703 D GsmCdmaCallTracker: Event EVENT_POLL_CALLS_RESULT Received
12-09 06:02:36.096  2703  2703 D ImsSmsDispatcher [0]: ImsManager: connection unavailable, reason=2
12-09 06:02:36.098  2703  2703 D NetworkService: network service created
12-09 06:02:36.100  2703  2703 D NetworkTypeController: [0] LegacyState: process EVENT_DATA_RAT_CHANGED
12-09 06:02:36.100  2703  2703 D NetworkTypeController: [0] Reset timers since NR is not allowed.
12-09 06:02:36.100  2703  2703 D NetworkTypeController: [0] Reset timers since 2G and 3G don't need NR timers.
12-09 06:02:36.100  2703  2703 D MtkNetworkTypeController: [Override]getCurrentOverrideNetworkType: 0
12-09 06:02:36.105  2703  2703 D NetworkTypeController: [0] LegacyState: process EVENT_DATA_RAT_CHANGED
12-09 06:02:36.105  2703  2703 D NetworkTypeController: [0] Reset timers since NR is not allowed.
12-09 06:02:36.105  2703  2703 D NetworkTypeController: [0] Reset timers since 2G and 3G don't need NR timers.
12-09 06:02:36.105  2703  2703 D MtkNetworkTypeController: [Override]getCurrentOverrideNetworkType: 0
12-09 06:02:36.105  2703  2703 D MtkNetworkTypeController: handleMessage: msg = 101
12-09 06:02:36.106  2703  2703 D DSM-C-0 : onServiceConnected: ComponentInfo{com.android.phone/com.android.internal.telephony.data.CellularDataService}
12-09 06:02:36.107  2703  2966 D CellularDataService: Cellular data service created for slot 0
12-09 06:02:36.108  2703  2703 D MtkDNC  : DNC-0: onDataEnabledChanged: enabled=false
12-09 06:02:36.109  2703  2703 D DSRM-0  : onMobileDataEnabledChanged: DataEnabled:false,DataStalled:false
12-09 06:02:36.110  2703  2703 D TelephonyNetworkFactory[0]: got request NetworkRequest [ REQUEST id=23, [ Capabilities: INTERNET&NOT_RESTRICTED&TRUSTED&NOT_VCN_MANAGED Uid: 1073 RequestorUid: 1073 RequestorPkg: com.android.networkstack UnderlyingNetworks: Null] ]
12-09 06:02:36.110  2703  2703 D TelephonyNetworkFactory[0]: got request NetworkRequest [ REQUEST id=15, [ Capabilities: INTERNET&NOT_RESTRICTED&TRUSTED&NOT_VCN_MANAGED Uid: 1000 RequestorUid: 1000 RequestorPkg: android UnderlyingNetworks: Null] ]
12-09 06:02:36.111  2703  2703 D TelephonyNetworkFactory[0]: got request NetworkRequest [ REQUEST id=1, [ Capabilities: INTERNET&NOT_RESTRICTED&TRUSTED&NOT_VPN&NOT_VCN_MANAGED RequestorUid: 1000 RequestorPkg: android UnderlyingNetworks: Null] ]
12-09 06:02:36.112  2703  2703 D TelephonyNetworkFactory[0]: got request NetworkRequest [ REQUEST id=20, [ Capabilities: INTERNET&NOT_RESTRICTED&TRUSTED&NOT_VCN_MANAGED Uid: 10086 RequestorUid: 10086 RequestorPkg: com.android.systemui UnderlyingNetworks: Null] ]
12-09 06:02:36.112  2703  2703 D TelephonyNetworkFactory[0]: got request NetworkRequest [ REQUEST id=18, [ Capabilities: INTERNET&NOT_RESTRICTED&TRUSTED&NOT_VCN_MANAGED Uid: 10086 RequestorUid: 10086 RequestorPkg: com.android.systemui UnderlyingNetworks: Null] ]
12-09 06:02:36.113  2703  2703 D TelephonyNetworkFactory[0]: got request NetworkRequest [ REQUEST id=28, [ Capabilities: INTERNET&NOT_RESTRICTED&TRUSTED&NOT_VCN_MANAGED Uid: 1001 RequestorUid: 1001 RequestorPkg: com.android.phone UnderlyingNetworks: Null] ]
12-09 06:02:36.113  2703  2703 D TelephonyNetworkFactory[0]: got request NetworkRequest [ BACKGROUND_REQUEST id=2, [ Transports: CELLULAR Capabilities: INTERNET&NOT_RESTRICTED&TRUSTED&NOT_VPN&NOT_VCN_MANAGED RequestorUid: 1000 RequestorPkg: android UnderlyingNetworks: Null] ]
12-09 06:02:36.113  2703  2703 D TelephonyNetworkFactory[0]: got request NetworkRequest [ REQUEST id=7, [ Capabilities: INTERNET&NOT_RESTRICTED&TRUSTED&NOT_VCN_MANAGED Uid: 1000 RequestorUid: 1000 RequestorPkg: android UnderlyingNetworks: Null] ]
12-09 06:02:36.113  2703  2703 D NRM-C-0 : service ComponentInfo{com.android.phone/com.android.internal.telephony.CellularNetworkService} for transport WWAN is now connected.
12-09 06:02:36.126  2703  2703 D MtkDNC  : DNC-0: onDataServiceBindingChanged: WWAN data service is bound.
12-09 06:02:36.127  2703  2703 D MtkDNC  : DNC-0: onReevaluateExistingDataNetworks: No existing data networks to re-evaluate.
12-09 06:02:36.131  2703  2703 D TelephonyNetworkFactory[0]: onNeedNetworkFor [NetworkRequest [ REQUEST id=23, [ Capabilities: INTERNET&NOT_RESTRICTED&TRUSTED&NOT_VCN_MANAGED Uid: 1073 RequestorUid: 1073 RequestorPkg: com.android.networkstack UnderlyingNetworks: Null] ], mPriority=20, state=UNSATISFIED, mAttachedDataNetwork=null, isMetered=true, created time=06:02:36.127, evaluation result=null] shouldApply false
12-09 06:02:36.132  2703  2703 D TelephonyNetworkFactory[0]: onNeedNetworkFor [NetworkRequest [ REQUEST id=15, [ Capabilities: INTERNET&NOT_RESTRICTED&TRUSTED&NOT_VCN_MANAGED Uid: 1000 RequestorUid: 1000 RequestorPkg: android UnderlyingNetworks: Null] ], mPriority=20, state=UNSATISFIED, mAttachedDataNetwork=null, isMetered=true, created time=06:02:36.132, evaluation result=null] shouldApply false
12-09 06:02:36.133  2703  2703 D TelephonyNetworkFactory[0]: onNeedNetworkFor [NetworkRequest [ REQUEST id=1, [ Capabilities: INTERNET&NOT_RESTRICTED&TRUSTED&NOT_VPN&NOT_VCN_MANAGED RequestorUid: 1000 RequestorPkg: android UnderlyingNetworks: Null] ], mPriority=20, state=UNSATISFIED, mAttachedDataNetwork=null, isMetered=true, created time=06:02:36.132, evaluation result=null] shouldApply false
12-09 06:02:36.134  2703  2703 D TelephonyNetworkFactory[0]: onNeedNetworkFor [NetworkRequest [ REQUEST id=20, [ Capabilities: INTERNET&NOT_RESTRICTED&TRUSTED&NOT_VCN_MANAGED Uid: 10086 RequestorUid: 10086 RequestorPkg: com.android.systemui UnderlyingNetworks: Null] ], mPriority=20, state=UNSATISFIED, mAttachedDataNetwork=null, isMetered=true, created time=06:02:36.133, evaluation result=null] shouldApply false
12-09 06:02:36.135  2703  2703 D TelephonyNetworkFactory[0]: onNeedNetworkFor [NetworkRequest [ REQUEST id=18, [ Capabilities: INTERNET&NOT_RESTRICTED&TRUSTED&NOT_VCN_MANAGED Uid: 10086 RequestorUid: 10086 RequestorPkg: com.android.systemui UnderlyingNetworks: Null] ], mPriority=20, state=UNSATISFIED, mAttachedDataNetwork=null, isMetered=true, created time=06:02:36.134, evaluation result=null] shouldApply false
12-09 06:02:36.135  2703  2703 D TelephonyNetworkFactory[0]: onNeedNetworkFor [NetworkRequest [ REQUEST id=28, [ Capabilities: INTERNET&NOT_RESTRICTED&TRUSTED&NOT_VCN_MANAGED Uid: 1001 RequestorUid: 1001 RequestorPkg: com.android.phone UnderlyingNetworks: Null] ], mPriority=20, state=UNSATISFIED, mAttachedDataNetwork=null, isMetered=true, created time=06:02:36.135, evaluation result=null] shouldApply false
12-09 06:02:36.136  2703  2703 D TelephonyNetworkFactory[0]: onNeedNetworkFor [NetworkRequest [ BACKGROUND_REQUEST id=2, [ Transports: CELLULAR Capabilities: INTERNET&NOT_RESTRICTED&TRUSTED&NOT_VPN&NOT_VCN_MANAGED RequestorUid: 1000 RequestorPkg: android UnderlyingNetworks: Null] ], mPriority=20, state=UNSATISFIED, mAttachedDataNetwork=null, isMetered=true, created time=06:02:36.135, evaluation result=null] shouldApply false
12-09 06:02:36.137  2703  2703 D TelephonyNetworkFactory[0]: onNeedNetworkFor [NetworkRequest [ REQUEST id=7, [ Capabilities: INTERNET&NOT_RESTRICTED&TRUSTED&NOT_VCN_MANAGED Uid: 1000 RequestorUid: 1000 RequestorPkg: android UnderlyingNetworks: Null] ], mPriority=20, state=UNSATISFIED, mAttachedDataNetwork=null, isMetered=true, created time=06:02:36.136, evaluation result=null] shouldApply false
12-09 06:02:36.138  2703  2703 D MtkDRM  : DRM-0: Remove all retry and throttling entries, reason=DATA_SERVICE_BOUND
12-09 06:02:37.106   474   588 I sf_stop_bootanim: 66761
12-09 06:02:37.107   832   852 I wm_boot_animation_done: 66762
12-09 06:02:37.173  2703  2936 D SubscriptionController: [getSlotIndex]- subId invalid
12-09 06:02:37.176  2703  2936 D SubscriptionController: [getSlotIndex]- subId invalid
12-09 06:02:37.210   832   852 I uc_finish_user_boot: 0
12-09 06:02:37.210   832   852 I am_user_state_changed: [0,1]
12-09 06:02:37.211   832   852 I uc_send_user_broadcast: [0,android.intent.action.LOCKED_BOOT_COMPLETED]
12-09 06:02:37.214   832   852 I uc_finish_user_unlocking: 0
12-09 06:02:37.234   832   832 I notification_enqueue: [1000,832,android,55,NULL,-1,Notification(channel=DEVELOPER shortcut=null contentView=null vibrate=null sound=null tick defaults=0x0 flags=0x2 color=0x00000000 vis=PUBLIC),0]
12-09 06:02:37.235   832   832 I sysui_multi_action: [757,1501,758,1,793,12,794,0,795,12,796,55,806,android,857,DEVELOPER,858,2,947,0,1500,0]
12-09 06:02:37.236   832   832 I sysui_multi_action: [757,804,799,note_interruptive,801,0,802,1]
12-09 06:02:37.240   832   852 I configuration_changed: 536872192
12-09 06:02:37.357   832  2226 I commit_sys_config_file: [settings-0-0,41]
12-09 06:02:37.373   832   852 I wm_relaunch_resume_activity: [0,217115903,6,com.android.settings/.FallbackHome]
12-09 06:02:37.375  2705  2705 I wm_on_top_resumed_lost_called: [217115903,com.android.settings.FallbackHome,pausing]
12-09 06:02:37.375  2705  2705 I wm_on_paused_called: [217115903,com.android.settings.FallbackHome,performPause]
12-09 06:02:37.376  2705  2705 I wm_on_stop_called: [217115903,com.android.settings.FallbackHome,handleRelaunchActivity]
12-09 06:02:37.391   832  2226 I commit_sys_config_file: [settings-2-0,16]
12-09 06:02:37.398   832   853 I dvm_lock_sample: [system_server,1,android.anim,116,WindowAnimator.java,103,void com.android.server.wm.WindowAnimator.lambda$new$1$com-android-server-wm-WindowAnimator(long),ActivityTaskManagerService.java,1108,android.content.res.Configuration com.android.server.wm.ActivityTaskManagerService.getGlobalConfigurationForPid(int),23]
12-09 06:02:37.421   832   850 I dvm_lock_sample: [system_server,1,android.ui,172,ActivityManagerService.java,16014,void com.android.server.am.ActivityManagerService.pushTempAllowlist(),-,14781,void com.android.server.am.ActivityManagerService.finishReceiver(android.os.IBinder, int, java.lang.String, android.os.Bundle, boolean, int),34]
12-09 06:02:37.427   832   862 I dvm_lock_sample: [system_server,1,ActivityManager:procStart,173,ProcessList.java,1988,void com.android.server.am.ProcessList.lambda$handleProcessStart$1$com-android-server-am-ProcessList(com.android.server.am.ProcessRecord, java.lang.String, int[], int, int, int, java.lang.String, java.lang.String, java.lang.String, long),ActivityManagerService.java,14781,void com.android.server.am.ActivityManagerService.finishReceiver(android.os.IBinder, int, java.lang.String, android.os.Bundle, boolean, int),34]
12-09 06:02:37.447   832   862 I am_proc_start: [0,2983,10101,android.ext.services,on-hold,]
12-09 06:02:37.485   832  2931 I dvm_lock_sample: [system_server,1,binder:832_B,128,ActivityManagerService.java,5150,void com.android.server.am.ActivityManagerService.attachApplication(android.app.IApplicationThread, long),,0,null,25]
12-09 06:02:37.486   832  2931 I am_proc_bound: [0,2983,android.ext.services]
12-09 06:02:37.493   832  2931 I am_uid_active: 10101
12-09 06:02:37.505  2703  2703 D MtkSubscriptionInfoUpdater: onReceive, Action: android.intent.action.CONFIGURATION_CHANGED
12-09 06:02:37.561  2420  2420 I binder_sample: [android.view.IWindowManager,70,56,com.android.systemui,11]
12-09 06:02:37.564   832   862 I am_proc_start: [0,3009,1000,com.android.deskclock,broadcast,{com.android.deskclock/com.android.deskclock.AlarmInitReceiver}]
12-09 06:02:37.564  2705  2705 I binder_sample: [android.app.IActivityManager,14,186,com.android.settings,37]
12-09 06:02:37.565  2705  2705 I wm_on_destroy_called: [217115903,com.android.settings.FallbackHome,performDestroy]
12-09 06:02:37.573  2420  2538 I binder_sample: [android.app.IActivityManager,14,148,com.android.systemui,29]
12-09 06:02:37.583   832   853 I input_focus: [Requesting to set focus to null window,reason=UpdateInputWindows]
12-09 06:02:37.593   832   861 I am_uid_running: 10054
12-09 06:02:37.636  2705  2705 I wm_on_create_called: [217115903,com.android.settings.FallbackHome,performCreate]
12-09 06:02:37.640  2705  2705 I wm_on_start_called: [217115903,com.android.settings.FallbackHome,handleStartActivity]
12-09 06:02:37.642  2705  2705 I wm_on_resume_called: [217115903,com.android.settings.FallbackHome,RESUME_ACTIVITY]
12-09 06:02:37.642  2705  2705 I wm_on_top_resumed_gained_called: [217115903,com.android.settings.FallbackHome,topWhenResuming]
12-09 06:02:37.657   832  2515 I dvm_lock_sample: [system_server,1,binder:832_7,7,WindowManagerService.java,8847,boolean com.android.server.wm.WindowManagerService.getWindowInsets(android.view.WindowManager$LayoutParams, int, android.view.InsetsState),-,1895,int com.android.server.wm.WindowManagerService.addWindow(com.android.server.wm.Session, android.view.IWindow, android.view.WindowManager$LayoutParams, int, int, int, android.view.InsetsVisibilities, android.view.InputChannel, android.view.InsetsState, android.view.InsetsSourceControl[]),1]
12-09 06:02:37.680   832   853 I input_focus: [Focus request bbe91e2 com.android.settings/com.android.settings.FallbackHome,reason=UpdateInputWindows]
12-09 06:02:37.692   832   868 I service_manager_slow: [110,suspend_control_internal]
12-09 06:02:37.687  3009  3009 I service_manager_slow: [31,activity]
12-09 06:02:37.696   832  2407 I am_proc_bound: [0,3009,com.android.deskclock]
12-09 06:02:37.692   330   330 I auditd  : type=1400 audit(0.0:144): avc: denied { read } for comm="binder:330_2" name="wakeup4" dev="sysfs" ino=29241 scontext=u:r:system_suspend:s0 tcontext=u:object_r:sysfs:s0 tclass=dir permissive=1
12-09 06:02:37.692   330   330 I auditd  : type=1400 audit(0.0:145): avc: denied { open } for comm="binder:330_2" path="/sys/devices/platform/soc/1000d000.pwrap/1000d000.pwrap:mt6357/mt6357-rtc/rtc/rtc0/alarmtimer.0.auto/wakeup/wakeup4" dev="sysfs" ino=29241 scontext=u:r:system_suspend:s0 tcontext=u:object_r:sysfs:s0 tclass=dir permissive=1
12-09 06:02:37.692   330   330 I auditd  : type=1400 audit(0.0:146): avc: denied { read } for comm="binder:330_2" name="event_count" dev="sysfs" ino=29248 scontext=u:r:system_suspend:s0 tcontext=u:object_r:sysfs:s0 tclass=file permissive=1
12-09 06:02:37.692   330   330 I auditd  : type=1400 audit(0.0:147): avc: denied { open } for comm="binder:330_2" path="/sys/devices/platform/soc/1000d000.pwrap/1000d000.pwrap:mt6357/mt6357-rtc/rtc/rtc0/alarmtimer.0.auto/wakeup/wakeup4/event_count" dev="sysfs" ino=29248 scontext=u:r:system_suspend:s0 tcontext=u:object_r:sysfs:s0 tclass=file permissive=1
12-09 06:02:37.734   832   867 I dvm_lock_sample: [system_server,0,batterystats-handler,153,BatteryStatsService.java,697,void com.android.server.am.BatteryStatsService.lambda$noteUidProcessState$12$com-android-server-am-BatteryStatsService(int, int, long, long),BatteryExternalStatsWorker.java,733,void com.android.server.am.BatteryExternalStatsWorker.updateExternalStatsLocked(java.lang.String, int, boolean, boolean, int, int[], boolean),30]
12-09 06:02:37.692   330   330 I auditd  : type=1400 audit(0.0:148): avc: denied { getattr } for comm="binder:330_2" path="/sys/devices/platform/soc/1000d000.pwrap/1000d000.pwrap:mt6357/mt6357-rtc/rtc/rtc0/alarmtimer.0.auto/wakeup/wakeup4/event_count" dev="sysfs" ino=29248 scontext=u:r:system_suspend:s0 tcontext=u:object_r:sysfs:s0 tclass=file permissive=1
12-09 06:02:37.746  2420  2538 I binder_sample: [android.content.pm.IPackageManager,16,49,com.android.systemui,9]
12-09 06:02:37.753   832   862 I am_proc_start: [0,3032,10054,com.mediatek.batterywarning,broadcast,{com.mediatek.batterywarning/com.mediatek.batterywarning.BatteryWarningReceiver}]
12-09 06:02:37.700   330   330 I auditd  : type=1400 audit(0.0:149): avc: denied { read } for comm="binder:330_2" name="wakeup16" dev="sysfs" ino=33589 scontext=u:r:system_suspend:s0 tcontext=u:object_r:sysfs_batteryinfo:s0 tclass=dir permissive=1
12-09 06:02:37.700   330   330 I auditd  : type=1400 audit(0.0:150): avc: denied { open } for comm="binder:330_2" path="/sys/devices/platform/soc/1000d000.pwrap/1000d000.pwrap:mt6357/mt6357-charger-type-detection/power_supply/mtk_charger_type/wakeup16" dev="sysfs" ino=33589 scontext=u:r:system_suspend:s0 tcontext=u:object_r:sysfs_batteryinfo:s0 tclass=dir permissive=1
12-09 06:02:37.700   330   330 I auditd  : type=1400 audit(0.0:151): avc: denied { read } for comm="binder:330_2" name="event_count" dev="sysfs" ino=33596 scontext=u:r:system_suspend:s0 tcontext=u:object_r:sysfs_batteryinfo:s0 tclass=file permissive=1
12-09 06:02:37.700   330   330 I auditd  : type=1400 audit(0.0:152): avc: denied { open } for comm="binder:330_2" path="/sys/devices/platform/soc/1000d000.pwrap/1000d000.pwrap:mt6357/mt6357-charger-type-detection/power_supply/mtk_charger_type/wakeup16/event_count" dev="sysfs" ino=33596 scontext=u:r:system_suspend:s0 tcontext=u:object_r:sysfs_batteryinfo:s0 tclass=file permissive=1
12-09 06:02:37.783   832  2407 I dvm_lock_sample: [system_server,0,binder:832_5,38,ActivityClientController.java,146,void com.android.server.wm.ActivityClientController.activityIdle(android.os.IBinder, android.content.res.Configuration, boolean),WindowSurfacePlacer.java,58,void com.android.server.wm.WindowSurfacePlacer$Traverser.run(),7]
12-09 06:02:37.861   832  2407 I sysui_multi_action: [757,856,758,1,806,com.android.deskclock,857,eventExpire,858,5]
12-09 06:02:37.874   832  2577 I sysui_multi_action: [757,856,758,1,806,com.android.deskclock,857,defaultNotif,858,2]
12-09 06:02:37.936   832   847 I am_proc_bound: [0,3032,com.mediatek.batterywarning]
12-09 06:02:37.952   832   869 I dvm_lock_sample: [system_server,0,bgres-controller,47,ActivityManagerService.java,17644,boolean com.android.server.am.ActivityManagerService$LocalService.isProfileOwner(int),,0,null,9]
12-09 06:02:38.034   832  2515 I wm_task_created: [7,-1]
12-09 06:02:38.043   832  2515 I wm_task_moved: [7,1,3]
12-09 06:02:38.043   832  2515 I wm_task_to_front: [0,7]
12-09 06:02:38.047  2705  2705 I wm_on_top_resumed_lost_called: [217115903,com.android.settings.FallbackHome,topStateChangedWhenResumed]
12-09 06:02:38.047   832  2515 I wm_create_task: [0,7]
12-09 06:02:38.047   832  2515 I wm_create_activity: [0,113147037,7,com.mediatek.batterywarning/.BatteryWarningActivity,NULL,NULL,NULL,343932928]
12-09 06:02:38.047   832  2515 I wm_task_moved: [7,1,3]
12-09 06:02:38.049   832  2515 I wm_pause_activity: [0,217115903,com.android.settings/.FallbackHome,userLeaving=true,pauseBackTasks]
12-09 06:02:38.059   832   852 I dvm_lock_sample: [system_server,1,android.display,23,RootWindowContainer.java,3546,void com.android.server.wm.RootWindowContainer$RankTaskLayersRunnable.run(),ActivityTaskManagerService.java,2608,java.util.List com.android.server.wm.ActivityTaskManagerService.getAppTasks(java.lang.String, int),4]
12-09 06:02:38.059   832  3052 I dvm_lock_sample: [system_server,1,binder:832_D,12,ActivityClientController.java,179,void com.android.server.wm.ActivityClientController.activityTopResumedStateLost(),ActivityTaskManagerService.java,2608,java.util.List com.android.server.wm.ActivityTaskManagerService.getAppTasks(java.lang.String, int),2]
12-09 06:02:38.060  2705  2705 I wm_on_paused_called: [217115903,com.android.settings.FallbackHome,performPause]
12-09 06:02:38.071   832  2931 I wm_restart_activity: [0,113147037,7,com.mediatek.batterywarning/.BatteryWarningActivity]
12-09 06:02:38.073   832  2515 I am_uid_active: 10054
12-09 06:02:38.085   832  2931 I wm_set_resumed_activity: [0,com.mediatek.batterywarning/.BatteryWarningActivity,minimalResumeActivityLocked]
12-09 06:02:38.095   832   853 I input_focus: [Requesting to set focus to null window,reason=UpdateInputWindows]
12-09 06:02:38.171   832  2931 I wm_finish_activity: [0,113147037,7,com.mediatek.batterywarning/.BatteryWarningActivity,app-request]
12-09 06:02:38.172   832  2931 I wm_task_moved: [1,1,3]
12-09 06:02:38.173   832   851 I commit_sys_config_file: [notification-policy,16472]
12-09 06:02:38.174   832  2931 I wm_task_moved: [6,1,2147483647]
12-09 06:02:38.174   832  2931 I wm_task_to_front: [0,6]
12-09 06:02:38.174   832  2931 I wm_focused_root_task: [0,0,1,-1,finish-top adjustFocusToNextFocusableTask]
12-09 06:02:38.176   832   860 I am_pss  : [2705,1000,com.android.settings,37898240,21516288,0,151326720,0,2,10]
12-09 06:02:38.177   832  2931 I wm_pause_activity: [0,113147037,com.mediatek.batterywarning/.BatteryWarningActivity,userLeaving=false,finish]
12-09 06:02:38.180   832  2237 I input_focus: [Focus entering bbe91e2 com.android.settings/com.android.settings.FallbackHome (server),reason=Window became focusable. Previous reason: NOT_VISIBLE]
12-09 06:02:38.180   832  2237 I input_focus: [Focus leaving bbe91e2 com.android.settings/com.android.settings.FallbackHome (server),reason=Waiting for window because NOT_FOCUSABLE]
12-09 06:02:38.210   832  2931 I sysui_latency: [6,923]
12-09 06:02:38.210   832   853 I dvm_lock_sample: [system_server,1,android.anim,38,InputMonitor.java,116,void com.android.server.wm.InputMonitor$UpdateInputWindows.run(),WindowManagerService.java,3510,float com.android.server.wm.WindowManagerService.getCurrentAnimatorScale(),7]
12-09 06:02:38.211   832   853 I input_focus: [Focus request bbe91e2 com.android.settings/com.android.settings.FallbackHome,reason=UpdateInputWindows]
12-09 06:02:38.212  3032  3032 I wm_on_create_called: [113147037,com.mediatek.batterywarning.BatteryWarningActivity,performCreate]
12-09 06:02:38.222   832  2237 I input_focus: [Focus entering bbe91e2 com.android.settings/com.android.settings.FallbackHome (server),reason=setFocusedWindow]
12-09 06:02:38.239   832  2931 I wm_set_resumed_activity: [0,com.android.settings/.FallbackHome,resumeTopActivity]
12-09 06:02:38.242   832  2931 I wm_resume_activity: [0,217115903,6,com.android.settings/.FallbackHome]
12-09 06:02:38.257   832   852 I sysui_multi_action: [757,1144,758,8,806,com.mediatek.batterywarning,871,com.mediatek.batterywarning.BatteryWarningActivity]
12-09 06:02:38.277   832  2577 I am_uid_running: 10077
12-09 06:02:38.299  2705  2705 I wm_on_resume_called: [217115903,com.android.settings.FallbackHome,RESUME_ACTIVITY]
12-09 06:02:38.299  2705  2705 I wm_on_top_resumed_gained_called: [217115903,com.android.settings.FallbackHome,topWhenResuming]
12-09 06:02:38.320   832  2515 I wm_destroy_activity: [0,113147037,7,com.mediatek.batterywarning/.BatteryWarningActivity,finish-idle]
12-09 06:02:38.348  3032  3032 I wm_on_destroy_called: [113147037,com.mediatek.batterywarning.BatteryWarningActivity,performDestroy]
12-09 06:02:38.355  2703  3066 D ONSNetworkScanCtlr: init called
12-09 06:02:38.359   832   888 I wm_task_removed: [7,removeChild:removeChild last r=ActivityRecord{6be7c9d u0 com.mediatek.batterywarning/.BatteryWarningActivity} t-1 f}} in t=Task{9d7705e #7 type=standard I=com.mediatek.batterywarning/.BatteryWarningActivity U=0 visible=false visibleRequested=false mode=fullscreen translucent=true sz=0}]
12-09 06:02:38.359   832   888 I wm_task_removed: [7,removeChild]
12-09 06:02:38.376   832   862 I am_proc_start: [0,3064,10077,com.android.inputmethod.latin,service,{com.android.inputmethod.latin/com.android.inputmethod.latin.LatinIME}]
12-09 06:02:38.402   832  2577 D TelephonyRegistry: listen ooscl: hasNotifyOpptSubInfoChangedOccurred==false no callback
12-09 06:02:38.404  2703  3066 D ONSProfileSelector: ONSProfileSelector init complete
12-09 06:02:38.409   832   862 I am_proc_start: [0,3076,1000,com.mediatek.simprocessor,broadcast,{com.mediatek.simprocessor/com.mediatek.simprocessor.BootCmpReceiver}]
12-09 06:02:38.410  2703  3066 D ONS     : service is enable state true
12-09 06:02:38.470   832  2577 I am_proc_bound: [0,3064,com.android.inputmethod.latin]
12-09 06:02:38.474   832  2577 I am_uid_active: 10077
12-09 06:02:38.508   832  2577 I am_proc_bound: [0,3076,com.mediatek.simprocessor]
12-09 06:02:38.595   832  2577 I sysui_multi_action: [757,856,758,1,806,com.mediatek.simprocessor,857,simprocessor_channel,858,2]
12-09 06:02:38.604   832  2577 I am_foreground_service_start: [0,com.mediatek.simprocessor/.SimProcessorService,1,PROC_STATE_PERSISTENT,33,33,0,0,0,1,UNKNOWN]
12-09 06:02:38.615   832  2931 I commit_sys_config_file: [input-subtypes,11]
12-09 06:02:38.636   832  2577 I am_foreground_service_stop: [0,com.mediatek.simprocessor/.SimProcessorService,1,PROC_STATE_PERSISTENT,33,33,1,0,35,1,STOP_SERVICE]
12-09 06:02:38.639   832   849 I binder_sample: [android.os.IInstalld,5,1173,system_server,100]
12-09 06:02:38.700   832   849 I am_user_state_changed: [0,2]
12-09 06:02:38.701   832   861 I ssm_user_unlocking: 0
12-09 06:02:38.711   832   849 I sysui_multi_action: [319,10926,322,1575,325,56,757,761,758,7,759,2,806,com.android.settings,871,com.android.settings.FallbackHome,905,0,945,890,1320,4,1321,23]
12-09 06:02:38.713   832   849 I wm_activity_launch_time: [0,217115903,com.android.settings/.FallbackHome,1575]
12-09 06:02:38.714   832   849 I sysui_multi_action: [757,803,799,window_time_0,802,39]
12-09 06:02:38.714   832   849 I sysui_multi_action: [757,803,799,window_time_0,802,0]
12-09 06:02:38.714   832   849 I sysui_multi_action: [757,803,799,window_time_0,802,0]
12-09 06:02:38.728   832   850 I configuration_changed: 32
12-09 06:02:38.788   832  2245 I am_uid_running: 10100
12-09 06:02:38.805   832  2931 I am_uid_running: 10026
12-09 06:02:38.841   832   862 I am_proc_start: [0,3115,10100,com.android.providers.media.module,service,{com.android.providers.media.module/com.android.providers.media.fuse.ExternalStorageServiceImpl}]
12-09 06:02:38.862   832   851 I commit_sys_config_file: [notification-policy,17161]
12-09 06:02:38.866   832  2226 I commit_sys_config_file: [settings-1-0,31]
12-09 06:02:38.941   832   862 I am_proc_start: [0,3120,10026,android.process.acore,content provider,{com.android.providers.userdictionary/com.android.providers.userdictionary.UserDictionaryProvider}]
12-09 06:02:38.949   832   861 I uc_finish_user_unlocked: 0
12-09 06:02:38.949   832   861 I am_user_state_changed: [0,3]
12-09 06:02:38.998   832  2226 I commit_sys_config_file: [settings-2-0,61]
12-09 06:02:38.999   832   861 I am_uid_running: 1027
12-09 06:02:39.003   832   861 I uc_send_user_broadcast: [0,android.intent.action.USER_UNLOCKED]
12-09 06:02:39.005   832   861 I uc_send_user_broadcast: [0,android.intent.action.PRE_BOOT_COMPLETED]
12-09 06:02:39.009   832   832 I notification_enqueue: [1000,832,android,13,PreBootBroadcaster,0,Notification(channel=UPDATES shortcut=null contentView=null vibrate=null sound=null tick defaults=0x0 flags=0x2 color=0x00000000 vis=PUBLIC),0]
12-09 06:02:39.011   832   861 I am_pre_boot: [0,com.android.documentsui]
12-09 06:02:39.115  2703  2703 D MtkSubscriptionInfoUpdater: onReceive, Action: android.intent.action.CONFIGURATION_CHANGED
12-09 06:02:39.122  2703  2703 D TelephonyNetworkFactory[0]: got request NetworkRequest [ REQUEST id=31, [ Capabilities: INTERNET&NOT_RESTRICTED&TRUSTED&NOT_VCN_MANAGED Uid: 1000 RequestorUid: 1000 RequestorPkg: android UnderlyingNetworks: Null] ]
12-09 06:02:39.123  2703  2703 D TelephonyNetworkFactory[0]: onNeedNetworkFor [NetworkRequest [ REQUEST id=31, [ Capabilities: INTERNET&NOT_RESTRICTED&TRUSTED&NOT_VCN_MANAGED Uid: 1000 RequestorUid: 1000 RequestorPkg: android UnderlyingNetworks: Null] ], mPriority=20, state=UNSATISFIED, mAttachedDataNetwork=null, isMetered=true, created time=06:02:39.122, evaluation result=null] shouldApply false
12-09 06:02:39.136  2667  2788 I service_manager_slow: [12,carrier_config]
12-09 06:02:39.144  2703  2703 D SmsBroadcastUndelivered: Received broadcast android.intent.action.USER_UNLOCKED
12-09 06:02:39.160   832  2515 I wm_finish_activity: [0,217115903,6,com.android.settings/.FallbackHome,app-request]
12-09 06:02:39.166   832  2515 I wm_pause_activity: [0,217115903,com.android.settings/.FallbackHome,userLeaving=false,finish]
12-09 06:02:39.168   832   862 I dvm_lock_sample: [system_server,1,ActivityManager:procStart,110,ProcessList.java,1988,void com.android.server.am.ProcessList.lambda$handleProcessStart$1$com-android-server-am-ProcessList(com.android.server.am.ProcessRecord, java.lang.String, int[], int, int, int, java.lang.String, java.lang.String, java.lang.String, long),BroadcastQueue.java,1136,void com.android.server.am.BroadcastQueue.processNextBroadcast(boolean),22]
12-09 06:02:39.169   832   862 I am_proc_start: [0,3151,1027,com.android.nfc,added application,com.android.nfc]
12-09 06:02:39.173  2705  2705 I wm_on_top_resumed_lost_called: [217115903,com.android.settings.FallbackHome,topStateChangedWhenResumed]
12-09 06:02:39.174  2705  2705 I wm_on_paused_called: [217115903,com.android.settings.FallbackHome,performPause]
12-09 06:02:39.177   832   888 I am_proc_bound: [0,3115,com.android.providers.media.module]
12-09 06:02:39.237   832  3052 I wm_task_created: [8,-1]
12-09 06:02:39.238   832  2237 I input_focus: [Focus leaving bbe91e2 com.android.settings/com.android.settings.FallbackHome (server),reason=NO_WINDOW]
12-09 06:02:39.241   832  3052 I wm_task_moved: [8,1,2147483647]
12-09 06:02:39.268  2703  2703 D SmsDispatchersController: Received broadcast android.intent.action.USER_UNLOCKED
12-09 06:02:39.273   832  3052 I wm_task_moved: [1,1,2]
12-09 06:02:39.273   832  3052 I wm_create_task: [0,8]
12-09 06:02:39.273   832  3052 I wm_create_activity: [0,255530414,8,com.android.provision/.DefaultActivity,android.intent.action.MAIN,NULL,NULL,276824320]
12-09 06:02:39.276   832  3052 I wm_task_moved: [1,1,2]
12-09 06:02:39.277  2703  3155 D MtkSmsBroadcastUndelivered: scanning raw table for undelivered messages
12-09 06:02:39.278   832  3052 I wm_task_moved: [8,1,2147483647]
12-09 06:02:39.278   832  3052 I wm_task_to_front: [0,8]
12-09 06:02:39.287   832   888 I dvm_lock_sample: [system_server,1,binder:832_3,110,ActivityTaskManagerService.java,5795,android.content.res.CompatibilityInfo com.android.server.wm.ActivityTaskManagerService$LocalService.compatibilityInfoForPackage(android.content.pm.ApplicationInfo),TaskSnapshotCache.java,68,android.window.TaskSnapshot com.android.server.wm.TaskSnapshotCache.getSnapshot(int, int, boolean, boolean),22]
12-09 06:02:39.289  2705  2705 I binder_sample: [android.app.IActivityClientController,4,113,com.android.settings,22]
12-09 06:02:39.291   832   888 I am_uid_active: 10100
12-09 06:02:39.308   832   849 I dvm_lock_sample: [system_server,0,android.fg,178,ActivityManagerService.java,12877,int com.android.server.am.ActivityManagerService.bindServiceInstance(android.app.IApplicationThread, android.os.IBinder, android.content.Intent, java.lang.String, android.app.IServiceConnection, int, java.lang.String, boolean, int, java.lang.String, java.lang.String, int),,0,null,35]
12-09 06:02:39.314   832   849 I am_uid_running: 10032
12-09 06:02:39.320   832   849 I sysui_multi_action: [757,803,799,window_time_0,802,1]
12-09 06:02:39.325   832  2406 I dvm_lock_sample: [system_server,1,binder:832_4,103,ActivityManagerService.java,12877,int com.android.server.am.ActivityManagerService.bindServiceInstance(android.app.IApplicationThread, android.os.IBinder, android.content.Intent, java.lang.String, android.app.IServiceConnection, int, java.lang.String, boolean, int, java.lang.String, java.lang.String, int),-,5156,void com.android.server.am.ActivityManagerService.attachApplication(android.app.IApplicationThread, long),20]
12-09 06:02:39.369   832  2931 I dvm_lock_sample: [system_server,1,binder:832_B,120,ActivityManagerService.java,5150,void com.android.server.am.ActivityManagerService.attachApplication(android.app.IApplicationThread, long),-,5156,void com.android.server.am.ActivityManagerService.attachApplication(android.app.IApplicationThread, long),24]
12-09 06:02:39.369   832  2931 I am_proc_bound: [0,3120,android.process.acore]
12-09 06:02:39.372   832  2931 I am_uid_active: 10026
12-09 06:02:39.406   832   861 I am_uid_running: 10038
12-09 06:02:39.409   832  2515 I dvm_lock_sample: [system_server,1,binder:832_7,162,ActivityManagerService.java,13300,android.content.Intent com.android.server.am.ActivityManagerService.registerReceiverWithFeature(android.app.IApplicationThread, java.lang.String, java.lang.String, java.lang.String, android.content.IIntentReceiver, android.content.IntentFilter, java.lang.String, int, int),,0,null,32]
12-09 06:02:39.410   832   852 I am_uid_running: 10083
12-09 06:02:39.416  2420  2538 I binder_sample: [android.app.IActivityManager,30,175,com.android.systemui,35]
12-09 06:02:39.425  2713  2713 I binder_sample: [android.app.IActivityManager,13,178,com.android.launcher3,35]
12-09 06:02:39.443  2420  2420 I binder_sample: [android.app.IActivityManager,32,187,com.android.systemui,37]
12-09 06:02:39.444   832  2931 I am_proc_bound: [0,3151,com.android.nfc]
12-09 06:02:39.458   832  2931 I am_uid_active: 1027
12-09 06:02:39.486   832   862 I am_proc_start: [0,3169,10032,com.mediatek.location.mtkgeofence,service,{com.mediatek.location.mtkgeofence/com.mediatek.location.mtkgeofence.GeofenceService}]
12-09 06:02:39.560   832  2406 I dvm_lock_sample: [system_server,0,binder:832_4,81,ActivityManagerService.java,12925,void com.android.server.am.ActivityManagerService.serviceDoneExecuting(android.os.IBinder, int, int, int),-,12878,int com.android.server.am.ActivityManagerService.bindServiceInstance(android.app.IApplicationThread, android.os.IBinder, android.content.Intent, java.lang.String, android.app.IServiceConnection, int, java.lang.String, boolean, int, java.lang.String, java.lang.String, int),16]
12-09 06:02:39.562   832  2515 I am_proc_bound: [0,3169,com.mediatek.location.mtkgeofence]
12-09 06:02:39.616   832  2515 I binder_sample: [android.app.IApplicationThread,4,48,system_server,9]
12-09 06:02:39.623   832  2226 I commit_sys_config_file: [settings-0-0,282]
12-09 06:02:39.655   832   852 I dvm_lock_sample: [system_server,1,android.display,37,MessageQueue.java,337,android.os.Message android.os.MessageQueue.next(),-,600,boolean android.os.MessageQueue.enqueueMessage(android.os.Message, long),7]
12-09 06:02:39.705  3151  3151 I service_manager_slow: [26,game]
12-09 06:02:39.740   832   862 I am_proc_start: [0,3187,1000,com.android.keychain,service,{com.android.keychain/com.android.keychain.KeyChainService}]
12-09 06:02:39.746  2703  3155 D MtkSmsBroadcastUndelivered: finished scanning raw table in 468 ms
12-09 06:02:39.746  2703  3155 D MtkSmsBroadcastUndelivered: scanning raw table for undelivered messages
12-09 06:02:39.782  2703  3155 D MtkSmsBroadcastUndelivered: finished scanning raw table in 35 ms
12-09 06:02:39.877  2420  2420 I binder_sample: [android.app.IActivityManager,30,348,com.android.systemui,69]
12-09 06:02:39.878   832  2610 I dvm_lock_sample: [system_server,0,binder:832_A,308,ActivityManagerService.java,12925,void com.android.server.am.ActivityManagerService.serviceDoneExecuting(android.os.IBinder, int, int, int),,0,null,61]
12-09 06:02:39.888   832  2376 I dvm_lock_sample: [system_server,0,backup,224,ActivityManagerService.java,13444,android.content.Intent com.android.server.am.ActivityManagerService.registerReceiverWithFeature(android.app.IApplicationThread, java.lang.String, java.lang.String, java.lang.String, android.content.IIntentReceiver, android.content.IntentFilter, java.lang.String, int, int),,0,null,44]
12-09 06:02:39.894   832   862 I am_proc_start: [0,3210,10038,com.android.documentsui,broadcast,{com.android.documentsui/com.android.documentsui.PreBootReceiver}]
12-09 06:02:39.900  2983  2983 I binder_sample: [android.app.IActivityManager,13,227,android.ext.services,45]
12-09 06:02:39.903  3187  3187 I service_manager_slow: [21,activity]
12-09 06:02:39.905   832  2610 I am_proc_bound: [0,3187,com.android.keychain]
12-09 06:02:39.928   832  2577 I dvm_lock_sample: [system_server,1,binder:832_8,359,ActivityManagerService.java,4162,void com.android.server.am.ActivityManagerService.addPackageDependency(java.lang.String),,0,null,71]
12-09 06:02:39.946   832   862 I am_proc_start: [0,3223,10083,com.android.provision,top-activity,{com.android.provision/com.android.provision.DefaultActivity}]
12-09 06:02:40.165   832  2610 I am_proc_bound: [0,3223,com.android.provision]
12-09 06:02:40.244   832  2610 I wm_restart_activity: [0,255530414,8,com.android.provision/.DefaultActivity]
12-09 06:02:40.265   832  2610 I wm_set_resumed_activity: [0,com.android.provision/.DefaultActivity,minimalResumeActivityLocked]
12-09 06:02:40.276   832   846 I dvm_lock_sample: [system_server,1,binder:832_1,39,ContentProviderHelper.java,651,void com.android.server.am.ContentProviderHelper.publishContentProviders(android.app.IApplicationThread, java.util.List),ActivityManagerService.java,5156,void com.android.server.am.ActivityManagerService.attachApplication(android.app.IApplicationThread, long),7]
12-09 06:02:40.281   832   832 I sysui_multi_action: [757,1501,758,1,793,1273,794,0,795,1273,796,13,797,PreBootBroadcaster,806,android,857,UPDATES,858,2,947,0,1500,0,1688,1]
12-09 06:02:40.281   832   832 I sysui_multi_action: [757,804,799,note_interruptive,801,0,802,1]
12-09 06:02:40.284   832   888 I am_proc_bound: [0,3210,com.android.documentsui]
12-09 06:02:40.361   832   846 I sysui_multi_action: [757,856,758,1,806,com.android.providers.media.module,857,native_transcode_alert_channel,858,4]
12-09 06:02:40.364   832   846 I sysui_multi_action: [757,856,758,1,806,com.android.providers.media.module,857,native_transcode_progress_channel,858,2]
12-09 06:02:40.392   832   888 I am_uid_active: 10038
12-09 06:02:40.395   832   861 I dvm_lock_sample: [system_server,1,ActivityManager,122,BroadcastQueue.java,1134,void com.android.server.am.BroadcastQueue.processNextBroadcast(boolean),,0,null,24]
12-09 06:02:40.413  3120  3120 I binder_sample: [android.app.IActivityManager,13,105,android.process.acore,21]
12-09 06:02:40.569  2420  2939 I binder_sample: [android.service.notification.IStatusBarNotificationHolder,1,15,com.android.systemui,3]
12-09 06:02:40.756  2420  2538 I binder_sample: [android.app.IActivityManager,32,333,com.android.systemui,66]
12-09 06:02:40.763   832   851 I commit_sys_config_file: [notification-policy,19062]
12-09 06:02:40.764   832  2931 I commit_sys_config_file: [settings-0-0,24]
12-09 06:02:40.786  2713  2713 I binder_sample: [android.app.IActivityManager,14,59,com.android.launcher3,11]
12-09 06:02:40.788  3120  3236 I binder_sample: [android.content.IContentService,6,118,android.process.acore,23]
12-09 06:02:40.788  3120  3120 I binder_sample: [android.app.IActivityManager,24,260,android.process.acore,52]
12-09 06:02:40.794   832   852 I am_uid_active: 10083
12-09 06:02:40.814   832  2610 I commit_sys_config_file: [settings-2-0,27]
12-09 06:02:40.858   832  2406 I wm_finish_activity: [0,255530414,8,com.android.provision/.DefaultActivity,app-request]
12-09 06:02:40.863   832  2406 I wm_pause_activity: [0,255530414,com.android.provision/.DefaultActivity,userLeaving=false,finish]
12-09 06:02:40.903  2703  2703 D SubscriptionController: [getActiveSubscriptionInfo]- subId=-1 subList=[] subInfo=null
12-09 06:02:40.904   832   852 I sysui_multi_action: [757,1144,758,7,806,com.android.provision,871,com.android.provision.DefaultActivity]
12-09 06:02:40.904  3223  3223 I wm_on_create_called: [255530414,com.android.provision.DefaultActivity,performCreate]
12-09 06:02:40.922  2703  2703 D DSMGR-0 : getDataEnabled during provisioning retVal=false - (false, 0)
12-09 06:02:40.924   832  2577 I dvm_lock_sample: [system_server,1,binder:832_8,8,ActivityManagerService.java,8883,com.android.server.am.ProcessRecord com.android.server.am.ActivityManagerService.findAppProcess(android.os.IBinder, java.lang.String),-,6094,boolean com.android.server.am.ActivityManagerService.isAppStartModeDisabled(int, java.lang.String),1]
12-09 06:02:40.927   832  2515 I am_uid_running: 10025
12-09 06:02:40.991  2703  2703 D SubscriptionController: [getActiveSubscriptionInfo]- subId=-1 subList=[] subInfo=null
12-09 06:02:40.993  2703  2703 D DSMGR-0 : mIsDataEnabled=true, prevDataEnabled=false
12-09 06:02:40.993  2703  2703 D DSMGR-0 : notifyDataEnabledChanged: enabled=true, reason=UNKNOWN, callingPackage=com.android.phone
12-09 06:02:41.022  3115  3115 I service_manager_slow: [59,statsmanager]
12-09 06:02:41.039  2703  2703 D SubscriptionController: [getActiveSubscriptionInfo]- subId=-1 subList=[] subInfo=null
12-09 06:02:41.040  2703  2703 D DSMGR-0 : getDataEnabled during provisioning retVal=false - (false, 0)
12-09 06:02:41.040  2703  2703 D MtkDNC  : DNC-0: onDataEnabledChanged: enabled=true
12-09 06:02:41.041  2703  2703 D DSRM-0  : onMobileDataEnabledChanged: DataEnabled:true,DataStalled:false
12-09 06:02:41.053   832  3134 I dvm_lock_sample: [system_server,0,pool-26-thread-1,127,ContentProviderHelper.java,166,android.app.ContentProviderHolder com.android.server.am.ContentProviderHelper.getContentProviderImpl(android.app.IApplicationThread, java.lang.String, android.os.IBinder, int, java.lang.String, java.lang.String, boolean, int),,0,null,25]
12-09 06:02:41.054   832   846 I wm_task_created: [9,-1]
12-09 06:02:41.058  2703  2703 D MtkDNC  : DNC-0: Re-evaluating 0 unsatisfied network requests in 0 groups,  due to DATA_ENABLED_CHANGED
12-09 06:02:41.062   832   846 I wm_task_moved: [9,1,2147483647]
12-09 06:02:41.065   832   846 I wm_task_moved: [1,1,2]
12-09 06:02:41.065   832   846 I wm_create_task: [0,9]
12-09 06:02:41.065   832   846 I wm_create_activity: [0,8904529,9,com.android.launcher3/.uioverrides.QuickstepLauncher,android.intent.action.MAIN,NULL,NULL,268435712]
12-09 06:02:41.069   832   846 I wm_task_moved: [1,1,2]
12-09 06:02:41.070   832   846 I wm_task_moved: [9,1,2147483647]
12-09 06:02:41.070   832   846 I wm_task_to_front: [0,9]
12-09 06:02:41.078   832   846 I wm_restart_activity: [0,8904529,9,com.android.launcher3/.uioverrides.QuickstepLauncher]
12-09 06:02:41.093   832   846 I wm_set_resumed_activity: [0,com.android.launcher3/.uioverrides.QuickstepLauncher,minimalResumeActivityLocked]
12-09 06:02:41.095   832   849 I sysui_multi_action: [757,803,799,window_time_0,802,2]
12-09 06:02:41.096   832   862 I am_proc_start: [0,3303,10025,android.process.media,content provider,{com.android.mtp/com.android.mtp.MtpDocumentsProvider}]
12-09 06:02:41.138  3120  3259 I dvm_lock_sample: [android.process.acore,0,Worker-1,695,SQLiteOpenHelper.java,315,android.database.sqlite.SQLiteDatabase android.database.sqlite.SQLiteOpenHelper.getWritableDatabase(),-,316,android.database.sqlite.SQLiteDatabase android.database.sqlite.SQLiteOpenHelper.getWritableDatabase(),100]
12-09 06:02:41.139  3120  3269 I dvm_lock_sample: [android.process.acore,0,Worker-1,610,SQLiteOpenHelper.java,315,android.database.sqlite.SQLiteDatabase android.database.sqlite.SQLiteOpenHelper.getWritableDatabase(),-,316,android.database.sqlite.SQLiteDatabase android.database.sqlite.SQLiteOpenHelper.getWritableDatabase(),100]
12-09 06:02:41.146   832   888 I am_proc_bound: [0,3303,android.process.media]
12-09 06:02:41.211  3120  3245 I dvm_lock_sample: [android.process.acore,0,Worker-1,1120,SQLiteOpenHelper.java,315,android.database.sqlite.SQLiteDatabase android.database.sqlite.SQLiteOpenHelper.getWritableDatabase(),-,340,android.database.sqlite.SQLiteDatabase android.database.sqlite.SQLiteOpenHelper.getReadableDatabase(),100]
12-09 06:02:41.219  2713  2713 I binder_sample: [android.view.IWindowManager,83,17,com.android.launcher3,3]
12-09 06:02:41.239   832  2931 I am_pre_boot: [0,com.android.managedprovisioning]
12-09 06:02:41.244   832  2931 I am_uid_running: 10023
12-09 06:02:41.260   832   832 I notification_enqueue: [1000,832,android,13,PreBootBroadcaster,0,Notification(channel=UPDATES shortcut=null contentView=null vibrate=null sound=null tick defaults=0x0 flags=0x2 color=0x00000000 vis=PUBLIC),1]
12-09 06:02:41.262   832   861 I dvm_lock_sample: [system_server,1,ActivityManager,21,BroadcastQueue.java,1134,void com.android.server.am.BroadcastQueue.processNextBroadcast(boolean),ActivityManagerService.java,14781,void com.android.server.am.ActivityManagerService.finishReceiver(android.os.IBinder, int, java.lang.String, android.os.Bundle, boolean, int),4]
12-09 06:02:41.286   832   862 I am_proc_start: [0,3329,10023,com.android.managedprovisioning,broadcast,{com.android.managedprovisioning/com.android.managedprovisioning.ota.PreBootListener}]
12-09 06:02:41.297   832  2226 I commit_sys_config_file: [settings-2-0,47]
12-09 06:02:41.426   832  2931 I am_proc_bound: [0,3329,com.android.managedprovisioning]
12-09 06:02:41.457   203   203 I auditd  : avc:  denied  { find } for interface=vendor.nxp.nxpnfc::INxpNfc sid=u:r:nfc:s0 pid=3151 scontext=u:r:nfc:s0 tcontext=u:object_r:default_android_hwservice:s0 tclass=hwservice_manager permissive=1
12-09 06:02:41.458   832  2931 I am_uid_active: 10023
12-09 06:02:41.674  3151  3151 I service_manager_slow: [31,vibrator_manager]
12-09 06:02:41.681   832   888 I sysui_multi_action: [757,856,758,1,806,com.android.mtp,857,device_notification_channel,858,2]
12-09 06:02:41.962   832   851 I commit_sys_config_file: [notification-policy,20261]
12-09 06:02:42.103   832   860 I am_meminfo: [1131642880,1246171136,4096,249241600,564250624]
12-09 06:02:42.141   832   860 I am_pss  : [2705,1000,com.android.settings,37121024,30134272,0,151855104,2,2,9]
12-09 06:02:42.143   832  2931 I am_uid_active: 10025
12-09 06:02:42.145   832  3116 I backup_transport_lifecycle: [com.android.localtransport/.LocalTransportService,1]
12-09 06:02:42.171   832   862 I am_proc_start: [0,3376,1000,com.android.localtransport,service,{com.android.localtransport/com.android.localtransport.LocalTransportService}]
12-09 06:02:42.183   832   860 I am_pss  : [2983,10101,android.ext.services,13643776,5607424,0,125374464,2,5,8]
12-09 06:02:42.219   832   860 I am_pss  : [2421,10098,com.android.permissioncontroller,17653760,12591104,0,118571008,2,6,7]
12-09 06:02:42.257   832   860 I am_pss  : [2703,1001,com.android.phone,37544960,28905472,0,152195072,2,0,10]
12-09 06:02:42.269  3303  3319 I binder_sample: [android.content.IContentService,2,65,android.process.media,13]
12-09 06:02:42.288   832  2414 I dvm_lock_sample: [system_server,1,binder:832_6,33,ActivityManagerService.java,13300,android.content.Intent com.android.server.am.ActivityManagerService.registerReceiverWithFeature(android.app.IApplicationThread, java.lang.String, java.lang.String, java.lang.String, android.content.IIntentReceiver, android.content.IntentFilter, java.lang.String, int, int),-,12878,int com.android.server.am.ActivityManagerService.bindServiceInstance(android.app.IApplicationThread, android.os.IBinder, android.content.Intent, java.lang.String, android.app.IServiceConnection, int, java.lang.String, boolean, int, java.lang.String, java.lang.String, int),6]
12-09 06:02:42.291  3210  3299 I dvm_lock_sample: [com.android.documentsui,0,pool-2-thread-5,1396,ProvidersCache.java,643,void com.android.documentsui.roots.ProvidersCache$MultiProviderUpdateTask.handleDocumentsProvider(android.content.pm.ProviderInfo, com.android.documentsui.base.UserId),-,646,void com.android.documentsui.roots.ProvidersCache$MultiProviderUpdateTask.handleDocumentsProvider(android.content.pm.ProviderInfo, com.android.documentsui.base.UserId),100]
12-09 06:02:42.301   832  2245 I binder_sample: [android.os.IVold,15,3569,system_server,100]
12-09 06:02:42.305   832   860 I am_pss  : [2674,1068,com.android.se,7802880,3690496,0,101572608,2,0,7]
12-09 06:02:42.323  3210  3296 I dvm_lock_sample: [com.android.documentsui,0,pool-2-thread-2,1428,ProvidersCache.java,643,void com.android.documentsui.roots.ProvidersCache$MultiProviderUpdateTask.handleDocumentsProvider(android.content.pm.ProviderInfo, com.android.documentsui.base.UserId),-,646,void com.android.documentsui.roots.ProvidersCache$MultiProviderUpdateTask.handleDocumentsProvider(android.content.pm.ProviderInfo, com.android.documentsui.base.UserId),100]
12-09 06:02:42.341  2713  2713 I wm_on_create_called: [8904529,com.android.launcher3.uioverrides.QuickstepLauncher,performCreate]
12-09 06:02:42.348   832  2610 I am_uid_running: 10027
