V/BroadcastQueue(  832): processNextBroadcast [foreground]: 0 parallel broadcasts; 1 in flight, 0 ordered
V/BroadcastQueue(  832): Delivering ordered [foreground] to registered BroadcastFilter{265c628 10086/u-1 ReceiverList{e6d8c4b 2420 com.android.systemui/10086/u-1 remote:9abd91a}}: BroadcastRecord{6252185 u-1 android.intent.action.SCREEN_OFF}
I/ActivityManager(  832): Changes in ProcessRecord{336fc56 3115:com.android.providers.media.module/u0a100}: 4
I/ActivityManager(  832): Retrieving available item: com.android.server.am.ActivityManagerService$ProcessChangeItem@3935578
I/ActivityManager(  832): *** Enqueueing dispatch processes changed!
I/ActivityManager(  832): Item 3935578 3115:com.android.providers.media.module/u0a100: changes=4 foreground=false type=service source=ProcessRecord{5ac61cd 832:system/1000} target=ComponentInfo{com.android.providers.media.module/com.android.providers.media.fuse.ExternalStorageServiceImpl} capability=15
I/ActivityManager(  832): *** Delivering 1 process changes
I/ActivityManager(  832): Changes in ProcessRecord{a0d6c45 2983:android.ext.services/u0a101}: 4
I/ActivityManager(  832): Retrieving available item: com.android.server.am.ActivityManagerService$ProcessChangeItem@3935578
I/ActivityManager(  832): *** Enqueueing dispatch processes changed!
I/ActivityManager(  832): Item 3935578 2983:android.ext.services/u0a101: changes=4 foreground=false type=service source=ProcessRecord{5ac61cd 832:system/1000} target=ComponentInfo{android.ext.services/android.ext.services.autofill.InlineSuggestionRenderServiceImpl} capability=15
I/ActivityManager(  832): Changes in ProcessRecord{2428930 2667:com.android.networkstack.process/1073}: 4
I/ActivityManager(  832): *** Delivering 1 process changes
I/ActivityManager(  832): Retrieving available item: com.android.server.am.ActivityManagerService$ProcessChangeItem@3935578
I/ActivityManager(  832): *** Enqueueing dispatch processes changed!
I/ActivityManager(  832): Item 3935578 2667:com.android.networkstack.process/1073: changes=4 foreground=false type=fixed source=null target=null capability=15
I/ActivityManager(  832): Changes in ProcessRecord{6c79b1d 2420:com.android.systemui/u0a86}: 4
I/ActivityManager(  832): Retrieving available item: com.android.server.am.ActivityManagerService$ProcessChangeItem@1f39f80
I/ActivityManager(  832): Item 1f39f80 2420:com.android.systemui/u0a86: changes=4 foreground=false type=fixed source=null target=null capability=15
I/ActivityManager(  832): Changes in ProcessRecord{5ac61cd 832:system/1000}: 4
I/ActivityManager(  832): Retrieving available item: com.android.server.am.ActivityManagerService$ProcessChangeItem@ae48055
I/ActivityManager(  832): Item ae48055 832:system/1000: changes=4 foreground=false type=fixed source=null target=null capability=15
I/BroadcastQueue(  832): Delivering to BroadcastFilter{265c628 10086/u-1 ReceiverList{e6d8c4b 2420 com.android.systemui/10086/u-1 remote:9abd91a}} : BroadcastRecord{6252185 u-1 android.intent.action.SCREEN_OFF}
I/ActivityThread( 2420): Receiving broadcast android.intent.action.SCREEN_OFF seq=-1 to com.android.systemui.broadcast.ActionReceiver@870bdec
I/ActivityThread( 2420): Enqueueing broadcast android.intent.action.SCREEN_OFF seq=-1 to com.android.systemui.broadcast.ActionReceiver@870bdec
I/ActivityManager(  832): *** Delivering 3 process changes
I/ActivityThread( 2420): Dispatching broadcast android.intent.action.SCREEN_OFF seq=-1 to com.android.systemui.broadcast.ActionReceiver@870bdec
I/ActivityThread( 2420):   mRegistered=true mOrderedHint=true
I/ActivityThread( 2420): Finishing broadcast to android.app.LoadedApk$ReceiverDispatcher$InnerReceiver@ceed631
V/ActivityManager(  832): Finish receiver: android.os.BinderProxy@9abd91a
V/BroadcastQueue(  832): processNextBroadcast [foreground]: 0 parallel broadcasts; 1 in flight, 0 ordered
V/BroadcastQueue(  832): Delivering ordered [foreground] to registered BroadcastFilter{c0fe53 1000/u0 ReceiverList{60d2e42 832 system/1000/u0 local:2d37c8d}}: BroadcastRecord{6252185 u-1 android.intent.action.SCREEN_OFF}
I/ActivityManager(  832): Changes in ProcessRecord{336fc56 3115:com.android.providers.media.module/u0a100}: 4
I/ActivityManager(  832): Retrieving available item: com.android.server.am.ActivityManagerService$ProcessChangeItem@ae48055
I/ActivityManager(  832): *** Enqueueing dispatch processes changed!
I/ActivityManager(  832): *** Delivering 1 process changes
I/ActivityManager(  832): Item ae48055 3115:com.android.providers.media.module/u0a100: changes=4 foreground=false type=service source=ProcessRecord{5ac61cd 832:system/1000} target=ComponentInfo{com.android.providers.media.module/com.android.providers.media.fuse.ExternalStorageServiceImpl} capability=15
I/ActivityManager(  832): Changes in ProcessRecord{a0d6c45 2983:android.ext.services/u0a101}: 4
I/ActivityManager(  832): Retrieving available item: com.android.server.am.ActivityManagerService$ProcessChangeItem@ae48055
I/ActivityManager(  832): *** Enqueueing dispatch processes changed!
I/ActivityManager(  832): Item ae48055 2983:android.ext.services/u0a101: changes=4 foreground=false type=service source=ProcessRecord{5ac61cd 832:system/1000} target=ComponentInfo{android.ext.services/android.ext.services.autofill.InlineSuggestionRenderServiceImpl} capability=15
I/ActivityManager(  832): Changes in ProcessRecord{2428930 2667:com.android.networkstack.process/1073}: 4
I/ActivityManager(  832): Retrieving available item: com.android.server.am.ActivityManagerService$ProcessChangeItem@1f39f80
I/ActivityManager(  832): Item 1f39f80 2667:com.android.networkstack.process/1073: changes=4 foreground=false type=fixed source=null target=null capability=15
I/ActivityManager(  832): *** Delivering 2 process changes
I/ActivityManager(  832): Changes in ProcessRecord{6c79b1d 2420:com.android.systemui/u0a86}: 4
I/ActivityManager(  832): Retrieving available item: com.android.server.am.ActivityManagerService$ProcessChangeItem@1f39f80
I/ActivityManager(  832): *** Enqueueing dispatch processes changed!
I/ActivityManager(  832): Item 1f39f80 2420:com.android.systemui/u0a86: changes=4 foreground=false type=fixed source=null target=null capability=15
I/ActivityManager(  832): Changes in ProcessRecord{5ac61cd 832:system/1000}: 4
I/ActivityManager(  832): Retrieving available item: com.android.server.am.ActivityManagerService$ProcessChangeItem@ae48055
I/ActivityManager(  832): Item ae48055 832:system/1000: changes=4 foreground=false type=fixed source=null target=null capability=15
I/BroadcastQueue(  832): Delivering to BroadcastFilter{c0fe53 1000/u0 ReceiverList{60d2e42 832 system/1000/u0 local:2d37c8d}} : BroadcastRecord{6252185 u-1 android.intent.action.SCREEN_OFF}
I/ActivityThread(  832): Receiving broadcast android.intent.action.SCREEN_OFF seq=-1 to com.android.server.nearby.fastpair.FastPairManager$1@703db7
I/ActivityThread(  832): Enqueueing broadcast android.intent.action.SCREEN_OFF seq=-1 to com.android.server.nearby.fastpair.FastPairManager$1@703db7
I/ActivityManager(  832): *** Delivering 2 process changes
I/ActivityThread(  832): Dispatching broadcast android.intent.action.SCREEN_OFF seq=-1 to com.android.server.nearby.fastpair.FastPairManager$1@703db7
I/ActivityThread(  832):   mRegistered=true mOrderedHint=true
I/ActivityThread(  832): Finishing broadcast to android.app.LoadedApk$ReceiverDispatcher$InnerReceiver@2d37c8d
V/ActivityManager(  832): Finish receiver: android.app.LoadedApk$ReceiverDispatcher$InnerReceiver@2d37c8d
V/BroadcastQueue(  832): processNextBroadcast [foreground]: 0 parallel broadcasts; 1 in flight, 0 ordered
V/BroadcastQueue(  832): Delivering ordered [foreground] to registered BroadcastFilter{dacbf4b 1027/u-1 ReceiverList{c6bf81a 3151 com.android.nfc/1027/u-1 remote:69a66c5}}: BroadcastRecord{6252185 u-1 android.intent.action.SCREEN_OFF}
I/ActivityManager(  832): Changes in ProcessRecord{336fc56 3115:com.android.providers.media.module/u0a100}: 4
I/ActivityManager(  832): Retrieving available item: com.android.server.am.ActivityManagerService$ProcessChangeItem@ae48055
I/ActivityManager(  832): *** Enqueueing dispatch processes changed!
I/ActivityManager(  832): Item ae48055 3115:com.android.providers.media.module/u0a100: changes=4 foreground=false type=service source=ProcessRecord{5ac61cd 832:system/1000} target=ComponentInfo{com.android.providers.media.module/com.android.providers.media.fuse.ExternalStorageServiceImpl} capability=15
I/ActivityManager(  832): Changes in ProcessRecord{a0d6c45 2983:android.ext.services/u0a101}: 4
I/ActivityManager(  832): *** Delivering 1 process changes
I/ActivityManager(  832): Retrieving available item: com.android.server.am.ActivityManagerService$ProcessChangeItem@ae48055
I/ActivityManager(  832): *** Enqueueing dispatch processes changed!
I/ActivityManager(  832): Item ae48055 2983:android.ext.services/u0a101: changes=4 foreground=false type=service source=ProcessRecord{5ac61cd 832:system/1000} target=ComponentInfo{android.ext.services/android.ext.services.autofill.InlineSuggestionRenderServiceImpl} capability=15
I/ActivityManager(  832): *** Delivering 1 process changes
I/ActivityManager(  832): Changes in ProcessRecord{180e1ab 3151:com.android.nfc/1027}: 4
I/ActivityManager(  832): Retrieving available item: com.android.server.am.ActivityManagerService$ProcessChangeItem@ae48055
I/ActivityManager(  832): *** Enqueueing dispatch processes changed!
I/ActivityManager(  832): Item ae48055 3151:com.android.nfc/1027: changes=4 foreground=false type=fixed source=null target=null capability=15
I/ActivityManager(  832): *** Delivering 1 process changes
I/ActivityManager(  832): Changes in ProcessRecord{2428930 2667:com.android.networkstack.process/1073}: 4
I/ActivityManager(  832): Retrieving available item: com.android.server.am.ActivityManagerService$ProcessChangeItem@ae48055
I/ActivityManager(  832): *** Enqueueing dispatch processes changed!
I/ActivityManager(  832): Item ae48055 2667:com.android.networkstack.process/1073: changes=4 foreground=false type=fixed source=null target=null capability=15
I/ActivityManager(  832): Changes in ProcessRecord{6c79b1d 2420:com.android.systemui/u0a86}: 4
I/ActivityManager(  832): Retrieving available item: com.android.server.am.ActivityManagerService$ProcessChangeItem@1f39f80
I/ActivityManager(  832): Item 1f39f80 2420:com.android.systemui/u0a86: changes=4 foreground=false type=fixed source=null target=null capability=15
I/ActivityManager(  832): Changes in ProcessRecord{5ac61cd 832:system/1000}: 4
I/ActivityManager(  832): Retrieving available item: com.android.server.am.ActivityManagerService$ProcessChangeItem@3935578
I/ActivityManager(  832): Item 3935578 832:system/1000: changes=4 foreground=false type=fixed source=null target=null capability=15
I/ActivityManager(  832): *** Delivering 3 process changes
I/BroadcastQueue(  832): Delivering to BroadcastFilter{dacbf4b 1027/u-1 ReceiverList{c6bf81a 3151 com.android.nfc/1027/u-1 remote:69a66c5}} : BroadcastRecord{6252185 u-1 android.intent.action.SCREEN_OFF}
I/ActivityThread( 3151): Receiving broadcast android.intent.action.SCREEN_OFF seq=-1 to com.android.nfc.NfcService$1@dcbc5bb
I/ActivityThread( 3151): Enqueueing broadcast android.intent.action.SCREEN_OFF seq=-1 to com.android.nfc.NfcService$1@dcbc5bb
I/ActivityThread( 3151): Dispatching broadcast android.intent.action.SCREEN_OFF seq=-1 to com.android.nfc.NfcService$1@dcbc5bb
I/ActivityThread( 3151):   mRegistered=true mOrderedHint=true
I/ActivityThread( 3151): Finishing broadcast to android.app.LoadedApk$ReceiverDispatcher$InnerReceiver@232509e
V/ActivityManager(  832): Finish receiver: android.os.BinderProxy@69a66c5
V/BroadcastQueue(  832): processNextBroadcast [foreground]: 0 parallel broadcasts; 1 in flight, 0 ordered
V/BroadcastQueue(  832): Delivering ordered [foreground] to registered BroadcastFilter{ca9412e 10081/u0 ReceiverList{85197a9 2713 com.android.launcher3/10081/u0 remote:2019f30}}: BroadcastRecord{6252185 u-1 android.intent.action.SCREEN_OFF}
I/ActivityManager(  832): Changes in ProcessRecord{336fc56 3115:com.android.providers.media.module/u0a100}: 4
I/ActivityManager(  832): Retrieving available item: com.android.server.am.ActivityManagerService$ProcessChangeItem@3935578
I/ActivityManager(  832): *** Enqueueing dispatch processes changed!
I/ActivityManager(  832): Item 3935578 3115:com.android.providers.media.module/u0a100: changes=4 foreground=false type=service source=ProcessRecord{5ac61cd 832:system/1000} target=ComponentInfo{com.android.providers.media.module/com.android.providers.media.fuse.ExternalStorageServiceImpl} capability=15
I/ActivityManager(  832): Changes in ProcessRecord{a0d6c45 2983:android.ext.services/u0a101}: 4
I/ActivityManager(  832): Retrieving available item: com.android.server.am.ActivityManagerService$ProcessChangeItem@1f39f80
I/ActivityManager(  832): Item 1f39f80 2983:android.ext.services/u0a101: changes=4 foreground=false type=service source=ProcessRecord{5ac61cd 832:system/1000} target=ComponentInfo{android.ext.services/android.ext.services.autofill.InlineSuggestionRenderServiceImpl} capability=15
I/ActivityManager(  832): Changes in ProcessRecord{180e1ab 3151:com.android.nfc/1027}: 4
I/ActivityManager(  832): *** Delivering 2 process changes
I/ActivityManager(  832): Retrieving available item: com.android.server.am.ActivityManagerService$ProcessChangeItem@1f39f80
I/ActivityManager(  832): *** Enqueueing dispatch processes changed!
I/ActivityManager(  832): Item 1f39f80 3151:com.android.nfc/1027: changes=4 foreground=false type=fixed source=null target=null capability=15
I/ActivityManager(  832): Changes in ProcessRecord{2428930 2667:com.android.networkstack.process/1073}: 4
I/ActivityManager(  832): Retrieving available item: com.android.server.am.ActivityManagerService$ProcessChangeItem@3935578
I/ActivityManager(  832): Item 3935578 2667:com.android.networkstack.process/1073: changes=4 foreground=false type=fixed source=null target=null capability=15
I/ActivityManager(  832): Changes in ProcessRecord{6c79b1d 2420:com.android.systemui/u0a86}: 4
I/ActivityManager(  832): Retrieving available item: com.android.server.am.ActivityManagerService$ProcessChangeItem@ae48055
I/ActivityManager(  832): Item ae48055 2420:com.android.systemui/u0a86: changes=4 foreground=false type=fixed source=null target=null capability=15
I/ActivityManager(  832): Changes in ProcessRecord{5ac61cd 832:system/1000}: 4
I/ActivityManager(  832): Retrieving available item: com.android.server.am.ActivityManagerService$ProcessChangeItem@c8bb5b7
I/ActivityManager(  832): Item c8bb5b7 832:system/1000: changes=4 foreground=false type=fixed source=null target=null capability=15
I/BroadcastQueue(  832): Delivering to BroadcastFilter{ca9412e 10081/u0 ReceiverList{85197a9 2713 com.android.launcher3/10081/u0 remote:2019f30}} : BroadcastRecord{6252185 u-1 android.intent.action.SCREEN_OFF}
I/ActivityManager(  832): *** Delivering 4 process changes
I/ActivityThread( 2713): Receiving broadcast android.intent.action.SCREEN_OFF seq=-1 to com.android.launcher3.Launcher$6@6340566
I/ActivityThread( 2713): Enqueueing broadcast android.intent.action.SCREEN_OFF seq=-1 to com.android.launcher3.Launcher$6@6340566
I/ActivityThread( 2713): Dispatching broadcast android.intent.action.SCREEN_OFF seq=-1 to com.android.launcher3.Launcher$6@6340566
I/ActivityThread( 2713):   mRegistered=true mOrderedHint=true
I/ActivityThread( 2713): Finishing broadcast to android.app.LoadedApk$ReceiverDispatcher$InnerReceiver@3153a48
V/ActivityManager(  832): Finish receiver: android.os.BinderProxy@2019f30
V/BroadcastQueue(  832): processNextBroadcast [foreground]: 0 parallel broadcasts; 1 in flight, 0 ordered
V/BroadcastQueue(  832): Delivering ordered [foreground] to registered BroadcastFilter{3830ddd 10081/u0 ReceiverList{79afdb4 2713 com.android.launcher3/10081/u0 remote:295fa87}}: BroadcastRecord{6252185 u-1 android.intent.action.SCREEN_OFF}
I/ActivityManager(  832): Changes in ProcessRecord{336fc56 3115:com.android.providers.media.module/u0a100}: 4
I/ActivityManager(  832): Retrieving available item: com.android.server.am.ActivityManagerService$ProcessChangeItem@c8bb5b7
I/ActivityManager(  832): *** Enqueueing dispatch processes changed!
I/ActivityManager(  832): Item c8bb5b7 3115:com.android.providers.media.module/u0a100: changes=4 foreground=false type=service source=ProcessRecord{5ac61cd 832:system/1000} target=ComponentInfo{com.android.providers.media.module/com.android.providers.media.fuse.ExternalStorageServiceImpl} capability=15
I/ActivityManager(  832): Changes in ProcessRecord{a0d6c45 2983:android.ext.services/u0a101}: 4
I/ActivityManager(  832): Retrieving available item: com.android.server.am.ActivityManagerService$ProcessChangeItem@ae48055
I/ActivityManager(  832): *** Delivering 2 process changes
I/ActivityManager(  832): Item ae48055 2983:android.ext.services/u0a101: changes=4 foreground=false type=service source=ProcessRecord{5ac61cd 832:system/1000} target=ComponentInfo{android.ext.services/android.ext.services.autofill.InlineSuggestionRenderServiceImpl} capability=15
I/ActivityManager(  832): Changes in ProcessRecord{2428930 2667:com.android.networkstack.process/1073}: 4
I/ActivityManager(  832): Retrieving available item: com.android.server.am.ActivityManagerService$ProcessChangeItem@ae48055
I/ActivityManager(  832): *** Enqueueing dispatch processes changed!
I/ActivityManager(  832): Item ae48055 2667:com.android.networkstack.process/1073: changes=4 foreground=false type=fixed source=null target=null capability=15
I/ActivityManager(  832): Changes in ProcessRecord{6c79b1d 2420:com.android.systemui/u0a86}: 4
I/ActivityManager(  832): Retrieving available item: com.android.server.am.ActivityManagerService$ProcessChangeItem@c8bb5b7
I/ActivityManager(  832): Item c8bb5b7 2420:com.android.systemui/u0a86: changes=4 foreground=false type=fixed source=null target=null capability=15
I/ActivityManager(  832): Changes in ProcessRecord{5ac61cd 832:system/1000}: 4
I/ActivityManager(  832): Retrieving available item: com.android.server.am.ActivityManagerService$ProcessChangeItem@3935578
I/ActivityManager(  832): Item 3935578 832:system/1000: changes=4 foreground=false type=fixed source=null target=null capability=15
I/BroadcastQueue(  832): Delivering to BroadcastFilter{3830ddd 10081/u0 ReceiverList{79afdb4 2713 com.android.launcher3/10081/u0 remote:295fa87}} : BroadcastRecord{6252185 u-1 android.intent.action.SCREEN_OFF}
I/ActivityManager(  832): *** Delivering 3 process changes
I/ActivityThread( 2713): Receiving broadcast android.intent.action.SCREEN_OFF seq=-1 to com.android.launcher3.graphics.SysUiScrim$3@82c0fee
I/ActivityThread( 2713): Enqueueing broadcast android.intent.action.SCREEN_OFF seq=-1 to com.android.launcher3.graphics.SysUiScrim$3@82c0fee
I/ActivityThread( 2713): Dispatching broadcast android.intent.action.SCREEN_OFF seq=-1 to com.android.launcher3.graphics.SysUiScrim$3@82c0fee
I/ActivityThread( 2713):   mRegistered=true mOrderedHint=true
I/ActivityThread( 2713): Finishing broadcast to android.app.LoadedApk$ReceiverDispatcher$InnerReceiver@e304e06
V/ActivityManager(  832): Finish receiver: android.os.BinderProxy@295fa87
V/BroadcastQueue(  832): processNextBroadcast [foreground]: 0 parallel broadcasts; 1 in flight, 0 ordered
I/BroadcastQueue(  832): Finishing broadcast [foreground] android.intent.action.SCREEN_OFF app=ProcessRecord{5ac61cd 832:system/1000}
I/ActivityThread(  832): Receiving broadcast android.intent.action.SCREEN_OFF seq=-1 to com.android.server.power.Notifier$3@fce205e
I/ActivityThread(  832): Enqueueing broadcast android.intent.action.SCREEN_OFF seq=-1 to com.android.server.power.Notifier$3@fce205e
V/BroadcastQueue(  832): Cancelling BROADCAST_TIMEOUT_MSG
V/BroadcastQueue(  832): Finished with ordered broadcast BroadcastRecord{6252185 u-1 android.intent.action.SCREEN_OFF}
I/ActivityManager(  832): Changes in ProcessRecord{336fc56 3115:com.android.providers.media.module/u0a100}: 4
I/ActivityManager(  832): Retrieving available item: com.android.server.am.ActivityManagerService$ProcessChangeItem@3935578
I/ActivityManager(  832): *** Enqueueing dispatch processes changed!
I/ActivityManager(  832): Item 3935578 3115:com.android.providers.media.module/u0a100: changes=4 foreground=false type=service source=ProcessRecord{5ac61cd 832:system/1000} target=ComponentInfo{com.android.providers.media.module/com.android.providers.media.fuse.ExternalStorageServiceImpl} capability=15
I/ActivityManager(  832): Changes in ProcessRecord{a0d6c45 2983:android.ext.services/u0a101}: 4
I/ActivityManager(  832): Retrieving available item: com.android.server.am.ActivityManagerService$ProcessChangeItem@c8bb5b7
I/ActivityManager(  832): Item c8bb5b7 2983:android.ext.services/u0a101: changes=4 foreground=false type=service source=ProcessRecord{5ac61cd 832:system/1000} target=ComponentInfo{android.ext.services/android.ext.services.autofill.InlineSuggestionRenderServiceImpl} capability=15
I/ActivityManager(  832): Changes in ProcessRecord{2428930 2667:com.android.networkstack.process/1073}: 4
I/ActivityManager(  832): Retrieving available item: com.android.server.am.ActivityManagerService$ProcessChangeItem@ae48055
I/ActivityManager(  832): Item ae48055 2667:com.android.networkstack.process/1073: changes=4 foreground=false type=fixed source=null target=null capability=15
I/ActivityManager(  832): Changes in ProcessRecord{6c79b1d 2420:com.android.systemui/u0a86}: 4
I/ActivityManager(  832): Retrieving available item: com.android.server.am.ActivityManagerService$ProcessChangeItem@1f39f80
I/ActivityManager(  832): Item 1f39f80 2420:com.android.systemui/u0a86: changes=4 foreground=false type=fixed source=null target=null capability=15
I/ActivityManager(  832): Changes in ProcessRecord{5ac61cd 832:system/1000}: 4
I/ActivityManager(  832): Retrieving available item: com.android.server.am.ActivityManagerService$ProcessChangeItem@e4a27a9
I/ActivityManager(  832): Item e4a27a9 832:system/1000: changes=4 foreground=false type=fixed source=null target=null capability=15
I/ActivityThread(  832): Dispatching broadcast android.intent.action.SCREEN_OFF seq=-1 to com.android.server.power.Notifier$3@fce205e
I/ActivityThread(  832):   mRegistered=false mOrderedHint=false
I/ActivityManager(  832): *** Delivering 5 process changes
V/ActivityManager(  832): Broadcast: Intent { act=com.android.internal.policy.impl.PhoneWindowManager.DELAYED_KEYGUARD flg=0x10000010 pkg=com.android.systemui (has extras) } ordered=true userid=0
V/ActivityManager(  832): Enqueueing broadcast: com.android.internal.policy.impl.PhoneWindowManager.DELAYED_KEYGUARD replacePending=false
I/ActivityManager(  832): Broadcast intent Intent { act=com.android.internal.policy.impl.PhoneWindowManager.DELAYED_KEYGUARD flg=0x10000010 pkg=com.android.systemui (has extras) } on foreground queue
V/ActivityManager(  832): Enqueueing ordered broadcast BroadcastRecord{195fba6 u0 com.android.internal.policy.impl.PhoneWindowManager.DELAYED_KEYGUARD}
V/BroadcastQueue(  832): Schedule broadcasts [foreground]: current=false
V/BroadcastQueue(  832): Received BROADCAST_INTENT_MSG [foreground]
V/BroadcastQueue(  832): processNextBroadcast [foreground]: 0 parallel broadcasts; 1 ordered
I/BroadcastDispatcher(  832): Next broadcast from main queue: BroadcastRecord{195fba6 u0 com.android.internal.policy.impl.PhoneWindowManager.DELAYED_KEYGUARD}
V/BroadcastQueue(  832): Processing ordered broadcast [foreground] BroadcastRecord{195fba6 u0 com.android.internal.policy.impl.PhoneWindowManager.DELAYED_KEYGUARD}
V/BroadcastQueue(  832): Submitting BROADCAST_TIMEOUT_MSG [foreground] for BroadcastRecord{195fba6 u0 com.android.internal.policy.impl.PhoneWindowManager.DELAYED_KEYGUARD} at 2384138
V/BroadcastQueue(  832): Delivering ordered [foreground] to registered BroadcastFilter{93fbef0 10086/u0 ReceiverList{2544b33 2420 com.android.systemui/10086/u0 remote:a9c22a2}}: BroadcastRecord{195fba6 u0 com.android.internal.policy.impl.PhoneWindowManager.DELAYED_KEYGUARD}
I/ActivityManager(  832): Changes in ProcessRecord{336fc56 3115:com.android.providers.media.module/u0a100}: 4
I/ActivityManager(  832): Retrieving available item: com.android.server.am.ActivityManagerService$ProcessChangeItem@e4a27a9
I/ActivityManager(  832): *** Enqueueing dispatch processes changed!
I/ActivityManager(  832): Item e4a27a9 3115:com.android.providers.media.module/u0a100: changes=4 foreground=false type=service source=ProcessRecord{5ac61cd 832:system/1000} target=ComponentInfo{com.android.providers.media.module/com.android.providers.media.fuse.ExternalStorageServiceImpl} capability=15
I/ActivityManager(  832): *** Delivering 1 process changes
I/ActivityManager(  832): Changes in ProcessRecord{a0d6c45 2983:android.ext.services/u0a101}: 4
I/ActivityManager(  832): Retrieving available item: com.android.server.am.ActivityManagerService$ProcessChangeItem@e4a27a9
I/ActivityManager(  832): *** Enqueueing dispatch processes changed!
I/ActivityManager(  832): Item e4a27a9 2983:android.ext.services/u0a101: changes=4 foreground=false type=service source=ProcessRecord{5ac61cd 832:system/1000} target=ComponentInfo{android.ext.services/android.ext.services.autofill.InlineSuggestionRenderServiceImpl} capability=15
I/ActivityManager(  832): Changes in ProcessRecord{2428930 2667:com.android.networkstack.process/1073}: 4
I/ActivityManager(  832): Retrieving available item: com.android.server.am.ActivityManagerService$ProcessChangeItem@1f39f80
I/ActivityManager(  832): Item 1f39f80 2667:com.android.networkstack.process/1073: changes=4 foreground=false type=fixed source=null target=null capability=15
I/ActivityManager(  832): *** Delivering 2 process changes
I/ActivityManager(  832): Changes in ProcessRecord{6c79b1d 2420:com.android.systemui/u0a86}: 4
I/ActivityManager(  832): Retrieving available item: com.android.server.am.ActivityManagerService$ProcessChangeItem@1f39f80
I/ActivityManager(  832): *** Enqueueing dispatch processes changed!
I/ActivityManager(  832): Item 1f39f80 2420:com.android.systemui/u0a86: changes=4 foreground=false type=fixed source=null target=null capability=15
I/ActivityManager(  832): *** Delivering 1 process changes
I/ActivityManager(  832): Changes in ProcessRecord{5ac61cd 832:system/1000}: 4
I/ActivityManager(  832): Retrieving available item: com.android.server.am.ActivityManagerService$ProcessChangeItem@1f39f80
I/ActivityManager(  832): *** Enqueueing dispatch processes changed!
I/ActivityManager(  832): Item 1f39f80 832:system/1000: changes=4 foreground=false type=fixed source=null target=null capability=15
I/ActivityManager(  832): *** Delivering 1 process changes
I/BroadcastQueue(  832): Delivering to BroadcastFilter{93fbef0 10086/u0 ReceiverList{2544b33 2420 com.android.systemui/10086/u0 remote:a9c22a2}} : BroadcastRecord{195fba6 u0 com.android.internal.policy.impl.PhoneWindowManager.DELAYED_KEYGUARD}
I/ActivityThread( 2420): Receiving broadcast com.android.internal.policy.impl.PhoneWindowManager.DELAYED_KEYGUARD seq=13 to com.android.systemui.keyguard.KeyguardViewMediator$8@60a812a
I/ActivityThread( 2420): Enqueueing broadcast com.android.internal.policy.impl.PhoneWindowManager.DELAYED_KEYGUARD seq=13 to com.android.systemui.keyguard.KeyguardViewMediator$8@60a812a
I/ActivityThread( 2420): Dispatching broadcast com.android.internal.policy.impl.PhoneWindowManager.DELAYED_KEYGUARD seq=13 to com.android.systemui.keyguard.KeyguardViewMediator$8@60a812a
I/ActivityThread( 2420):   mRegistered=true mOrderedHint=true
I/ActivityThread( 2420): Finishing broadcast to android.app.LoadedApk$ReceiverDispatcher$InnerReceiver@1a82787
V/ActivityManager(  832): Finish receiver: android.os.BinderProxy@a9c22a2
V/BroadcastQueue(  832): processNextBroadcast [foreground]: 0 parallel broadcasts; 1 in flight, 0 ordered
I/BroadcastQueue(  832): Finishing broadcast [foreground] com.android.internal.policy.impl.PhoneWindowManager.DELAYED_KEYGUARD app=null
V/BroadcastQueue(  832): Cancelling BROADCAST_TIMEOUT_MSG
V/BroadcastQueue(  832): Finished with ordered broadcast BroadcastRecord{195fba6 u0 com.android.internal.policy.impl.PhoneWindowManager.DELAYED_KEYGUARD}
I/ActivityManager(  832): Changes in ProcessRecord{336fc56 3115:com.android.providers.media.module/u0a100}: 4
I/ActivityManager(  832): Retrieving available item: com.android.server.am.ActivityManagerService$ProcessChangeItem@1f39f80
I/ActivityManager(  832): *** Enqueueing dispatch processes changed!
I/ActivityManager(  832): *** Delivering 1 process changes
I/ActivityManager(  832): Item 1f39f80 3115:com.android.providers.media.module/u0a100: changes=4 foreground=false type=service source=ProcessRecord{5ac61cd 832:system/1000} target=ComponentInfo{com.android.providers.media.module/com.android.providers.media.fuse.ExternalStorageServiceImpl} capability=15
I/ActivityManager(  832): Changes in ProcessRecord{a0d6c45 2983:android.ext.services/u0a101}: 4
I/ActivityManager(  832): Retrieving available item: com.android.server.am.ActivityManagerService$ProcessChangeItem@1f39f80
I/ActivityManager(  832): *** Enqueueing dispatch processes changed!
I/ActivityManager(  832): Item 1f39f80 2983:android.ext.services/u0a101: changes=4 foreground=false type=service source=ProcessRecord{5ac61cd 832:system/1000} target=ComponentInfo{android.ext.services/android.ext.services.autofill.InlineSuggestionRenderServiceImpl} capability=15
I/ActivityManager(  832): *** Delivering 1 process changes
I/ActivityManager(  832): Changes in ProcessRecord{2428930 2667:com.android.networkstack.process/1073}: 4
I/ActivityManager(  832): Retrieving available item: com.android.server.am.ActivityManagerService$ProcessChangeItem@1f39f80
I/ActivityManager(  832): *** Enqueueing dispatch processes changed!
I/ActivityManager(  832): *** Delivering 1 process changes
I/ActivityManager(  832): Item 1f39f80 2667:com.android.networkstack.process/1073: changes=4 foreground=false type=fixed source=null target=null capability=15
I/ActivityManager(  832): Changes in ProcessRecord{6c79b1d 2420:com.android.systemui/u0a86}: 4
I/ActivityManager(  832): Retrieving available item: com.android.server.am.ActivityManagerService$ProcessChangeItem@1f39f80
I/ActivityManager(  832): *** Enqueueing dispatch processes changed!
I/ActivityManager(  832): Item 1f39f80 2420:com.android.systemui/u0a86: changes=4 foreground=false type=fixed source=null target=null capability=15
I/ActivityManager(  832): *** Delivering 1 process changes
I/ActivityManager(  832): Changes in ProcessRecord{5ac61cd 832:system/1000}: 4
I/ActivityManager(  832): Retrieving available item: com.android.server.am.ActivityManagerService$ProcessChangeItem@1f39f80
I/ActivityManager(  832): *** Enqueueing dispatch processes changed!
I/ActivityManager(  832): Item 1f39f80 832:system/1000: changes=4 foreground=false type=fixed source=null target=null capability=15
I/ActivityManager(  832): *** Delivering 1 process changes
I/ActivityThread( 2420): ******************* PROCESS STATE CHANGED TO: 1 (from ipc
V/ActivityManager(  832): Register receiver android.content.IntentFilter@7ece9e7: null
V/KeyguardStatusViewController( 2420): refresh statusview showing:true
D/ActivityManager(  832): checkAllowBackground: uid=1000 pkg=android rec=UidRecord{4a07a0e 1000 PER  change:procadj procs:0 seq(13416,4677)} always=false idle=false
W/WindowManager(  832): Changing focus from null to Window{1651cd4 u0 NotificationShade} displayId=0 Callers=com.android.server.wm.RootWindowContainer.updateFocusedWindowLocked:476 com.android.server.wm.WindowManagerService.updateFocusedWindowLocked:6061 com.android.server.wm.WindowManagerService.relayoutWindow:2496 com.android.server.wm.Session.relayout:267 
I/WindowManager(  832): Relayout Window{1651cd4 u0 NotificationShade}: oldVis=4 newVis=0 focusMayChange = true requestedWidth = 480 requestedHeight = 800 outFrames = ClientWindowFrames{frame=[0,0][480,800] display=[0,0][480,800] parentFrame=[0,0][0,0] parentClippedByDisplayCutout=false} outSurfaceControl = Surface(name=NotificationShade)/@0x7d32edf
V/ActivityManager(  832): Register receiver android.content.IntentFilter@cad172c: null
I/ActivityThread( 2420): ******************* PROCESS STATE CHANGED TO: 5 (from ipc
V/ActivityManager(  832): Broadcast sticky: Intent { act=android.intent.action.BATTERY_CHANGED flg=0x60000010 (has extras) } ordered=false userid=-1
V/ActivityManager(  832): Enqueueing broadcast: android.intent.action.BATTERY_CHANGED replacePending=true
I/ActivityManager(  832): Broadcast intent Intent { act=android.intent.action.BATTERY_CHANGED flg=0x60000010 (has extras) } on background queue
V/ActivityManager(  832): Enqueueing parallel broadcast BroadcastRecord{cae1ad7 u-1 android.intent.action.BATTERY_CHANGED}
V/BroadcastQueue(  832): Schedule broadcasts [background]: current=false
V/BroadcastQueue(  832): Received BROADCAST_INTENT_MSG [background]
V/BroadcastQueue(  832): processNextBroadcast [background]: 1 parallel broadcasts; 0 ordered
V/BroadcastQueue(  832): Processing parallel broadcast [background] BroadcastRecord{cae1ad7 u-1 android.intent.action.BATTERY_CHANGED}
V/BroadcastQueue(  832): Delivering non-ordered on [background] to registered BroadcastFilter{219656c 1000/u0 ReceiverList{3a2ce1f 832 system/1000/u0 local:5506dbe}}: BroadcastRecord{cae1ad7 u-1 android.intent.action.BATTERY_CHANGED}
I/BroadcastQueue(  832): Delivering to BroadcastFilter{219656c 1000/u0 ReceiverList{3a2ce1f 832 system/1000/u0 local:5506dbe}} : BroadcastRecord{cae1ad7 u-1 android.intent.action.BATTERY_CHANGED}
I/ActivityThread(  832): Receiving broadcast android.intent.action.BATTERY_CHANGED seq=76 to com.android.server.power.PowerManagerService$BatteryReceiver@1663540
I/ActivityThread(  832): Enqueueing broadcast android.intent.action.BATTERY_CHANGED seq=76 to com.android.server.power.PowerManagerService$BatteryReceiver@1663540
I/ActivityThread(  832): Dispatching broadcast android.intent.action.BATTERY_CHANGED seq=76 to com.android.server.power.PowerManagerService$BatteryReceiver@1663540
I/ActivityThread(  832):   mRegistered=true mOrderedHint=false
V/BroadcastQueue(  832): Delivering non-ordered on [background] to registered BroadcastFilter{4e7c12c 1000/u0 ReceiverList{b0640df 832 system/1000/u0 local:6a2f37e}}: BroadcastRecord{cae1ad7 u-1 android.intent.action.BATTERY_CHANGED}
I/BroadcastQueue(  832): Delivering to BroadcastFilter{4e7c12c 1000/u0 ReceiverList{b0640df 832 system/1000/u0 local:6a2f37e}} : BroadcastRecord{cae1ad7 u-1 android.intent.action.BATTERY_CHANGED}
I/ActivityThread(  832): Receiving broadcast android.intent.action.BATTERY_CHANGED seq=76 to com.android.server.CachedDeviceStateService$1@5325500
I/ActivityThread(  832): Enqueueing broadcast android.intent.action.BATTERY_CHANGED seq=76 to com.android.server.CachedDeviceStateService$1@5325500
I/ActivityThread(  832): Dispatching broadcast android.intent.action.BATTERY_CHANGED seq=76 to com.android.server.CachedDeviceStateService$1@5325500
I/ActivityThread(  832):   mRegistered=true mOrderedHint=false
V/BroadcastQueue(  832): Delivering non-ordered on [background] to registered BroadcastFilter{42981f0 1000/u0 ReceiverList{18f3a33 832 system/1000/u0 local:d416da2}}: BroadcastRecord{cae1ad7 u-1 android.intent.action.BATTERY_CHANGED}
I/BroadcastQueue(  832): Delivering to BroadcastFilter{42981f0 1000/u0 ReceiverList{18f3a33 832 system/1000/u0 local:d416da2}} : BroadcastRecord{cae1ad7 u-1 android.intent.action.BATTERY_CHANGED}
I/ActivityThread(  832): Receiving broadcast android.intent.action.BATTERY_CHANGED seq=76 to com.android.server.usb.UsbDeviceManager$2@5ced184
I/ActivityThread(  832): Enqueueing broadcast android.intent.action.BATTERY_CHANGED seq=76 to com.android.server.usb.UsbDeviceManager$2@5ced184
I/ActivityThread(  832): Dispatching broadcast android.intent.action.BATTERY_CHANGED seq=76 to com.android.server.usb.UsbDeviceManager$2@5ced184
I/ActivityThread(  832):   mRegistered=true mOrderedHint=false
V/BroadcastQueue(  832): Delivering non-ordered on [background] to registered BroadcastFilter{923a774 1000/u0 ReceiverList{d143347 832 system/1000/u0 local:d10e86}}: BroadcastRecord{cae1ad7 u-1 android.intent.action.BATTERY_CHANGED}
I/BroadcastQueue(  832): Delivering to BroadcastFilter{923a774 1000/u0 ReceiverList{d143347 832 system/1000/u0 local:d10e86}} : BroadcastRecord{cae1ad7 u-1 android.intent.action.BATTERY_CHANGED}
I/ActivityThread(  832): Receiving broadcast android.intent.action.BATTERY_CHANGED seq=76 to com.android.server.power.batterysaver.BatterySaverController$1@362e6c8
I/ActivityThread(  832): Enqueueing broadcast android.intent.action.BATTERY_CHANGED seq=76 to com.android.server.power.batterysaver.BatterySaverController$1@362e6c8
I/ActivityThread(  832): Dispatching broadcast android.intent.action.BATTERY_CHANGED seq=76 to com.android.server.power.batterysaver.BatterySaverController$1@362e6c8
I/ActivityThread(  832):   mRegistered=true mOrderedHint=false
V/BroadcastQueue(  832): Delivering non-ordered on [background] to registered BroadcastFilter{45879ec 1000/u0 ReceiverList{ed7649f 832 system/1000/u0 local:9b74e3e}}: BroadcastRecord{cae1ad7 u-1 android.intent.action.BATTERY_CHANGED}
I/BroadcastQueue(  832): Delivering to BroadcastFilter{45879ec 1000/u0 ReceiverList{ed7649f 832 system/1000/u0 local:9b74e3e}} : BroadcastRecord{cae1ad7 u-1 android.intent.action.BATTERY_CHANGED}
I/ActivityThread(  832): Receiving broadcast android.intent.action.BATTERY_CHANGED seq=76 to com.android.server.UiModeManagerService$3@34501c0
I/ActivityThread(  832): Enqueueing broadcast android.intent.action.BATTERY_CHANGED seq=76 to com.android.server.UiModeManagerService$3@34501c0
I/ActivityThread(  832): Dispatching broadcast android.intent.action.BATTERY_CHANGED seq=76 to com.android.server.UiModeManagerService$3@34501c0
I/ActivityThread(  832):   mRegistered=true mOrderedHint=false
V/BroadcastQueue(  832): Delivering non-ordered on [background] to registered BroadcastFilter{c792ae4 1000/u0 ReceiverList{968de77 832 system/1000/u0 local:d0da876}}: BroadcastRecord{cae1ad7 u-1 android.intent.action.BATTERY_CHANGED}
I/BroadcastQueue(  832): Delivering to BroadcastFilter{c792ae4 1000/u0 ReceiverList{968de77 832 system/1000/u0 local:d0da876}} : BroadcastRecord{cae1ad7 u-1 android.intent.action.BATTERY_CHANGED}
I/ActivityThread(  832): Receiving broadcast android.intent.action.BATTERY_CHANGED seq=76 to com.android.server.AppStateTrackerImpl$3@99a1338
I/ActivityThread(  832): Enqueueing broadcast android.intent.action.BATTERY_CHANGED seq=76 to com.android.server.AppStateTrackerImpl$3@99a1338
I/ActivityThread(  832): Dispatching broadcast android.intent.action.BATTERY_CHANGED seq=76 to com.android.server.AppStateTrackerImpl$3@99a1338
I/ActivityThread(  832):   mRegistered=true mOrderedHint=false
V/BroadcastQueue(  832): Delivering non-ordered on [background] to registered BroadcastFilter{327256f 1000/u0 ReceiverList{97d504e 832 system/1000/u0 local:ffdef49}}: BroadcastRecord{cae1ad7 u-1 android.intent.action.BATTERY_CHANGED}
I/BroadcastQueue(  832): Delivering to BroadcastFilter{327256f 1000/u0 ReceiverList{97d504e 832 system/1000/u0 local:ffdef49}} : BroadcastRecord{cae1ad7 u-1 android.intent.action.BATTERY_CHANGED}
I/ActivityThread(  832): Receiving broadcast android.intent.action.BATTERY_CHANGED seq=76 to com.android.server.DeviceIdleController$1@582eb13
I/ActivityThread(  832): Enqueueing broadcast android.intent.action.BATTERY_CHANGED seq=76 to com.android.server.DeviceIdleController$1@582eb13
I/ActivityThread(  832): Dispatching broadcast android.intent.action.BATTERY_CHANGED seq=76 to com.android.server.DeviceIdleController$1@582eb13
I/ActivityThread(  832):   mRegistered=true mOrderedHint=false
V/BroadcastQueue(  832): Delivering non-ordered on [background] to registered BroadcastFilter{847b949 10086/u0 ReceiverList{b9ac350 2420 com.android.systemui/10086/u0 remote:6a12513}}: BroadcastRecord{cae1ad7 u-1 android.intent.action.BATTERY_CHANGED}
I/BroadcastQueue(  832): Delivering to BroadcastFilter{847b949 10086/u0 ReceiverList{b9ac350 2420 com.android.systemui/10086/u0 remote:6a12513}} : BroadcastRecord{cae1ad7 u-1 android.intent.action.BATTERY_CHANGED}
V/BroadcastQueue(  832): Delivering non-ordered on [background] to registered BroadcastFilter{5049f1f 1000/u0 ReceiverList{4c2e2be 832 system/1000/u0 local:2cd8579}}: BroadcastRecord{cae1ad7 u-1 android.intent.action.BATTERY_CHANGED}
I/ActivityThread( 2420): Receiving broadcast android.intent.action.BATTERY_CHANGED seq=76 to com.android.systemui.broadcast.ActionReceiver@38dec53
I/ActivityThread( 2420): Enqueueing broadcast android.intent.action.BATTERY_CHANGED seq=76 to com.android.systemui.broadcast.ActionReceiver@38dec53
I/BroadcastQueue(  832): Delivering to BroadcastFilter{5049f1f 1000/u0 ReceiverList{4c2e2be 832 system/1000/u0 local:2cd8579}} : BroadcastRecord{cae1ad7 u-1 android.intent.action.BATTERY_CHANGED}
I/ActivityThread(  832): Receiving broadcast android.intent.action.BATTERY_CHANGED seq=76 to com.mediatek.location.lppe.main.LPPeService$2@62329c3
I/ActivityThread( 2420): Dispatching broadcast android.intent.action.BATTERY_CHANGED seq=76 to com.android.systemui.broadcast.ActionReceiver@38dec53
I/ActivityThread( 2420):   mRegistered=true mOrderedHint=false
I/ActivityThread(  832): Enqueueing broadcast android.intent.action.BATTERY_CHANGED seq=76 to com.mediatek.location.lppe.main.LPPeService$2@62329c3
I/ActivityThread(  832): Dispatching broadcast android.intent.action.BATTERY_CHANGED seq=76 to com.mediatek.location.lppe.main.LPPeService$2@62329c3
I/ActivityThread(  832):   mRegistered=true mOrderedHint=false
V/BroadcastQueue(  832): Done with parallel broadcast [background] BroadcastRecord{cae1ad7 u-1 android.intent.action.BATTERY_CHANGED}
D/ActivityManager(  832): checkAllowBackground: uid=1000 pkg=android rec=UidRecord{4a07a0e 1000 PER  change:procadj procs:0 seq(13416,4677)} always=false idle=false
D/ActivityManager(  832): checkAllowBackground: uid=1000 pkg=android rec=UidRecord{4a07a0e 1000 PER  change:procadj procs:0 seq(13416,4677)} always=false idle=false
V/ActivityManager(  832): Broadcast: Intent { act=android.intent.action.TIME_TICK flg=0x50200010 } ordered=false userid=-1
V/ActivityManager(  832): Enqueueing broadcast: android.intent.action.TIME_TICK replacePending=false
I/ActivityManager(  832): Broadcast intent Intent { act=android.intent.action.TIME_TICK flg=0x50200010 } on foreground queue
V/ActivityManager(  832): Enqueueing parallel broadcast BroadcastRecord{b991fc4 u-1 android.intent.action.TIME_TICK}
V/BroadcastQueue(  832): Schedule broadcasts [foreground]: current=false
V/BroadcastQueue(  832): Received BROADCAST_INTENT_MSG [foreground]
V/BroadcastQueue(  832): processNextBroadcast [foreground]: 1 parallel broadcasts; 0 ordered
V/BroadcastQueue(  832): Processing parallel broadcast [foreground] BroadcastRecord{b991fc4 u-1 android.intent.action.TIME_TICK}
V/BroadcastQueue(  832): Delivering non-ordered on [foreground] to registered BroadcastFilter{6a07d44 10086/u0 ReceiverList{aea7e57 2420 com.android.systemui/10086/u0 remote:bd45bd6}}: BroadcastRecord{b991fc4 u-1 android.intent.action.TIME_TICK}
I/BroadcastQueue(  832): Delivering to BroadcastFilter{6a07d44 10086/u0 ReceiverList{aea7e57 2420 com.android.systemui/10086/u0 remote:bd45bd6}} : BroadcastRecord{b991fc4 u-1 android.intent.action.TIME_TICK}
V/BroadcastQueue(  832): Delivering non-ordered on [foreground] to registered BroadcastFilter{d9083a0 10086/u-1 ReceiverList{def74a3 2420 com.android.systemui/10086/u-1 remote:fcd4bd2}}: BroadcastRecord{b991fc4 u-1 android.intent.action.TIME_TICK}
I/BroadcastQueue(  832): Delivering to BroadcastFilter{d9083a0 10086/u-1 ReceiverList{def74a3 2420 com.android.systemui/10086/u-1 remote:fcd4bd2}} : BroadcastRecord{b991fc4 u-1 android.intent.action.TIME_TICK}
I/ActivityThread( 2420): Receiving broadcast android.intent.action.TIME_TICK seq=-1 to com.android.systemui.broadcast.ActionReceiver@aa869c1
I/ActivityThread( 2420): Enqueueing broadcast android.intent.action.TIME_TICK seq=-1 to com.android.systemui.broadcast.ActionReceiver@aa869c1
I/ActivityThread( 2420): Receiving broadcast android.intent.action.TIME_TICK seq=-1 to com.android.systemui.broadcast.ActionReceiver@b786fef
I/ActivityThread( 2420): Enqueueing broadcast android.intent.action.TIME_TICK seq=-1 to com.android.systemui.broadcast.ActionReceiver@b786fef
V/BroadcastQueue(  832): Delivering non-ordered on [foreground] to registered BroadcastFilter{3c3ccc3 10086/u0 ReceiverList{8997072 2420 com.android.systemui/10086/u0 remote:99ba97d}}: BroadcastRecord{b991fc4 u-1 android.intent.action.TIME_TICK}
I/BroadcastQueue(  832): Delivering to BroadcastFilter{3c3ccc3 10086/u0 ReceiverList{8997072 2420 com.android.systemui/10086/u0 remote:99ba97d}} : BroadcastRecord{b991fc4 u-1 android.intent.action.TIME_TICK}
I/ActivityThread( 2420): Receiving broadcast android.intent.action.TIME_TICK seq=-1 to android.widget.DateTimeView$ReceiverInfo$1@96b9f95
I/ActivityThread( 2420): Enqueueing broadcast android.intent.action.TIME_TICK seq=-1 to android.widget.DateTimeView$ReceiverInfo$1@96b9f95
V/BroadcastQueue(  832): Done with parallel broadcast [foreground] BroadcastRecord{b991fc4 u-1 android.intent.action.TIME_TICK}
V/ActivityManager(  832): Broadcast: Intent { act=com.android.server.action.NETWORK_STATS_POLL flg=0x10 } ordered=true userid=0
I/ActivityThread( 2420): Dispatching broadcast android.intent.action.TIME_TICK seq=-1 to android.widget.DateTimeView$ReceiverInfo$1@96b9f95
I/ActivityThread( 2420):   mRegistered=true mOrderedHint=false
V/ActivityManager(  832): Enqueueing broadcast: com.android.server.action.NETWORK_STATS_POLL replacePending=false
I/ActivityManager(  832): Broadcast intent Intent { act=com.android.server.action.NETWORK_STATS_POLL flg=0x10 } on background queue
V/ActivityManager(  832): Enqueueing ordered broadcast BroadcastRecord{d786ead u0 com.android.server.action.NETWORK_STATS_POLL}
V/BroadcastQueue(  832): Schedule broadcasts [background]: current=false
V/BroadcastQueue(  832): Received BROADCAST_INTENT_MSG [background]
V/BroadcastQueue(  832): processNextBroadcast [background]: 0 parallel broadcasts; 1 ordered
I/BroadcastDispatcher(  832): Next broadcast from main queue: BroadcastRecord{d786ead u0 com.android.server.action.NETWORK_STATS_POLL}
V/BroadcastQueue(  832): Processing ordered broadcast [background] BroadcastRecord{d786ead u0 com.android.server.action.NETWORK_STATS_POLL}
V/BroadcastQueue(  832): Submitting BROADCAST_TIMEOUT_MSG [background] for BroadcastRecord{d786ead u0 com.android.server.action.NETWORK_STATS_POLL} at 2436114
V/BroadcastQueue(  832): Delivering ordered [background] to registered BroadcastFilter{edcb793 1000/u0 ReceiverList{94b0482 832 system/1000/u0 local:225c3cd}}: BroadcastRecord{d786ead u0 com.android.server.action.NETWORK_STATS_POLL}
I/ActivityThread( 2420): Dispatching broadcast android.intent.action.TIME_TICK seq=-1 to com.android.systemui.broadcast.ActionReceiver@aa869c1
I/ActivityThread( 2420):   mRegistered=true mOrderedHint=false
I/ActivityManager(  832): Changes in ProcessRecord{173a481 2713:com.android.launcher3/u0a81}: 4
I/ActivityManager(  832): Retrieving available item: com.android.server.am.ActivityManagerService$ProcessChangeItem@1f39f80
I/ActivityManager(  832): *** Enqueueing dispatch processes changed!
I/ActivityManager(  832): Item 1f39f80 2713:com.android.launcher3/u0a81: changes=4 foreground=false type=service source=ProcessRecord{6c79b1d 2420:com.android.systemui/u0a86} target=ComponentInfo{com.android.launcher3/com.android.quickstep.TouchInteractionService} capability=8
I/ActivityManager(  832): Changes in ProcessRecord{336fc56 3115:com.android.providers.media.module/u0a100}: 4
I/ActivityManager(  832): Retrieving available item: com.android.server.am.ActivityManagerService$ProcessChangeItem@e4a27a9
I/ActivityManager(  832): Item e4a27a9 3115:com.android.providers.media.module/u0a100: changes=4 foreground=false type=service source=ProcessRecord{5ac61cd 832:system/1000} target=ComponentInfo{com.android.providers.media.module/com.android.providers.media.fuse.ExternalStorageServiceImpl} capability=15
I/ActivityManager(  832): Changes in ProcessRecord{a0d6c45 2983:android.ext.services/u0a101}: 4
I/ActivityManager(  832): Retrieving available item: com.android.server.am.ActivityManagerService$ProcessChangeItem@ae48055
I/ActivityManager(  832): Item ae48055 2983:android.ext.services/u0a101: changes=4 foreground=false type=service source=ProcessRecord{5ac61cd 832:system/1000} target=ComponentInfo{android.ext.services/android.ext.services.autofill.InlineSuggestionRenderServiceImpl} capability=15
I/ActivityManager(  832): Changes in ProcessRecord{2428930 2667:com.android.networkstack.process/1073}: 4
I/ActivityManager(  832): Retrieving available item: com.android.server.am.ActivityManagerService$ProcessChangeItem@c8bb5b7
I/ActivityManager(  832): Item c8bb5b7 2667:com.android.networkstack.process/1073: changes=4 foreground=false type=fixed source=null target=null capability=15
I/ActivityManager(  832): Changes in ProcessRecord{6c79b1d 2420:com.android.systemui/u0a86}: 4
I/ActivityManager(  832): Retrieving available item: com.android.server.am.ActivityManagerService$ProcessChangeItem@3935578
I/ActivityManager(  832): Item 3935578 2420:com.android.systemui/u0a86: changes=4 foreground=false type=pers-top-ui source=null target=null capability=15
I/ActivityManager(  832): Changes in ProcessRecord{5ac61cd 832:system/1000}: 4
I/ActivityManager(  832): Retrieving available item: com.android.server.am.ActivityManagerService$ProcessChangeItem@d560004
I/ActivityManager(  832): Item d560004 832:system/1000: changes=4 foreground=false type=fixed source=null target=null capability=15
