12-09 06:05:32.220  2705  2705 I sysui_multi_action: [757,744,758,2,1089,2052]
12-09 06:05:32.222  2705  2705 I wm_on_paused_called: [82230668,com.android.settings.SubSettings,performPause]
12-09 06:05:32.225   832  2414 I wm_add_to_stopping: [0,82230668,com.android.settings/.SubSettings,makeInvisible]
12-09 06:05:32.230   832  2414 I wm_restart_activity: [0,64285111,10,com.android.settings/.SubSettings]
12-09 06:05:32.237   832  2414 I wm_set_resumed_activity: [0,com.android.settings/.SubSettings,minimalResumeActivityLocked]
12-09 06:05:32.242   832   849 I sysui_multi_action: [757,803,799,window_time_0,802,2]
12-09 06:05:32.249   832   853 I input_focus: [Requesting to set focus to null window,reason=UpdateInputWindows]
12-09 06:05:32.268   832  2237 I input_focus: [Focus leaving ddf06f9 com.android.settings/com.android.settings.SubSettings (server),reason=Waiting for window because NOT_FOCUSABLE]
12-09 06:05:32.374  2705  2705 I wm_on_create_called: [64285111,com.android.settings.SubSettings,performCreate]
12-09 06:05:32.415  2705  2705 I wm_on_start_called: [64285111,com.android.settings.SubSettings,handleStartActivity]
12-09 06:05:32.416  2705  2705 I snet_event_log: [120484087,-1,]
12-09 06:05:32.422  2705  2705 I wm_on_resume_called: [64285111,com.android.settings.SubSettings,RESUME_ACTIVITY]
12-09 06:05:32.428  2705  2705 I sysui_multi_action: [757,38,758,1,833,744,1089,102]
12-09 06:05:32.444  2705  2774 I sysui_multi_action: [757,853,758,4,854,datetime.DateTimeSettings/auto_time,1089,0]
12-09 06:05:32.458  2705  2705 I sysui_multi_action: [757,1729,758,4,854,isParalleledControllers:false,1089,132]
12-09 06:05:32.482  2705  2705 I wm_on_top_resumed_gained_called: [64285111,com.android.settings.SubSettings,topStateChangedWhenResumed]
12-09 06:05:32.586   832   853 I input_focus: [Focus request 394f13e com.android.settings/com.android.settings.SubSettings,reason=UpdateInputWindows]
12-09 06:05:32.626   832   849 I wm_activity_launch_time: [0,64285111,com.android.settings/.SubSettings,527]
12-09 06:05:32.742   832  2237 I input_focus: [Focus entering 394f13e com.android.settings/com.android.settings.SubSettings (server),reason=Window became focusable. Previous reason: NOT_VISIBLE]
12-09 06:05:33.023  2703  2703 D CapRIL  : resetProxyAndRequestList
12-09 06:05:33.025  2703  2703 E CapRIL  : getMtkRadioExCapProxy getServiceV3_0: java.util.NoSuchElementException
12-09 06:05:33.027  2703  2703 E CapRIL  : getMtkRadioExCapProxy getServiceV2_0: java.util.NoSuchElementException
12-09 06:05:33.028  2703  2703 E CapRIL  : getMtkRadioExCapProxy: is empty
12-09 06:05:33.122   832   852 I wm_stop_activity: [0,82230668,com.android.settings/.SubSettings]
12-09 06:05:33.156  2705  2705 I wm_on_stop_called: [82230668,com.android.settings.SubSettings,STOP_ACTIVITY_ITEM]
12-09 06:05:33.256   832  2237 I input_interaction: Interaction with: 394f13e com.android.settings/com.android.settings.SubSettings (server), PointerEventDispatcher0 (server), 
12-09 06:05:33.380  2705  2705 I sysui_multi_action: [757,830,758,4,833,0,854,auto_time,1089,0]
12-09 06:05:33.599   832   853 I input_focus: [Focus request 9266a23 com.android.settings/com.android.settings.SubSettings,reason=UpdateInputWindows]
12-09 06:05:33.624   832  2237 I input_focus: [Focus leaving 394f13e com.android.settings/com.android.settings.SubSettings (server),reason=Waiting for window because NOT_VISIBLE]
12-09 06:05:33.742   832  2237 I input_focus: [Focus entering 9266a23 com.android.settings/com.android.settings.SubSettings (server),reason=Window became focusable. Previous reason: NOT_VISIBLE]
12-09 06:05:34.239   832  2237 I input_interaction: Interaction with: 9266a23 com.android.settings/com.android.settings.SubSettings (server), PointerEventDispatcher0 (server), 
12-09 06:05:34.585   832   853 I input_focus: [Focus request 394f13e com.android.settings/com.android.settings.SubSettings,reason=UpdateInputWindows]
12-09 06:05:34.596  2705  4209 I sysui_multi_action: [757,853,758,4,854,datetime.DateTimeSettings/auto_time,1089,2]
12-09 06:05:34.608   832  2237 I input_focus: [Focus entering 394f13e com.android.settings/com.android.settings.SubSettings (server),reason=setFocusedWindow]
12-09 06:05:34.795   832  2226 I commit_sys_config_file: [settings-0-0,9]
12-09 06:05:35.446   832  2237 I input_interaction: Interaction with: 394f13e com.android.settings/com.android.settings.SubSettings (server), PointerEventDispatcher0 (server), 
12-09 06:05:36.309  2705  2705 I sysui_multi_action: [757,853,758,4,854,datetime.DateTimeSettings/auto_24hour,1089,0]
12-09 06:05:36.353  2705  2705 I sysui_multi_action: [757,830,758,4,833,0,854,auto_24hour,1089,0]
12-09 06:05:36.454   832  2360 I binder_sample: [android.content.IContentProvider,1,18,system_server,3]
12-09 06:05:36.526   832  2226 I commit_sys_config_file: [settings-1-0,10]
12-09 06:05:36.593  2705  2705 I sysui_multi_action: [757,853,758,4,854,datetime.DateTimeSettings/24 hour,1089,1]
12-09 06:05:36.636  2705  2705 I sysui_multi_action: [757,830,758,4,833,0,854,24 hour,1089,0]
12-09 06:05:36.804   832  2226 I commit_sys_config_file: [settings-1-0,7]
12-09 06:05:37.028  2703  2703 D CapRIL  : resetProxyAndRequestList
12-09 06:05:37.031  2703  2703 E CapRIL  : getMtkRadioExCapProxy getServiceV3_0: java.util.NoSuchElementException
12-09 06:05:37.032  2703  2703 E CapRIL  : getMtkRadioExCapProxy getServiceV2_0: java.util.NoSuchElementException
12-09 06:05:37.033  2703  2703 E CapRIL  : getMtkRadioExCapProxy: is empty
12-09 06:05:37.814  2705  2705 I sysui_multi_action: [757,830,758,4,833,0,854,time,1089,0]
12-09 06:05:38.042  2705  2705 I sysui_multi_action: [757,608,758,1,833,0,1089,217]
12-09 06:05:38.072   832   853 I input_focus: [Focus request 5c8e9ba com.android.settings/com.android.settings.SubSettings,reason=UpdateInputWindows]
12-09 06:05:38.096   832  2237 I input_focus: [Focus leaving 394f13e com.android.settings/com.android.settings.SubSettings (server),reason=Waiting for window because NO_WINDOW]
12-09 06:05:38.268   832  2237 I input_focus: [Focus entering 5c8e9ba com.android.settings/com.android.settings.SubSettings (server),reason=Window became focusable. Previous reason: NOT_VISIBLE]
12-09 06:05:39.447   832  2237 I input_interaction: Interaction with: 5c8e9ba com.android.settings/com.android.settings.SubSettings (server), PointerEventDispatcher0 (server), 
12-09 06:05:40.196   832   892 I commit_sys_config_file: [package-user-0,22]
12-09 06:05:41.034  2703  2703 D CapRIL  : resetProxyAndRequestList
12-09 06:05:41.037  2703  2703 E CapRIL  : getMtkRadioExCapProxy getServiceV3_0: java.util.NoSuchElementException
12-09 06:05:41.038  2703  2703 E CapRIL  : getMtkRadioExCapProxy getServiceV2_0: java.util.NoSuchElementException
12-09 06:05:41.039  2703  2703 E CapRIL  : getMtkRadioExCapProxy: is empty
12-09 06:05:41.476   832   832 I dvm_lock_sample: [system_server,1,main,20,JobSchedulerService.java,2069,void com.android.server.job.JobSchedulerService$JobHandler.handleMessage(android.os.Message),-,1433,int com.android.server.job.JobSchedulerService.getUidBias(int),4]
12-09 15:58:00.010  4241  4241 I auditd  : type=1400 audit(0.0:1085): avc: denied { sys_ptrace } for comm="aee_aedv" capability=19 scontext=u:r:aee_aedv:s0 tcontext=u:r:aee_aedv:s0 tclass=capability permissive=1
12-09 15:58:00.013   832   861 I am_wtf  : [0,832,system_server,-1,LazyAlarmStore,Removed TIME_TICK alarm]
12-09 15:58:00.033  2705  2705 I binder_sample: [android.app.timedetector.ITimeDetectorService,5,32,com.android.settings,6]
12-09 15:58:00.122   832   853 I input_focus: [Focus request 394f13e com.android.settings/com.android.settings.SubSettings,reason=UpdateInputWindows]
12-09 15:58:00.152   832  2237 I input_focus: [Focus entering 394f13e com.android.settings/com.android.settings.SubSettings (server),reason=setFocusedWindow]
12-09 15:58:00.156   832   832 I sysui_multi_action: [757,803,799,dnd_mode_0,802,194015]
12-09 15:58:00.157   832   832 I sysui_multi_action: [757,803,799,dnd_rule_count,802,0]
12-09 15:58:00.157   832   832 I sysui_multi_action: [757,803,799,dnd_type_0,802,194015]
12-09 15:58:00.216  2705  2705 I sysui_multi_action: [757,608,758,2,1089,4954]
12-09 15:58:00.262   832  2218 I dvm_lock_sample: [system_server,0,jobscheduler.bg,30,DeviceIdleController.java,1738,void com.android.server.DeviceIdleController$MyHandler.handleMessage(android.os.Message),-,2922,void com.android.server.DeviceIdleController.addPowerSaveTempWhitelistAppDirectInternal(int, int, long, int, boolean, int, java.lang.String),6]
12-09 15:58:00.303   832  2226 I commit_sys_config_file: [settings-2-0,20]
12-09 15:58:00.373   832  2226 I commit_sys_config_file: [settings-0-0,10]
12-09 15:58:00.413   832   851 I commit_sys_config_file: [notification-policy,152104]
12-09 15:58:00.816   832  2237 I input_interaction: Interaction with: 2dc28f9 NavigationBar0 (server), PointerEventDispatcher0 (server), 
12-09 15:58:00.825  2420  2420 I sysui_multi_action: [757,931,758,4,759,3,932,0,933,0]
12-09 15:58:00.906  2420  2420 I sysui_multi_action: [757,931,758,4,759,3,932,0,933,1]
12-09 15:58:00.923   832   850 I wm_task_moved: [1,1,4]
12-09 15:58:00.926   832   850 I wm_task_moved: [9,1,2147483647]
12-09 15:58:00.926   832   850 I wm_task_to_front: [0,9]
12-09 15:58:00.927   832   850 I wm_focused_root_task: [0,0,1,10,bringingFoundTaskToFront]
12-09 15:58:00.928  2705  2705 I wm_on_top_resumed_lost_called: [64285111,com.android.settings.SubSettings,topStateChangedWhenResumed]
12-09 15:58:00.929   832   850 I wm_set_resumed_activity: [0,com.android.launcher3/.uioverrides.QuickstepLauncher,bringingFoundTaskToFront]
12-09 15:58:00.930   832   850 I wm_new_intent: [0,8904529,9,com.android.launcher3/.uioverrides.QuickstepLauncher,android.intent.action.MAIN,NULL,NULL,268435712]
12-09 15:58:00.931   832   850 I wm_pause_activity: [0,64285111,com.android.settings/.SubSettings,userLeaving=true,pauseBackTasks]
12-09 15:58:00.934   832   850 I wm_add_to_stopping: [0,64285111,com.android.settings/.SubSettings,makeInvisible]
12-09 15:58:00.941   832   850 I wm_set_resumed_activity: [0,com.android.launcher3/.uioverrides.QuickstepLauncher,resumeTopActivity]
12-09 15:58:00.941   832   849 I sysui_multi_action: [757,803,799,window_time_0,802,12]
12-09 15:58:00.948   832   850 I wm_resume_activity: [0,8904529,9,com.android.launcher3/.uioverrides.QuickstepLauncher]
12-09 15:58:00.950  2713  2713 I wm_on_restart_called: [8904529,com.android.launcher3.uioverrides.QuickstepLauncher,performRestartActivity]
12-09 15:58:00.951  2713  2713 I wm_on_start_called: [8904529,com.android.launcher3.uioverrides.QuickstepLauncher,handleStartActivity]
12-09 15:58:00.960   832   853 I input_focus: [Requesting to set focus to null window,reason=UpdateInputWindows]
12-09 15:58:00.964  2713  2713 I wm_on_resume_called: [8904529,com.android.launcher3.uioverrides.QuickstepLauncher,RESUME_ACTIVITY]
12-09 15:58:00.972  2705  2705 I sysui_multi_action: [757,38,758,2,1089,11329]
12-09 15:58:00.978   832  2237 I input_focus: [Focus leaving 394f13e com.android.settings/com.android.settings.SubSettings (server),reason=Waiting for window because NOT_FOCUSABLE]
12-09 15:58:00.982  2705  2705 I wm_on_paused_called: [64285111,com.android.settings.SubSettings,performPause]
12-09 15:58:01.008   832   853 I input_focus: [Focus request 69d1ca7 com.android.launcher3/com.android.launcher3.uioverrides.QuickstepLauncher,reason=UpdateInputWindows]
12-09 15:58:01.069  2713  2713 I wm_on_top_resumed_gained_called: [8904529,com.android.launcher3.uioverrides.QuickstepLauncher,topStateChangedWhenResumed]
12-09 15:58:01.077   832   853 I wm_wallpaper_surface: [0,1]
12-09 15:58:01.130   832   849 I sysui_multi_action: [319,204,322,190,325,203,757,761,758,9,759,2,806,com.android.launcher3,871,com.android.launcher3.uioverrides.QuickstepLauncher,905,0,1320,4,1321,23]
12-09 15:58:01.140   832  2237 I input_focus: [Focus entering 69d1ca7 com.android.launcher3/com.android.launcher3.uioverrides.QuickstepLauncher (server),reason=Window became focusable. Previous reason: NOT_VISIBLE]
12-09 15:58:01.391   832   852 I wm_stop_activity: [0,64285111,com.android.settings/.SubSettings]
12-09 15:58:01.438  2705  2705 I wm_on_stop_called: [64285111,com.android.settings.SubSettings,STOP_ACTIVITY_ITEM]
12-09 15:58:01.714   832  2237 I input_interaction: Interaction with: 69d1ca7 com.android.launcher3/com.android.launcher3.uioverrides.QuickstepLauncher (server), 1d615db com.android.systemui.ImageWallpaper (server), PointerEventDispatcher0 (server), 
12-09 15:58:01.830   832   847 I wm_task_created: [12,-1]
12-09 15:58:01.840   832   847 I wm_task_moved: [12,1,5]
12-09 15:58:01.840   832   847 I wm_task_to_front: [0,12]
12-09 15:58:01.841   832   847 I wm_create_task: [0,12]
12-09 15:58:01.841   832   847 I wm_create_activity: [0,32973637,12,com.mediatek.camera/.CameraLauncher,android.intent.action.MAIN,NULL,NULL,270532608]
12-09 15:58:01.842   832   847 I wm_task_moved: [12,1,5]
12-09 15:58:01.846   832   847 I wm_pause_activity: [0,8904529,com.android.launcher3/.uioverrides.QuickstepLauncher,userLeaving=true,pauseBackTasks]
12-09 15:58:01.863  2713  2713 I wm_on_top_resumed_lost_called: [8904529,com.android.launcher3.uioverrides.QuickstepLauncher,topStateChangedWhenResumed]
12-09 15:58:01.867  2713  2713 I wm_on_paused_called: [8904529,com.android.launcher3.uioverrides.QuickstepLauncher,performPause]
12-09 15:58:01.879   832  2515 I wm_add_to_stopping: [0,8904529,com.android.launcher3/.uioverrides.QuickstepLauncher,makeInvisible]
12-09 15:58:01.883   832  2515 I wm_restart_activity: [0,32973637,12,com.mediatek.camera/.CameraLauncher]
12-09 15:58:01.888   832  2515 I wm_set_resumed_activity: [0,com.mediatek.camera/.CameraLauncher,minimalResumeActivityLocked]
12-09 15:58:01.891   832   849 I sysui_multi_action: [757,803,799,window_time_0,802,1]
12-09 15:58:01.897   832   852 I am_uid_active: 10090
12-09 15:58:01.899   832   853 I input_focus: [Requesting to set focus to null window,reason=UpdateInputWindows]
12-09 15:58:01.919   832  2237 I input_focus: [Focus leaving 69d1ca7 com.android.launcher3/com.android.launcher3.uioverrides.QuickstepLauncher (server),reason=Waiting for window because NOT_FOCUSABLE]
12-09 15:58:01.962   330   330 I auditd  : type=1400 audit(0.0:1086): avc: denied { read } for comm="binder:330_4" name="wakeup4" dev="sysfs" ino=29241 scontext=u:r:system_suspend:s0 tcontext=u:object_r:sysfs:s0 tclass=dir permissive=1
12-09 15:58:01.962   330   330 I auditd  : type=1400 audit(0.0:1087): avc: denied { open } for comm="binder:330_4" path="/sys/devices/platform/soc/1000d000.pwrap/1000d000.pwrap:mt6357/mt6357-rtc/rtc/rtc0/alarmtimer.0.auto/wakeup/wakeup4" dev="sysfs" ino=29241 scontext=u:r:system_suspend:s0 tcontext=u:object_r:sysfs:s0 tclass=dir permissive=1
12-09 15:58:01.962   330   330 I auditd  : type=1400 audit(0.0:1088): avc: denied { read } for comm="binder:330_4" name="event_count" dev="sysfs" ino=29248 scontext=u:r:system_suspend:s0 tcontext=u:object_r:sysfs:s0 tclass=file permissive=1
12-09 15:58:01.962   330   330 I auditd  : type=1400 audit(0.0:1089): avc: denied { open } for comm="binder:330_4" path="/sys/devices/platform/soc/1000d000.pwrap/1000d000.pwrap:mt6357/mt6357-rtc/rtc/rtc0/alarmtimer.0.auto/wakeup/wakeup4/event_count" dev="sysfs" ino=29248 scontext=u:r:system_suspend:s0 tcontext=u:object_r:sysfs:s0 tclass=file permissive=1
12-09 15:58:02.026   832   867 I dvm_lock_sample: [system_server,0,batterystats-handler,62,BatteryStatsService.java,2818,void com.android.server.am.BatteryStatsService.lambda$updateForegroundTimeIfOnBattery$97$com-android-server-am-BatteryStatsService(int, java.lang.String, long, long, long),BatteryExternalStatsWorker.java,733,void com.android.server.am.BatteryExternalStatsWorker.updateExternalStatsLocked(java.lang.String, int, boolean, boolean, int, int[], boolean),12]
12-09 15:58:01.962   330   330 I auditd  : type=1400 audit(0.0:1090): avc: denied { getattr } for comm="binder:330_4" path="/sys/devices/platform/soc/1000d000.pwrap/1000d000.pwrap:mt6357/mt6357-rtc/rtc/rtc0/alarmtimer.0.auto/wakeup/wakeup4/event_count" dev="sysfs" ino=29248 scontext=u:r:system_suspend:s0 tcontext=u:object_r:sysfs:s0 tclass=file permissive=1
12-09 15:58:01.966   330   330 I auditd  : type=1400 audit(0.0:1091): avc: denied { read } for comm="binder:330_4" name="wakeup16" dev="sysfs" ino=33589 scontext=u:r:system_suspend:s0 tcontext=u:object_r:sysfs_batteryinfo:s0 tclass=dir permissive=1
12-09 15:58:01.966   330   330 I auditd  : type=1400 audit(0.0:1092): avc: denied { open } for comm="binder:330_4" path="/sys/devices/platform/soc/1000d000.pwrap/1000d000.pwrap:mt6357/mt6357-charger-type-detection/power_supply/mtk_charger_type/wakeup16" dev="sysfs" ino=33589 scontext=u:r:system_suspend:s0 tcontext=u:object_r:sysfs_batteryinfo:s0 tclass=dir permissive=1
12-09 15:58:01.966   330   330 I auditd  : type=1400 audit(0.0:1093): avc: denied { read } for comm="binder:330_4" name="event_count" dev="sysfs" ino=33596 scontext=u:r:system_suspend:s0 tcontext=u:object_r:sysfs_batteryinfo:s0 tclass=file permissive=1
12-09 15:58:02.240  3784  3784 I wm_on_create_called: [32973637,com.mediatek.camera.CameraLauncher,performCreate]
12-09 15:58:02.243  3784  3784 I wm_on_start_called: [32973637,com.mediatek.camera.CameraLauncher,handleStartActivity]
12-09 15:58:02.254  2703  2703 D CapRIL  : resetProxyAndRequestList
12-09 15:58:02.256  2703  2703 E CapRIL  : getMtkRadioExCapProxy getServiceV3_0: java.util.NoSuchElementException
12-09 15:58:02.257  2703  2703 E CapRIL  : getMtkRadioExCapProxy getServiceV2_0: java.util.NoSuchElementException
12-09 15:58:02.257  2703  2703 E CapRIL  : getMtkRadioExCapProxy: is empty
12-09 15:58:02.278   202   202 I auditd  : avc:  denied  { find } for pid=3784 uid=10090 name=vendor.mediatek.hardware.pq_aidl.IPictureQuality_AIDL/default scontext=u:r:platform_app:s0:c512,c768 tcontext=u:object_r:default_android_service:s0 tclass=service_manager permissive=1
12-09 15:58:02.312   832   853 I wm_wallpaper_surface: [0,0]
12-09 15:58:02.316  3784  3784 I wm_on_resume_called: [32973637,com.mediatek.camera.CameraLauncher,RESUME_ACTIVITY]
12-09 15:58:02.364  3784  3784 I wm_on_top_resumed_gained_called: [32973637,com.mediatek.camera.CameraLauncher,topStateChangedWhenResumed]
12-09 15:58:02.416   832   853 I input_focus: [Focus request fae5e4e com.mediatek.camera/com.mediatek.camera.CameraLauncher,reason=UpdateInputWindows]
12-09 15:58:02.638  3784  4255 I binder_sample: [android.hardware.camera2.ICameraDeviceUser,6,252,com.mediatek.camera,50]
12-09 15:58:02.641   832   849 I sysui_multi_action: [319,153,321,140,322,825,325,204,757,761,758,8,759,1,806,com.mediatek.camera,871,com.mediatek.camera.CameraLauncher,904,com.android.launcher3,905,0,1320,4,1321,23]
12-09 15:58:02.651   832  2237 I input_focus: [Focus entering fae5e4e com.mediatek.camera/com.mediatek.camera.CameraLauncher (server),reason=Window became focusable. Previous reason: NOT_VISIBLE]
12-09 15:58:02.652   832   849 I wm_activity_launch_time: [0,32973637,com.mediatek.camera/.CameraLauncher,825]
12-09 15:58:02.683   832  2515 I wm_stop_activity: [0,8904529,com.android.launcher3/.uioverrides.QuickstepLauncher]
12-09 15:58:02.708  2713  2713 I wm_on_stop_called: [8904529,com.android.launcher3.uioverrides.QuickstepLauncher,STOP_ACTIVITY_ITEM]
12-09 15:58:05.214   832   832 I notification_enqueue: [1000,832,android,17303299,com.android.wifi,0,Notification(channel=NETWORK_AVAILABLE shortcut=null contentView=null vibrate=null sound=null tick defaults=0x0 flags=0x100 color=0x00000000 actions=2 vis=PRIVATE),0]
12-09 15:58:05.416   832   832 I sysui_multi_action: [757,1501,758,1,793,204,794,0,795,204,796,17303299,797,com.android.wifi,806,android,857,NETWORK_AVAILABLE,858,2,947,0,1500,0,1688,1]
12-09 15:58:05.417   832   832 I sysui_multi_action: [757,804,799,note_interruptive,801,0,802,1]
12-09 15:58:06.261  2703  2703 D CapRIL  : resetProxyAndRequestList
12-09 15:58:06.263  2703  2703 E CapRIL  : getMtkRadioExCapProxy getServiceV3_0: java.util.NoSuchElementException
12-09 15:58:06.264  2703  2703 E CapRIL  : getMtkRadioExCapProxy getServiceV2_0: java.util.NoSuchElementException
12-09 15:58:06.264  2703  2703 E CapRIL  : getMtkRadioExCapProxy: is empty
12-09 15:58:10.265  2703  2703 D CapRIL  : resetProxyAndRequestList
12-09 15:58:10.267  2703  2703 E CapRIL  : getMtkRadioExCapProxy getServiceV3_0: java.util.NoSuchElementException
12-09 15:58:10.268  2703  2703 E CapRIL  : getMtkRadioExCapProxy getServiceV2_0: java.util.NoSuchElementException
12-09 15:58:10.268  2703  2703 E CapRIL  : getMtkRadioExCapProxy: is empty
12-09 15:58:14.270  2703  2703 D CapRIL  : resetProxyAndRequestList
12-09 15:58:14.272  2703  2703 E CapRIL  : getMtkRadioExCapProxy getServiceV3_0: java.util.NoSuchElementException
12-09 15:58:14.274  2703  2703 E CapRIL  : getMtkRadioExCapProxy getServiceV2_0: java.util.NoSuchElementException
12-09 15:58:14.275  2703  2703 E CapRIL  : getMtkRadioExCapProxy: is empty
12-09 15:58:18.279  2703  2703 D CapRIL  : resetProxyAndRequestList
12-09 15:58:18.281  2703  2703 E CapRIL  : getMtkRadioExCapProxy getServiceV3_0: java.util.NoSuchElementException
12-09 15:58:18.282  2703  2703 E CapRIL  : getMtkRadioExCapProxy getServiceV2_0: java.util.NoSuchElementException
12-09 15:58:18.282  2703  2703 E CapRIL  : getMtkRadioExCapProxy: is empty
12-09 15:58:22.285  2703  2703 D CapRIL  : resetProxyAndRequestList
12-09 15:58:22.287  2703  2703 E CapRIL  : getMtkRadioExCapProxy getServiceV3_0: java.util.NoSuchElementException
12-09 15:58:22.288  2703  2703 E CapRIL  : getMtkRadioExCapProxy getServiceV2_0: java.util.NoSuchElementException
12-09 15:58:22.288  2703  2703 E CapRIL  : getMtkRadioExCapProxy: is empty
12-09 15:58:26.289  2703  2703 D CapRIL  : resetProxyAndRequestList
12-09 15:58:26.291  2703  2703 E CapRIL  : getMtkRadioExCapProxy getServiceV3_0: java.util.NoSuchElementException
12-09 15:58:26.292  2703  2703 E CapRIL  : getMtkRadioExCapProxy getServiceV2_0: java.util.NoSuchElementException
12-09 15:58:26.292  2703  2703 E CapRIL  : getMtkRadioExCapProxy: is empty
12-09 15:58:30.294  2703  2703 D CapRIL  : resetProxyAndRequestList
12-09 15:58:30.296  2703  2703 E CapRIL  : getMtkRadioExCapProxy getServiceV3_0: java.util.NoSuchElementException
12-09 15:58:30.297  2703  2703 E CapRIL  : getMtkRadioExCapProxy getServiceV2_0: java.util.NoSuchElementException
12-09 15:58:30.297  2703  2703 E CapRIL  : getMtkRadioExCapProxy: is empty
12-09 15:58:34.301  2703  2703 D CapRIL  : resetProxyAndRequestList
12-09 15:58:34.303  2703  2703 E CapRIL  : getMtkRadioExCapProxy getServiceV3_0: java.util.NoSuchElementException
12-09 15:58:34.304  2703  2703 E CapRIL  : getMtkRadioExCapProxy getServiceV2_0: java.util.NoSuchElementException
12-09 15:58:34.304  2703  2703 E CapRIL  : getMtkRadioExCapProxy: is empty
12-09 15:58:37.778   832  2404 I battery_level: [64,3910,350]
12-09 15:58:38.305  2703  2703 D CapRIL  : resetProxyAndRequestList
12-09 15:58:38.308  2703  2703 E CapRIL  : getMtkRadioExCapProxy getServiceV3_0: java.util.NoSuchElementException
12-09 15:58:38.309  2703  2703 E CapRIL  : getMtkRadioExCapProxy getServiceV2_0: java.util.NoSuchElementException
12-09 15:58:38.309  2703  2703 E CapRIL  : getMtkRadioExCapProxy: is empty
12-09 15:58:42.309  2703  2703 D CapRIL  : resetProxyAndRequestList
12-09 15:58:42.311  2703  2703 E CapRIL  : getMtkRadioExCapProxy getServiceV3_0: java.util.NoSuchElementException
12-09 15:58:42.312  2703  2703 E CapRIL  : getMtkRadioExCapProxy getServiceV2_0: java.util.NoSuchElementException
12-09 15:58:42.312  2703  2703 E CapRIL  : getMtkRadioExCapProxy: is empty
12-09 15:58:45.212   832   832 I sysui_multi_action: [757,128,758,5,759,8,793,40000,794,0,795,40000,796,17303299,797,com.android.wifi,806,android,857,NETWORK_AVAILABLE,858,2,947,0,1500,39796,1688,1]
12-09 15:58:45.212   832   832 I notification_canceled: [0|android|17303299|com.android.wifi|1000,8,40000,40000,0,-1,-1,NULL]
12-09 15:58:46.313  2703  2703 D CapRIL  : resetProxyAndRequestList
12-09 15:58:46.315  2703  2703 E CapRIL  : getMtkRadioExCapProxy getServiceV3_0: java.util.NoSuchElementException
12-09 15:58:46.316  2703  2703 E CapRIL  : getMtkRadioExCapProxy getServiceV2_0: java.util.NoSuchElementException
12-09 15:58:46.316  2703  2703 E CapRIL  : getMtkRadioExCapProxy: is empty
12-09 15:58:50.320  2703  2703 D CapRIL  : resetProxyAndRequestList
12-09 15:58:50.321  2703  2703 E CapRIL  : getMtkRadioExCapProxy getServiceV3_0: java.util.NoSuchElementException
12-09 15:58:50.322  2703  2703 E CapRIL  : getMtkRadioExCapProxy getServiceV2_0: java.util.NoSuchElementException
12-09 15:58:50.322  2703  2703 E CapRIL  : getMtkRadioExCapProxy: is empty
12-09 15:58:54.325  2703  2703 D CapRIL  : resetProxyAndRequestList
12-09 15:58:54.326  2703  2703 E CapRIL  : getMtkRadioExCapProxy getServiceV3_0: java.util.NoSuchElementException
12-09 15:58:54.327  2703  2703 E CapRIL  : getMtkRadioExCapProxy getServiceV2_0: java.util.NoSuchElementException
12-09 15:58:54.327  2703  2703 E CapRIL  : getMtkRadioExCapProxy: is empty
12-09 15:58:58.331  2703  2703 D CapRIL  : resetProxyAndRequestList
12-09 15:58:58.333  2703  2703 E CapRIL  : getMtkRadioExCapProxy getServiceV3_0: java.util.NoSuchElementException
12-09 15:58:58.334  2703  2703 E CapRIL  : getMtkRadioExCapProxy getServiceV2_0: java.util.NoSuchElementException
12-09 15:58:58.334  2703  2703 E CapRIL  : getMtkRadioExCapProxy: is empty
12-09 15:59:02.337  2703  2703 D CapRIL  : resetProxyAndRequestList
12-09 15:59:02.339  2703  2703 E CapRIL  : getMtkRadioExCapProxy getServiceV3_0: java.util.NoSuchElementException
12-09 15:59:02.340  2703  2703 E CapRIL  : getMtkRadioExCapProxy getServiceV2_0: java.util.NoSuchElementException
12-09 15:59:02.340  2703  2703 E CapRIL  : getMtkRadioExCapProxy: is empty
12-09 15:59:06.341  2703  2703 D CapRIL  : resetProxyAndRequestList
12-09 15:59:06.343  2703  2703 E CapRIL  : getMtkRadioExCapProxy getServiceV3_0: java.util.NoSuchElementException
12-09 15:59:06.344  2703  2703 E CapRIL  : getMtkRadioExCapProxy getServiceV2_0: java.util.NoSuchElementException
12-09 15:59:06.344  2703  2703 E CapRIL  : getMtkRadioExCapProxy: is empty
12-09 15:59:10.346  2703  2703 D CapRIL  : resetProxyAndRequestList
12-09 15:59:10.348  2703  2703 E CapRIL  : getMtkRadioExCapProxy getServiceV3_0: java.util.NoSuchElementException
12-09 15:59:10.349  2703  2703 E CapRIL  : getMtkRadioExCapProxy getServiceV2_0: java.util.NoSuchElementException
12-09 15:59:10.349  2703  2703 E CapRIL  : getMtkRadioExCapProxy: is empty
12-09 15:59:14.354  2703  2703 D CapRIL  : resetProxyAndRequestList
12-09 15:59:14.355  2703  2703 E CapRIL  : getMtkRadioExCapProxy getServiceV3_0: java.util.NoSuchElementException
12-09 15:59:14.357  2703  2703 E CapRIL  : getMtkRadioExCapProxy getServiceV2_0: java.util.NoSuchElementException
12-09 15:59:14.357  2703  2703 E CapRIL  : getMtkRadioExCapProxy: is empty
12-09 15:59:15.233   832   861 I am_uid_idle: 10033
12-09 15:59:18.357  2703  2703 D CapRIL  : resetProxyAndRequestList
12-09 15:59:18.359  2703  2703 E CapRIL  : getMtkRadioExCapProxy getServiceV3_0: java.util.NoSuchElementException
12-09 15:59:18.359  2703  2703 E CapRIL  : getMtkRadioExCapProxy getServiceV2_0: java.util.NoSuchElementException
12-09 15:59:18.359  2703  2703 E CapRIL  : getMtkRadioExCapProxy: is empty
12-09 15:59:20.201   832   861 I am_uid_idle: 10098
12-09 15:59:20.318   832   861 I am_uid_idle: 10080
12-09 15:59:20.354   832   861 I am_uid_idle: 10037
12-09 15:59:22.361  2703  2703 D CapRIL  : resetProxyAndRequestList
12-09 15:59:22.363  2703  2703 E CapRIL  : getMtkRadioExCapProxy getServiceV3_0: java.util.NoSuchElementException
12-09 15:59:22.364  2703  2703 E CapRIL  : getMtkRadioExCapProxy getServiceV2_0: java.util.NoSuchElementException
12-09 15:59:22.365  2703  2703 E CapRIL  : getMtkRadioExCapProxy: is empty
12-09 15:59:26.368  2703  2703 D CapRIL  : resetProxyAndRequestList
12-09 15:59:26.369  2703  2703 E CapRIL  : getMtkRadioExCapProxy getServiceV3_0: java.util.NoSuchElementException
12-09 15:59:26.371  2703  2703 E CapRIL  : getMtkRadioExCapProxy getServiceV2_0: java.util.NoSuchElementException
12-09 15:59:26.371  2703  2703 E CapRIL  : getMtkRadioExCapProxy: is empty
12-09 15:59:30.373  2703  2703 D CapRIL  : resetProxyAndRequestList
12-09 15:59:30.375  2703  2703 E CapRIL  : getMtkRadioExCapProxy getServiceV3_0: java.util.NoSuchElementException
12-09 15:59:30.378  2703  2703 E CapRIL  : getMtkRadioExCapProxy getServiceV2_0: java.util.NoSuchElementException
12-09 15:59:30.378  2703  2703 E CapRIL  : getMtkRadioExCapProxy: is empty
12-09 15:59:34.381  2703  2703 D CapRIL  : resetProxyAndRequestList
12-09 15:59:34.383  2703  2703 E CapRIL  : getMtkRadioExCapProxy getServiceV3_0: java.util.NoSuchElementException
12-09 15:59:34.384  2703  2703 E CapRIL  : getMtkRadioExCapProxy getServiceV2_0: java.util.NoSuchElementException
12-09 15:59:34.384  2703  2703 E CapRIL  : getMtkRadioExCapProxy: is empty
12-09 15:59:38.385  2703  2703 D CapRIL  : resetProxyAndRequestList
12-09 15:59:38.386  2703  2703 E CapRIL  : getMtkRadioExCapProxy getServiceV3_0: java.util.NoSuchElementException
12-09 15:59:38.387  2703  2703 E CapRIL  : getMtkRadioExCapProxy getServiceV2_0: java.util.NoSuchElementException
12-09 15:59:38.387  2703  2703 E CapRIL  : getMtkRadioExCapProxy: is empty
12-09 15:59:42.389  2703  2703 D CapRIL  : resetProxyAndRequestList
12-09 15:59:42.395  2703  2703 E CapRIL  : getMtkRadioExCapProxy getServiceV3_0: java.util.NoSuchElementException
12-09 15:59:42.396  2703  2703 E CapRIL  : getMtkRadioExCapProxy getServiceV2_0: java.util.NoSuchElementException
12-09 15:59:42.397  2703  2703 E CapRIL  : getMtkRadioExCapProxy: is empty
12-09 15:59:46.397  2703  2703 D CapRIL  : resetProxyAndRequestList
12-09 15:59:46.399  2703  2703 E CapRIL  : getMtkRadioExCapProxy getServiceV3_0: java.util.NoSuchElementException
12-09 15:59:46.400  2703  2703 E CapRIL  : getMtkRadioExCapProxy getServiceV2_0: java.util.NoSuchElementException
12-09 15:59:46.400  2703  2703 E CapRIL  : getMtkRadioExCapProxy: is empty
12-09 15:59:50.402  2703  2703 D CapRIL  : resetProxyAndRequestList
12-09 15:59:50.404  2703  2703 E CapRIL  : getMtkRadioExCapProxy getServiceV3_0: java.util.NoSuchElementException
12-09 15:59:50.405  2703  2703 E CapRIL  : getMtkRadioExCapProxy getServiceV2_0: java.util.NoSuchElementException
12-09 15:59:50.405  2703  2703 E CapRIL  : getMtkRadioExCapProxy: is empty
12-09 15:59:54.410  2703  2703 D CapRIL  : resetProxyAndRequestList
12-09 15:59:54.411  2703  2703 E CapRIL  : getMtkRadioExCapProxy getServiceV3_0: java.util.NoSuchElementException
12-09 15:59:54.412  2703  2703 E CapRIL  : getMtkRadioExCapProxy getServiceV2_0: java.util.NoSuchElementException
12-09 15:59:54.412  2703  2703 E CapRIL  : getMtkRadioExCapProxy: is empty
12-09 15:59:58.413  2703  2703 D CapRIL  : resetProxyAndRequestList
12-09 15:59:58.415  2703  2703 E CapRIL  : getMtkRadioExCapProxy getServiceV3_0: java.util.NoSuchElementException
12-09 15:59:58.416  2703  2703 E CapRIL  : getMtkRadioExCapProxy getServiceV2_0: java.util.NoSuchElementException
12-09 15:59:58.416  2703  2703 E CapRIL  : getMtkRadioExCapProxy: is empty
12-09 16:00:02.418  2703  2703 D CapRIL  : resetProxyAndRequestList
12-09 16:00:02.421  2703  2703 E CapRIL  : getMtkRadioExCapProxy getServiceV3_0: java.util.NoSuchElementException
12-09 16:00:02.422  2703  2703 E CapRIL  : getMtkRadioExCapProxy getServiceV2_0: java.util.NoSuchElementException
12-09 16:00:02.422  2703  2703 E CapRIL  : getMtkRadioExCapProxy: is empty
12-09 16:00:06.425  2703  2703 D CapRIL  : resetProxyAndRequestList
12-09 16:00:06.427  2703  2703 E CapRIL  : getMtkRadioExCapProxy getServiceV3_0: java.util.NoSuchElementException
12-09 16:00:06.428  2703  2703 E CapRIL  : getMtkRadioExCapProxy getServiceV2_0: java.util.NoSuchElementException
12-09 16:00:06.428  2703  2703 E CapRIL  : getMtkRadioExCapProxy: is empty
12-09 16:00:10.429  2703  2703 D CapRIL  : resetProxyAndRequestList
12-09 16:00:10.431  2703  2703 E CapRIL  : getMtkRadioExCapProxy getServiceV3_0: java.util.NoSuchElementException
12-09 16:00:10.432  2703  2703 E CapRIL  : getMtkRadioExCapProxy getServiceV2_0: java.util.NoSuchElementException
12-09 16:00:10.432  2703  2703 E CapRIL  : getMtkRadioExCapProxy: is empty
12-09 16:00:14.433  2703  2703 D CapRIL  : resetProxyAndRequestList
12-09 16:00:14.435  2703  2703 E CapRIL  : getMtkRadioExCapProxy getServiceV3_0: java.util.NoSuchElementException
12-09 16:00:14.436  2703  2703 E CapRIL  : getMtkRadioExCapProxy getServiceV2_0: java.util.NoSuchElementException
12-09 16:00:14.436  2703  2703 E CapRIL  : getMtkRadioExCapProxy: is empty
12-09 16:00:18.437  2703  2703 D CapRIL  : resetProxyAndRequestList
12-09 16:00:18.439  2703  2703 E CapRIL  : getMtkRadioExCapProxy getServiceV3_0: java.util.NoSuchElementException
12-09 16:00:18.440  2703  2703 E CapRIL  : getMtkRadioExCapProxy getServiceV2_0: java.util.NoSuchElementException
12-09 16:00:18.440  2703  2703 E CapRIL  : getMtkRadioExCapProxy: is empty
12-09 16:00:22.442  2703  2703 D CapRIL  : resetProxyAndRequestList
12-09 16:00:22.444  2703  2703 E CapRIL  : getMtkRadioExCapProxy getServiceV3_0: java.util.NoSuchElementException
12-09 16:00:22.445  2703  2703 E CapRIL  : getMtkRadioExCapProxy getServiceV2_0: java.util.NoSuchElementException
12-09 16:00:22.445  2703  2703 E CapRIL  : getMtkRadioExCapProxy: is empty
12-09 16:00:26.445  2703  2703 D CapRIL  : resetProxyAndRequestList
12-09 16:00:26.447  2703  2703 E CapRIL  : getMtkRadioExCapProxy getServiceV3_0: java.util.NoSuchElementException
12-09 16:00:26.448  2703  2703 E CapRIL  : getMtkRadioExCapProxy getServiceV2_0: java.util.NoSuchElementException
12-09 16:00:26.448  2703  2703 E CapRIL  : getMtkRadioExCapProxy: is empty
12-09 16:00:30.449  2703  2703 D CapRIL  : resetProxyAndRequestList
12-09 16:00:30.451  2703  2703 E CapRIL  : getMtkRadioExCapProxy getServiceV3_0: java.util.NoSuchElementException
12-09 16:00:30.452  2703  2703 E CapRIL  : getMtkRadioExCapProxy getServiceV2_0: java.util.NoSuchElementException
12-09 16:00:30.452  2703  2703 E CapRIL  : getMtkRadioExCapProxy: is empty
12-09 16:00:34.455  2703  2703 D CapRIL  : resetProxyAndRequestList
12-09 16:00:34.457  2703  2703 E CapRIL  : getMtkRadioExCapProxy getServiceV3_0: java.util.NoSuchElementException
12-09 16:00:34.458  2703  2703 E CapRIL  : getMtkRadioExCapProxy getServiceV2_0: java.util.NoSuchElementException
12-09 16:00:34.458  2703  2703 E CapRIL  : getMtkRadioExCapProxy: is empty
12-09 16:00:38.461  2703  2703 D CapRIL  : resetProxyAndRequestList
12-09 16:00:38.463  2703  2703 E CapRIL  : getMtkRadioExCapProxy getServiceV3_0: java.util.NoSuchElementException
12-09 16:00:38.464  2703  2703 E CapRIL  : getMtkRadioExCapProxy getServiceV2_0: java.util.NoSuchElementException
12-09 16:00:38.464  2703  2703 E CapRIL  : getMtkRadioExCapProxy: is empty
12-09 16:00:42.465  2703  2703 D CapRIL  : resetProxyAndRequestList
12-09 16:00:42.468  2703  2703 E CapRIL  : getMtkRadioExCapProxy getServiceV3_0: java.util.NoSuchElementException
12-09 16:00:42.469  2703  2703 E CapRIL  : getMtkRadioExCapProxy getServiceV2_0: java.util.NoSuchElementException
12-09 16:00:42.469  2703  2703 E CapRIL  : getMtkRadioExCapProxy: is empty
12-09 16:00:46.471  2703  2703 D CapRIL  : resetProxyAndRequestList
12-09 16:00:46.473  2703  2703 E CapRIL  : getMtkRadioExCapProxy getServiceV3_0: java.util.NoSuchElementException
12-09 16:00:46.474  2703  2703 E CapRIL  : getMtkRadioExCapProxy getServiceV2_0: java.util.NoSuchElementException
12-09 16:00:46.474  2703  2703 E CapRIL  : getMtkRadioExCapProxy: is empty
12-09 16:00:50.477  2703  2703 D CapRIL  : resetProxyAndRequestList
12-09 16:00:50.479  2703  2703 E CapRIL  : getMtkRadioExCapProxy getServiceV3_0: java.util.NoSuchElementException
12-09 16:00:50.480  2703  2703 E CapRIL  : getMtkRadioExCapProxy getServiceV2_0: java.util.NoSuchElementException
12-09 16:00:50.480  2703  2703 E CapRIL  : getMtkRadioExCapProxy: is empty
12-09 16:00:54.481  2703  2703 D CapRIL  : resetProxyAndRequestList
12-09 16:00:54.483  2703  2703 E CapRIL  : getMtkRadioExCapProxy getServiceV3_0: java.util.NoSuchElementException
12-09 16:00:54.484  2703  2703 E CapRIL  : getMtkRadioExCapProxy getServiceV2_0: java.util.NoSuchElementException
12-09 16:00:54.484  2703  2703 E CapRIL  : getMtkRadioExCapProxy: is empty
12-09 16:00:58.487  2703  2703 D CapRIL  : resetProxyAndRequestList
12-09 16:00:58.489  2703  2703 E CapRIL  : getMtkRadioExCapProxy getServiceV3_0: java.util.NoSuchElementException
12-09 16:00:58.490  2703  2703 E CapRIL  : getMtkRadioExCapProxy getServiceV2_0: java.util.NoSuchElementException
12-09 16:00:58.490  2703  2703 E CapRIL  : getMtkRadioExCapProxy: is empty
12-09 16:01:02.335   832   882 I power_sleep_requested: 0
12-09 16:01:02.443   832   860 I am_pss  : [2713,10081,com.android.launcher3,49411072,32813056,0,211906560,0,6,12]
12-09 16:01:02.460   832   882 I sysui_multi_action: [757,1696,758,6,759,0]
12-09 16:01:02.493  2703  2703 D CapRIL  : resetProxyAndRequestList
12-09 16:01:02.500  2703  2703 E CapRIL  : getMtkRadioExCapProxy getServiceV3_0: java.util.NoSuchElementException
12-09 16:01:02.501  2703  2703 E CapRIL  : getMtkRadioExCapProxy getServiceV2_0: java.util.NoSuchElementException
12-09 16:01:02.501  2703  2703 E CapRIL  : getMtkRadioExCapProxy: is empty
12-09 16:01:02.519   832   860 I am_pss  : [4006,10046,com.debug.loggerui,27579392,19087360,0,176095232,0,4,10]
12-09 16:01:02.578   330   330 I auditd  : type=1400 audit(0.0:1097): avc: denied { read } for comm="binder:330_4" name="wakeup4" dev="sysfs" ino=29241 scontext=u:r:system_suspend:s0 tcontext=u:object_r:sysfs:s0 tclass=dir permissive=1
12-09 16:01:02.578   330   330 I auditd  : type=1400 audit(0.0:1098): avc: denied { open } for comm="binder:330_4" path="/sys/devices/platform/soc/1000d000.pwrap/1000d000.pwrap:mt6357/mt6357-rtc/rtc/rtc0/alarmtimer.0.auto/wakeup/wakeup4" dev="sysfs" ino=29241 scontext=u:r:system_suspend:s0 tcontext=u:object_r:sysfs:s0 tclass=dir permissive=1
12-09 16:01:02.586   330   330 I auditd  : type=1400 audit(0.0:1099): avc: denied { read } for comm="binder:330_4" name="event_count" dev="sysfs" ino=29248 scontext=u:r:system_suspend:s0 tcontext=u:object_r:sysfs:s0 tclass=file permissive=1
12-09 16:01:02.586   330   330 I auditd  : type=1400 audit(0.0:1100): avc: denied { open } for comm="binder:330_4" path="/sys/devices/platform/soc/1000d000.pwrap/1000d000.pwrap:mt6357/mt6357-rtc/rtc/rtc0/alarmtimer.0.auto/wakeup/wakeup4/event_count" dev="sysfs" ino=29248 scontext=u:r:system_suspend:s0 tcontext=u:object_r:sysfs:s0 tclass=file permissive=1
12-09 16:01:02.586   330   330 I auditd  : type=1400 audit(0.0:1101): avc: denied { getattr } for comm="binder:330_4" path="/sys/devices/platform/soc/1000d000.pwrap/1000d000.pwrap:mt6357/mt6357-rtc/rtc/rtc0/alarmtimer.0.auto/wakeup/wakeup4/event_count" dev="sysfs" ino=29248 scontext=u:r:system_suspend:s0 tcontext=u:object_r:sysfs:s0 tclass=file permissive=1
12-09 16:01:02.622   832   882 I wm_pause_activity: [0,32973637,com.mediatek.camera/.CameraLauncher,userLeaving=false,sleep]
12-09 16:01:02.623  3784  3784 I wm_on_top_resumed_lost_called: [32973637,com.mediatek.camera.CameraLauncher,topStateChangedWhenResumed]
12-09 16:01:02.687   832   832 I battery_saving_stats: [0,1,0,201702,29460,1,323865,29460,1]
12-09 16:01:02.693  2703  2703 D MtkDeviceStateMonitor: [phoneId0]isLowDataExpected mIsScreenOn = false mIsCharging = false mIsTetheringOn = false
12-09 16:01:02.752  3784  3784 I wm_on_paused_called: [32973637,com.mediatek.camera.CameraLauncher,performPause]
12-09 16:01:02.752   832   832 I sysui_multi_action: [757,198,758,2,759,3,1359,415,1695,2]
12-09 16:01:02.752   832   832 I power_screen_state: [0,3,0,0,415]
12-09 16:01:02.752   832   832 I screen_toggled: 0
12-09 16:01:02.752   832   832 I sysui_multi_action: [757,804,799,screen_timeout,801,60,802,1]
12-09 16:01:02.752   832   832 I sysui_multi_action: [757,1594,758,4,759,-2147483648,1359,201482]
12-09 16:01:02.752   832   832 I power_screen_broadcast_send: 1
12-09 16:01:02.753   832  2414 I wm_add_to_stopping: [0,32973637,com.mediatek.camera/.CameraLauncher,completePauseLocked]
12-09 16:01:02.759   832   849 I sysui_multi_action: [757,803,799,window_time_0,802,181]
12-09 16:01:02.767   832   852 I wm_stop_activity: [0,32973637,com.mediatek.camera/.CameraLauncher]
12-09 16:01:02.768   832   853 I input_focus: [Requesting to set focus to null window,reason=UpdateInputWindows]
12-09 16:01:02.788   832  2237 I input_focus: [Focus leaving fae5e4e com.mediatek.camera/com.mediatek.camera.CameraLauncher (server),reason=Waiting for window because NOT_FOCUSABLE]
12-09 16:01:02.803  3784  3784 I wm_on_stop_called: [32973637,com.mediatek.camera.CameraLauncher,STOP_ACTIVITY_ITEM]
12-09 16:01:02.815   832  2345 I dvm_lock_sample: [system_server,0,WifiHandlerThread,17,ActivityManagerService.java,14761,void com.android.server.am.ActivityManagerService.finishReceiver(android.os.IBinder, int, java.lang.String, android.os.Bundle, boolean, int),-,16063,void com.android.server.am.ActivityManagerService.trimApplications(boolean, java.lang.String),3]
12-09 16:01:02.908   832   832 I power_screen_broadcast_done: [0,156,1]
12-09 16:01:03.019  3784  4403 I dvm_lock_sample: [com.mediatek.camera,0,binder:3784_7,157,CameraDeviceImpl.java,1756,void android.hardware.camera2.impl.CameraDeviceImpl.onDeviceError(int, android.hardware.camera2.impl.CaptureResultExtras),-,1433,void android.hardware.camera2.impl.CameraDeviceImpl.close(),31]
12-09 16:01:09.367   832  2414 I wm_set_keyguard_shown: [0,1,0,0,setKeyguardShown]
12-09 16:01:09.391  2420  2420 I sysui_multi_action: [757,111,758,1]
12-09 16:01:09.392  2420  2420 I sysui_multi_action: [757,126,758,1,759,126,927,0,928,1,1593,0]
12-09 16:01:09.392  2420  2420 I sysui_multi_action: [757,113,758,1,759,113,927,1,928,0,1593,0]
12-09 16:01:09.392  2420  2420 I sysui_multi_action: [757,119,758,1,759,119,927,2,928,0,1593,0]
12-09 16:01:09.392  2420  2420 I sysui_multi_action: [757,118,758,1,759,118,927,3,928,0,1593,0]
12-09 16:01:09.413  2420  2420 I sysui_multi_action: [757,196,758,1,759,0]
12-09 16:01:09.413  2420  2420 I sysui_status_bar_state: [1,1,0,0,0,1]
12-09 16:01:09.451   832   852 I user_activity_timeout_override: 10000
12-09 16:01:09.455   832   853 I input_focus: [Focus request 1651cd4 NotificationShade,reason=UpdateInputWindows]
12-09 16:01:09.536   832   853 I wm_wallpaper_surface: [0,1]
12-09 16:02:26.950   832  2238 I sysui_multi_action: [757,804,799,power_consecutive_short_tap_count,801,1,802,1]
12-09 16:02:26.950   832  2238 I sysui_multi_action: [757,804,799,power_double_tap_interval,801,204655,802,1]
12-09 16:02:26.950   832  2238 I intercept_power: [ACTION_DOWN,0,1]
12-09 16:02:27.011   832   882 I sysui_multi_action: [757,1696,758,6,759,3]
12-09 16:02:27.022   832   867 I service_manager_slow: [10,suspend_control_internal]
12-09 16:02:27.017   330   330 I auditd  : type=1400 audit(0.0:1107): avc: denied { read } for comm="binder:330_5" name="event_count" dev="sysfs" ino=29248 scontext=u:r:system_suspend:s0 tcontext=u:object_r:sysfs:s0 tclass=file permissive=1
12-09 16:02:27.017   330   330 I auditd  : type=1400 audit(0.0:1108): avc: denied { open } for comm="binder:330_5" path="/sys/devices/platform/soc/1000d000.pwrap/1000d000.pwrap:mt6357/mt6357-rtc/rtc/rtc0/alarmtimer.0.auto/wakeup/wakeup4/event_count" dev="sysfs" ino=29248 scontext=u:r:system_suspend:s0 tcontext=u:object_r:sysfs:s0 tclass=file permissive=1
12-09 16:02:27.017   330   330 I auditd  : type=1400 audit(0.0:1109): avc: denied { getattr } for comm="binder:330_5" path="/sys/devices/platform/soc/1000d000.pwrap/1000d000.pwrap:mt6357/mt6357-rtc/rtc/rtc0/alarmtimer.0.auto/wakeup/wakeup4/event_count" dev="sysfs" ino=29248 scontext=u:r:system_suspend:s0 tcontext=u:object_r:sysfs:s0 tclass=file permissive=1
12-09 16:02:27.021   330   330 I auditd  : type=1400 audit(0.0:1110): avc: denied { read } for comm="binder:330_5" name="event_count" dev="sysfs" ino=33596 scontext=u:r:system_suspend:s0 tcontext=u:object_r:sysfs_batteryinfo:s0 tclass=file permissive=1
12-09 16:02:27.021   330   330 I auditd  : type=1400 audit(0.0:1111): avc: denied { open } for comm="binder:330_5" path="/sys/devices/platform/soc/1000d000.pwrap/1000d000.pwrap:mt6357/mt6357-charger-type-detection/power_supply/mtk_charger_type/wakeup16/event_count" dev="sysfs" ino=33596 scontext=u:r:system_suspend:s0 tcontext=u:object_r:sysfs_batteryinfo:s0 tclass=file permissive=1
12-09 16:02:27.024   832  2238 I intercept_power: [ACTION_UP,0,0]
12-09 16:02:27.035   832   832 I screen_toggled: 1
12-09 16:02:27.062   832   832 I power_screen_broadcast_send: 1
12-09 16:02:27.066  2703  2703 D MtkDeviceStateMonitor: [phoneId0]isLowDataExpected mIsScreenOn = true mIsCharging = false mIsTetheringOn = false
12-09 16:02:27.176   832  3999 I sysui_multi_action: [757,127,758,1]
12-09 16:02:27.176   832  3999 I sysui_multi_action: [757,804,799,note_load,801,2,802,1]
12-09 16:02:27.176   832  3999 I notification_panel_revealed: 2
12-09 16:02:27.189   832  3999 I sysui_multi_action: [757,128,758,1,793,35947149,794,0,795,35944550,796,365001,798,0,806,com.debug.loggerui,857,com.debug.loggerui.notification,858,4,947,0,1395,2,1500,35944550,1688,1,1745,2098068913]
12-09 16:02:27.189   832  3999 I sysui_multi_action: [757,804,799,note_freshness,801,35944550,802,1]
12-09 16:02:27.189   832  3999 I notification_visibility: [0|com.debug.loggerui|365001|null|10046,1,35947149,35944550,0,0]
12-09 16:02:27.220   832   832 I battery_saving_stats: [0,0,0,84533,0,0,137445,0,0]
12-09 16:02:27.254   832   832 I power_screen_broadcast_done: [1,192,1]
12-09 16:02:27.449   832   882 I sysui_latency: [5,451]
12-09 16:02:27.450   832   832 I sysui_multi_action: [757,198,758,1,759,1,1359,627,1694,1]
12-09 16:02:27.450   832   832 I power_screen_state: [1,0,0,0,627]
12-09 16:02:27.455   832  2237 I input_focus: [Focus entering 1651cd4 NotificationShade (server),reason=Window became focusable. Previous reason: NO_WINDOW]
12-09 16:02:27.897   832  2237 I input_interaction: Interaction with: 1651cd4 NotificationShade (server), PointerEventDispatcher0 (server), 
12-09 16:02:28.024   832  3052 I wm_set_keyguard_shown: [0,1,0,1,keyguardGoingAway]
12-09 16:02:28.028   832  3052 I wm_set_resumed_activity: [0,com.mediatek.camera/.CameraLauncher,resumeTopActivity]
12-09 16:02:28.032   832  3052 I wm_resume_activity: [0,32973637,12,com.mediatek.camera/.CameraLauncher]
12-09 16:02:28.035  3784  3784 I wm_on_restart_called: [32973637,com.mediatek.camera.CameraLauncher,performRestartActivity]
12-09 16:02:28.038  3784  3784 I wm_on_start_called: [32973637,com.mediatek.camera.CameraLauncher,handleStartActivity]
12-09 16:02:28.044  3784  3784 I wm_on_resume_called: [32973637,com.mediatek.camera.CameraLauncher,RESUME_ACTIVITY]
12-09 16:02:28.045  3784  3784 I wm_on_top_resumed_gained_called: [32973637,com.mediatek.camera.CameraLauncher,topWhenResuming]
12-09 16:02:28.081  3784  3784 I auditd  : type=1400 audit(0.0:1113): avc: denied { getattr } for comm="RenderThread" name="/" dev="dmabuf" ino=1 scontext=u:r:platform_app:s0:c512,c768 tcontext=u:object_r:unlabeled:s0 tclass=filesystem permissive=1 app=com.mediatek.camera
12-09 16:02:28.142  2703  2703 D CapRIL  : resetProxyAndRequestList
12-09 16:02:28.144  2703  2703 E CapRIL  : getMtkRadioExCapProxy getServiceV3_0: java.util.NoSuchElementException
12-09 16:02:28.145  2703  2703 E CapRIL  : getMtkRadioExCapProxy getServiceV2_0: java.util.NoSuchElementException
12-09 16:02:28.145  2703  2703 E CapRIL  : getMtkRadioExCapProxy: is empty
12-09 16:02:28.148   832  3999 I wm_set_keyguard_shown: [0,0,0,1,setKeyguardShown]
12-09 16:02:28.175  2420  2420 I sysui_multi_action: [757,111,758,2]
12-09 16:02:28.181  4442  4442 I auditd  : type=1400 audit(0.0:1114): avc: denied { sys_ptrace } for comm="aee_aedv" capability=19 scontext=u:r:aee_aedv:s0 tcontext=u:r:aee_aedv:s0 tclass=capability permissive=1
12-09 16:02:28.199  2420  2420 I sysui_multi_action: [757,196,758,2,759,0]
12-09 16:02:28.199  2420  2420 I sysui_status_bar_state: [0,0,0,0,0,1]
12-09 16:02:28.280   832   852 I user_activity_timeout_override: -1
12-09 16:02:28.286   832   853 I input_focus: [Focus request fae5e4e com.mediatek.camera/com.mediatek.camera.CameraLauncher,reason=UpdateInputWindows]
12-09 16:02:28.308   832  2237 I input_focus: [Focus leaving 1651cd4 NotificationShade (server),reason=NOT_FOCUSABLE]
12-09 16:02:28.311   832  2237 I input_focus: [Focus entering fae5e4e com.mediatek.camera/com.mediatek.camera.CameraLauncher (server),reason=setFocusedWindow]
12-09 16:02:28.517   832  3052 I sysui_multi_action: [757,128,758,2,793,35948477,794,1328,795,35945878,796,365001,798,0,806,com.debug.loggerui,857,com.debug.loggerui.notification,858,4,947,0,1395,2,1500,35945878,1688,1,1745,2098068913]
12-09 16:02:28.517   832  3052 I notification_visibility: [0|com.debug.loggerui|365001|null|10046,0,35948477,35945878,0,0]
12-09 16:02:28.623   832  3052 I sysui_multi_action: [757,127,758,2]
12-09 16:02:28.623   832  3052 I notification_panel_hidden: 
12-09 16:02:28.649   832   853 I wm_wallpaper_surface: [0,0]
12-09 16:02:32.148  2703  2703 D CapRIL  : resetProxyAndRequestList
12-09 16:02:32.151  2703  2703 E CapRIL  : getMtkRadioExCapProxy getServiceV3_0: java.util.NoSuchElementException
12-09 16:02:32.154  2703  2703 E CapRIL  : getMtkRadioExCapProxy getServiceV2_0: java.util.NoSuchElementException
12-09 16:02:32.155  2703  2703 E CapRIL  : getMtkRadioExCapProxy: is empty
12-09 16:02:36.156  2703  2703 D CapRIL  : resetProxyAndRequestList
12-09 16:02:36.158  2703  2703 E CapRIL  : getMtkRadioExCapProxy getServiceV3_0: java.util.NoSuchElementException
12-09 16:02:36.158  2703  2703 E CapRIL  : getMtkRadioExCapProxy getServiceV2_0: java.util.NoSuchElementException
